Archive member included to satisfy reference by file (symbol)

/opt/st/stm32cubeclt_1.20.0/GNU-tools-for-STM32/bin/../lib/gcc/arm-none-eabi/13.3.1/../../../../arm-none-eabi/lib/thumb/v7e-m/nofp/libm.a(libm_a-wf_exp.o)
                              /tmp/ccbl0WJX.o (expf)
/opt/st/stm32cubeclt_1.20.0/GNU-tools-for-STM32/bin/../lib/gcc/arm-none-eabi/13.3.1/../../../../arm-none-eabi/lib/thumb/v7e-m/nofp/libm.a(libm_a-wf_log10.o)
                              /tmp/ccbl0WJX.o (log10f)
/opt/st/stm32cubeclt_1.20.0/GNU-tools-for-STM32/bin/../lib/gcc/arm-none-eabi/13.3.1/../../../../arm-none-eabi/lib/thumb/v7e-m/nofp/libm.a(libm_a-wf_pow.o)
                              /tmp/ccbl0WJX.o (powf)
/opt/st/stm32cubeclt_1.20.0/GNU-tools-for-STM32/bin/../lib/gcc/arm-none-eabi/13.3.1/../../../../arm-none-eabi/lib/thumb/v7e-m/nofp/libm.a(libm_a-sf_finite.o)
                              /opt/st/stm32cubeclt_1.20.0/GNU-tools-for-STM32/bin/../lib/gcc/arm-none-eabi/13.3.1/../../../../arm-none-eabi/lib/thumb/v7e-m/nofp/libm.a(libm_a-wf_exp.o) (finitef)
/opt/st/stm32cubeclt_1.20.0/GNU-tools-for-STM32/bin/../lib/gcc/arm-none-eabi/13.3.1/../../../../arm-none-eabi/lib/thumb/v7e-m/nofp/libm.a(libm_a-sf_nan.o)
                              /opt/st/stm32cubeclt_1.20.0/GNU-tools-for-STM32/bin/../lib/gcc/arm-none-eabi/13.3.1/../../../../arm-none-eabi/lib/thumb/v7e-m/nofp/libm.a(libm_a-wf_log10.o) (nanf)
/opt/st/stm32cubeclt_1.20.0/GNU-tools-for-STM32/bin/../lib/gcc/arm-none-eabi/13.3.1/../../../../arm-none-eabi/lib/thumb/v7e-m/nofp/libm.a(libm_a-ef_exp.o)
                              /opt/st/stm32cubeclt_1.20.0/GNU-tools-for-STM32/bin/../lib/gcc/arm-none-eabi/13.3.1/../../../../arm-none-eabi/lib/thumb/v7e-m/nofp/libm.a(libm_a-wf_exp.o) (__ieee754_expf)
/opt/st/stm32cubeclt_1.20.0/GNU-tools-for-STM32/bin/../lib/gcc/arm-none-eabi/13.3.1/../../../../arm-none-eabi/lib/thumb/v7e-m/nofp/libm.a(libm_a-ef_log10.o)
                              /opt/st/stm32cubeclt_1.20.0/GNU-tools-for-STM32/bin/../lib/gcc/arm-none-eabi/13.3.1/../../../../arm-none-eabi/lib/thumb/v7e-m/nofp/libm.a(libm_a-wf_log10.o) (__ieee754_log10f)
/opt/st/stm32cubeclt_1.20.0/GNU-tools-for-STM32/bin/../lib/gcc/arm-none-eabi/13.3.1/../../../../arm-none-eabi/lib/thumb/v7e-m/nofp/libm.a(libm_a-ef_pow.o)
                              /opt/st/stm32cubeclt_1.20.0/GNU-tools-for-STM32/bin/../lib/gcc/arm-none-eabi/13.3.1/../../../../arm-none-eabi/lib/thumb/v7e-m/nofp/libm.a(libm_a-wf_pow.o) (__ieee754_powf)
/opt/st/stm32cubeclt_1.20.0/GNU-tools-for-STM32/bin/../lib/gcc/arm-none-eabi/13.3.1/../../../../arm-none-eabi/lib/thumb/v7e-m/nofp/libm.a(libm_a-sf_fabs.o)
                              /opt/st/stm32cubeclt_1.20.0/GNU-tools-for-STM32/bin/../lib/gcc/arm-none-eabi/13.3.1/../../../../arm-none-eabi/lib/thumb/v7e-m/nofp/libm.a(libm_a-ef_pow.o) (fabsf)
/opt/st/stm32cubeclt_1.20.0/GNU-tools-for-STM32/bin/../lib/gcc/arm-none-eabi/13.3.1/../../../../arm-none-eabi/lib/thumb/v7e-m/nofp/libm.a(libm_a-sf_scalbn.o)
                              /opt/st/stm32cubeclt_1.20.0/GNU-tools-for-STM32/bin/../lib/gcc/arm-none-eabi/13.3.1/../../../../arm-none-eabi/lib/thumb/v7e-m/nofp/libm.a(libm_a-ef_pow.o) (scalbnf)
/opt/st/stm32cubeclt_1.20.0/GNU-tools-for-STM32/bin/../lib/gcc/arm-none-eabi/13.3.1/../../../../arm-none-eabi/lib/thumb/v7e-m/nofp/libm.a(libm_a-math_errf.o)
                              /opt/st/stm32cubeclt_1.20.0/GNU-tools-for-STM32/bin/../lib/gcc/arm-none-eabi/13.3.1/../../../../arm-none-eabi/lib/thumb/v7e-m/nofp/libm.a(libm_a-ef_exp.o) (__math_uflowf)
/opt/st/stm32cubeclt_1.20.0/GNU-tools-for-STM32/bin/../lib/gcc/arm-none-eabi/13.3.1/../../../../arm-none-eabi/lib/thumb/v7e-m/nofp/libm.a(libm_a-ef_sqrt.o)
                              /opt/st/stm32cubeclt_1.20.0/GNU-tools-for-STM32/bin/../lib/gcc/arm-none-eabi/13.3.1/../../../../arm-none-eabi/lib/thumb/v7e-m/nofp/libm.a(libm_a-ef_pow.o) (__ieee754_sqrtf)
/opt/st/stm32cubeclt_1.20.0/GNU-tools-for-STM32/bin/../lib/gcc/arm-none-eabi/13.3.1/../../../../arm-none-eabi/lib/thumb/v7e-m/nofp/libm.a(libm_a-ef_log.o)
                              /opt/st/stm32cubeclt_1.20.0/GNU-tools-for-STM32/bin/../lib/gcc/arm-none-eabi/13.3.1/../../../../arm-none-eabi/lib/thumb/v7e-m/nofp/libm.a(libm_a-ef_log10.o) (__ieee754_logf)
/opt/st/stm32cubeclt_1.20.0/GNU-tools-for-STM32/bin/../lib/gcc/arm-none-eabi/13.3.1/thumb/v7e-m/nofp/libgcc.a(_arm_mulsf3.o)
                              /tmp/ccbl0WJX.o (__aeabi_fmul)
/opt/st/stm32cubeclt_1.20.0/GNU-tools-for-STM32/bin/../lib/gcc/arm-none-eabi/13.3.1/thumb/v7e-m/nofp/libgcc.a(_arm_addsubsf3.o)
                              /tmp/ccbl0WJX.o (__aeabi_fsub)
/opt/st/stm32cubeclt_1.20.0/GNU-tools-for-STM32/bin/../lib/gcc/arm-none-eabi/13.3.1/thumb/v7e-m/nofp/libgcc.a(_arm_muldivsf3.o)
                              /tmp/ccbl0WJX.o (__aeabi_fdiv)
/opt/st/stm32cubeclt_1.20.0/GNU-tools-for-STM32/bin/../lib/gcc/arm-none-eabi/13.3.1/thumb/v7e-m/nofp/libgcc.a(_arm_cmpsf2.o)
[...]
Memory Configuration

Name             Origin             Length             Attributes
FLASH            0x08000000         0x00100000         xr
RAM              0x20000000         0x00018000         xrw
*default*        0x00000000         0xffffffff

Linker script and memory map

LOAD /opt/st/stm32cubeclt_1.20.0/GNU-tools-for-STM32/bin/../lib/gcc/arm-none-eabi/13.3.1/thumb/v7e-m/nofp/crti.o
LOAD /opt/st/stm32cubeclt_1.20.0/GNU-tools-for-STM32/bin/../lib/gcc/arm-none-eabi/13.3.1/thumb/v7e-m/nofp/crtbegin.o
LOAD /opt/st/stm32cubeclt_1.20.0/GNU-tools-for-STM32/bin/../lib/gcc/arm-none-eabi/13.3.1/../../../../arm-none-eabi/lib/thumb/v7e-m/nofp/crt0.o
LOAD /tmp/ccFmbB4R.o
LOAD /tmp/ccwgbWnU.o
LOAD /tmp/ccbl0WJX.o
LOAD /tmp/cc1zu1pX.o
LOAD /tmp/ccGYdpIc.o
LOAD /tmp/ccTF47QS.o
LOAD /tmp/ccPsM5Hf.o
LOAD /tmp/ccJ1WSii.o
LOAD /tmp/ccZ4jMDj.o
LOAD /tmp/cc0ZRY2t.o
LOAD /tmp/ccPJB1qJ.o
LOAD /tmp/cc2ptboY.o
LOAD /tmp/ccDyPvIP.o
LOAD /tmp/cclkS2Ji.o
LOAD /tmp/cc1BEkQG.o
LOAD /tmp/ccocgFel.o
LOAD /tmp/ccziyfZj.o
LOAD /tmp/ccPF71vP.o
LOAD /tmp/ccc8ofBX.o
LOAD /tmp/ccHG4Ymg.o
LOAD /tmp/ccQohxfT.o
LOAD /tmp/cc1A6ZYz.o
LOAD /tmp/ccz6RPGV.o
LOAD /tmp/ccTgzdNP.o
LOAD /tmp/ccIZ1qQG.o
LOAD /tmp/ccZhSoKq.o
LOAD /tmp/cc3fok5r.o
LOAD /tmp/ccQBTq1J.o
LOAD /tmp/ccJCsQPN.o
LOAD /opt/st/stm32cubeclt_1.20.0/GNU-tools-for-STM32/bin/../lib/gcc/arm-none-eabi/13.3.1/../../../../arm-none-eabi/lib/thumb/v7e-m/nofp/libm.a
START GROUP
LOAD /opt/st/stm32cubeclt_1.20.0/GNU-tools-for-STM32/bin/../lib/gcc/arm-none-eabi/13.3.1/thumb/v7e-m/nofp/libgcc.a
LOAD /opt/st/stm32cubeclt_1.20.0/GNU-tools-for-STM32/bin/../lib/gcc/arm-none-eabi/13.3.1/../../../../arm-none-eabi/lib/thumb/v7e-m/nofp/libg.a
LOAD /opt/st/stm32cubeclt_1.20.0/GNU-tools-for-STM32/bin/../lib/gcc/arm-none-eabi/13.3.1/../../../../arm-none-eabi/lib/thumb/v7e-m/nofp/libc.a
END GROUP
START GROUP
LOAD /opt/st/stm32cubeclt_1.20.0/GNU-tools-for-STM32/bin/../lib/gcc/arm-none-eabi/13.3.1/thumb/v7e-m/nofp/libgcc.a
LOAD /opt/st/stm32cubeclt_1.20.0/GNU-tools-for-STM32/bin/../lib/gcc/arm-none-eabi/13.3.1/../../../../arm-none-eabi/lib/thumb/v7e-m/nofp/libc.a
LOAD /opt/st/stm32cubeclt_1.20.0/GNU-tools-for-STM32/bin/../lib/gcc/arm-none-eabi/13.3.1/../../../../arm-none-eabi/lib/thumb/v7e-m/nofp/libnosys.a
END GROUP
LOAD /opt/st/stm32cubeclt_1.20.0/GNU-tools-for-STM32/bin/../lib/gcc/arm-none-eabi/13.3.1/thumb/v7e-m/nofp/crtend.o
LOAD /opt/st/stm32cubeclt_1.20.0/GNU-tools-for-STM32/bin/../lib/gcc/arm-none-eabi/13.3.1/thumb/v7e-m/nofp/crtn.o
                0x20018000                        _sp = (ORIGIN (RAM) + LENGTH (RAM))

.isr_vector     0x08000000      0x130
 *(.vectors)
 .vectors       0x08000000      0x130 /tmp/ccJCsQPN.o
                0x08000000                __gVectors
 *(.isr_vector)

.text           0x08000130    0xac8d4
 *(.text*)
 .text          0x08000130       0x40 /opt/st/stm32cubeclt_1.20.0/GNU-tools-for-STM32/bin/../lib/gcc/arm-none-eabi/13.3.1/thumb/v7e-m/nofp/crtbegin.o
 .text.NVIC_ClearPendingIRQ
                0x08000170       0x34 /tmp/ccFmbB4R.o
 .text.NVIC_SetPriority
                0x080001a4       0x54 /tmp/ccFmbB4R.o
 .text.SysTick_Config
                0x080001f8       0x44 /tmp/ccFmbB4R.o
 .text.main     0x0800023c       0xf8 /tmp/ccFmbB4R.o
                0x0800023c                main
 .text.DAC_MasterSwitch
                0x08000334       0x28 /tmp/ccFmbB4R.o
                0x08000334                DAC_MasterSwitch
 .text.ReadVolume
                0x0800035c       0x44 /tmp/ccFmbB4R.o
                0x0800035c                ReadVolume
 .text.WaitForTrigger
                0x080003a0       0x68 /tmp/ccFmbB4R.o
                0x080003a0                WaitForTrigger
 .text.SysTick_Handler
                0x08000408       0xac /tmp/ccFmbB4R.o
                0x08000408                SysTick_Handler
 .text.delay_ms
                0x080004b4       0x88 /tmp/ccFmbB4R.o
                0x080004b4                delay_ms
 .text.Error_Handler
                0x0800053c       0x12 /tmp/ccFmbB4R.o
                0x0800053c                Error_Handler
 *fill*         0x0800054e        0x2 
 .text.GPIO_InitPins
                0x08000550       0xcc /tmp/ccFmbB4R.o
 .text.SetupADC
                0x0800061c       0x80 /tmp/ccFmbB4R.o
                0x0800061c                SetupADC
 .text.SetupTimer2
                0x0800069c       0x60 /tmp/ccFmbB4R.o
                0x0800069c                SetupTimer2
 .text.spi_config
                0x080006fc       0x54 /tmp/ccFmbB4R.o
                0x080006fc                spi_config
 .text.SetupClocks
                0x08000750       0xa4 /tmp/ccFmbB4R.o
 .text.Enter_LP_SleepMode
                0x080007f4       0xc4 /tmp/ccFmbB4R.o
                0x080007f4                Enter_LP_SleepMode
 .text.DebuggerAttached
                0x080008b8       0x24 /tmp/ccFmbB4R.o
 .text.SetSleepSetting
                0x080008dc       0x2c /tmp/ccFmbB4R.o
                0x080008dc                SetSleepSetting
 .text.HardFault_Handler
                0x08000908        0xc /tmp/ccFmbB4R.o
                0x08000908                HardFault_Handler
 .text.EXTI5_9_IRQHandler
                0x08000914       0x3c /tmp/ccFmbB4R.o
                0x08000914                EXTI5_9_IRQHandler
 .text.ADC0_1_IRQHandler
                0x08000950       0x4c /tmp/ccFmbB4R.o
                0x08000950                ADC0_1_IRQHandler
 .text.ChimeLoop
                0x0800099c      0x4f4 /tmp/ccwgbWnU.o
                0x0800099c                ChimeLoop
 .text.GetOption
                0x08000e90       0x58 /tmp/ccwgbWnU.o
                0x08000e90                GetOption
 .text.WaitForTrigCycle
                0x08000ee8       0x14 /tmp/ccwgbWnU.o
                0x08000ee8                WaitForTrigCycle
 .text.AudioEngine_OnPlaybackEnd
                0x08000efc        0xc /tmp/ccbl0WJX.o
                0x08000efc                AudioEngine_OnPlaybackEnd
 .text.ResetFilterChannelState
                0x08000f08       0x5a /tmp/ccbl0WJX.o
 *fill*         0x08000f62        0x2 
 .text.ResetAllFilterState
                0x08000f64       0x1c /tmp/ccbl0WJX.o
 .text.GetChannelState
                0x08000f80       0x28 /tmp/ccbl0WJX.o
 .text.AudioEngine_Init
                0x08000fa8       0xf0 /tmp/ccbl0WJX.o
                0x08000fa8                AudioEngine_Init
 .text.SetFilterConfig
                0x08001098       0x7c /tmp/ccbl0WJX.o
                0x08001098                SetFilterConfig
 .text.SetSoftClippingEnable
                0x08001114       0x2c /tmp/ccbl0WJX.o
                0x08001114                SetSoftClippingEnable
 .text.SetFilterChain16BitEnable
                0x08001140       0x2c /tmp/ccbl0WJX.o
                0x08001140                SetFilterChain16BitEnable
 .text.SetLpf16BitLevel
                0x0800116c       0xac /tmp/ccbl0WJX.o
                0x0800116c                SetLpf16BitLevel
 .text.FadeTimeToSamples
                0x08001218       0x78 /tmp/ccbl0WJX.o
 .text.SetFadeInTime
                0x08001290       0x2c /tmp/ccbl0WJX.o
                0x08001290                SetFadeInTime
 .text.SetFadeOutTime
                0x080012bc       0x2c /tmp/ccbl0WJX.o
                0x080012bc                SetFadeOutTime
 .text.SetPauseFadeTime
                0x080012e8       0x2c /tmp/ccbl0WJX.o
                0x080012e8                SetPauseFadeTime
 .text.SetResumeFadeTime
                0x08001314       0x2c /tmp/ccbl0WJX.o
                0x08001314                SetResumeFadeTime
 .text.Apply8BitDithering
                0x08001340       0x7c /tmp/ccbl0WJX.o
 .text.ApplyFadeOut
                0x080013bc      0x168 /tmp/ccbl0WJX.o
 .text.ApplyNoiseGate
                0x08001524       0x48 /tmp/ccbl0WJX.o
 .text.WarmupBiquadFilter16Bit
                0x0800156c       0x7c /tmp/ccbl0WJX.o
 .text.ComputeSoftClipCurve
                0x080015e8      0x12a /tmp/ccbl0WJX.o
 *fill*         0x08001712        0x2 
 .text.ApplyDCFilterWithAlpha
                0x08001714       0xf0 /tmp/ccbl0WJX.o
 .text.ApplyDCBlockingFilter
                0x08001804       0x28 /tmp/ccbl0WJX.o
 .text.ApplySoftDCFilter16Bit
                0x0800182c       0x28 /tmp/ccbl0WJX.o
 .text.ResetPlaybackState
                0x08001854       0xb4 /tmp/ccbl0WJX.o
 .text.PrepareForNewPlayback
                0x08001908       0x4c /tmp/ccbl0WJX.o
 .text.SetDAC_Control
                0x08001954       0x20 /tmp/ccbl0WJX.o
                0x08001954                SetDAC_Control
 .text.RecalculateFadeSamples
                0x08001974       0x68 /tmp/ccbl0WJX.o
 .text.EndPlaybackCleanup
                0x080019dc       0x5c /tmp/ccbl0WJX.o
 .text.StopDmaAndResetPlaybackState
                0x08001a38       0x3c /tmp/ccbl0WJX.o
 .text.RetireCompletedDmaHalf
                0x08001a74       0x68 /tmp/ccbl0WJX.o
 .text.StopImmediate
                0x08001adc       0x5c /tmp/ccbl0WJX.o
 .text.ProcessDMACallback
                0x08001b38      0x1f4 /tmp/ccbl0WJX.o
 .text.DMA0_Channel4_IRQHandler
                0x08001d2c       0x48 /tmp/ccbl0WJX.o
                0x08001d2c                DMA0_Channel4_IRQHandler
 .text.AdvanceSamplePointer
                0x08001d74       0x80 /tmp/ccbl0WJX.o
                0x08001d74                AdvanceSamplePointer
 .text.ProcessNextWaveChunk
                0x08001df4      0x1c0 /tmp/ccbl0WJX.o
                0x08001df4                ProcessNextWaveChunk
 .text.ProcessNextWaveChunk_8_bit
                0x08001fb4      0x1e0 /tmp/ccbl0WJX.o
                0x08001fb4                ProcessNextWaveChunk_8_bit
 .text.PlaySample
                0x08002194      0x278 /tmp/ccbl0WJX.o
                0x08002194                PlaySample
 .text.WaitForSampleEnd
                0x0800240c       0x58 /tmp/ccbl0WJX.o
                0x0800240c                WaitForSampleEnd
 .text.StopPlayback
                0x08002464       0x30 /tmp/ccbl0WJX.o
                0x08002464                StopPlayback
 .text.ApplyVolumeResponseCurve
                0x08002494       0x7c /tmp/ccbl0WJX.o
 .text.ApplyVolumeSetting
                0x08002510       0x68 /tmp/ccbl0WJX.o
 .text.ShutDownAudio
                0x08002578       0x44 /tmp/ccbl0WJX.o
                0x08002578                ShutDownAudio
 .text.GetLpf8BitAlpha
                0x080025bc       0x6c /tmp/ccbl0WJX.o
 .text.SetVolumeResponseNonlinear
                0x08002628       0x2c /tmp/ccbl0WJX.o
                0x08002628                SetVolumeResponseNonlinear
 .text.SetVolumeResponseGamma
                0x08002654       0x48 /tmp/ccbl0WJX.o
                0x08002654                SetVolumeResponseGamma
 .text.dma_config
                0x0800269c       0x7c /tmp/ccbl0WJX.o
                0x0800269c                dma_config
 .text._soft_delay_
                0x08002718       0x32 /tmp/cc1zu1pX.o
 *fill*         0x0800274a        0x2 
 .text.SystemInit
                0x0800274c      0x154 /tmp/cc1zu1pX.o
                0x0800274c                SystemInit
 .text.system_clock_config
                0x080028a0        0xc /tmp/cc1zu1pX.o
 .text.system_clock_120m_hxtal
                0x080028ac      0x150 /tmp/cc1zu1pX.o
 .text.SystemCoreClockUpdate
                0x080029fc      0x144 /tmp/cc1zu1pX.o
                0x080029fc                SystemCoreClockUpdate
 .text.adc_deinit
                0x08002b40       0x78 /tmp/ccGYdpIc.o
                0x08002b40                adc_deinit
 .text.adc_enable
                0x08002bb8       0x30 /tmp/ccGYdpIc.o
                0x08002bb8                adc_enable
 .text.adc_calibration_enable
                0x08002be8       0x54 /tmp/ccGYdpIc.o
                0x08002be8                adc_calibration_enable
 .text.adc_special_function_config
                0x08002c3c       0xbc /tmp/ccGYdpIc.o
                0x08002c3c                adc_special_function_config
 .text.adc_data_alignment_config
                0x08002cf8       0x3c /tmp/ccGYdpIc.o
                0x08002cf8                adc_data_alignment_config
 .text.adc_routine_channel_config
                0x08002d34      0x178 /tmp/ccGYdpIc.o
                0x08002d34                adc_routine_channel_config
 .text.adc_external_trigger_config
                0x08002eac       0x8a /tmp/ccGYdpIc.o
                0x08002eac                adc_external_trigger_config
 .text.adc_external_trigger_source_config
                0x08002f36       0x6c /tmp/ccGYdpIc.o
                0x08002f36                adc_external_trigger_source_config
 .text.adc_software_trigger_enable
                0x08002fa2       0x4a /tmp/ccGYdpIc.o
                0x08002fa2                adc_software_trigger_enable
 .text.adc_routine_data_read
                0x08002fec       0x1a /tmp/ccGYdpIc.o
                0x08002fec                adc_routine_data_read
 .text.adc_interrupt_enable
                0x08003006       0x62 /tmp/ccGYdpIc.o
                0x08003006                adc_interrupt_enable
 .text.dbg_low_power_enable
                0x08003068       0x24 /tmp/ccPJB1qJ.o
                0x08003068                dbg_low_power_enable
 .text.dma_deinit
                0x0800308c       0xce /tmp/cc2ptboY.o
                0x0800308c                dma_deinit
 .text.dma_init
                0x0800315a      0x1f8 /tmp/cc2ptboY.o
                0x0800315a                dma_init
 .text.dma_circulation_enable
                0x08003352       0x56 /tmp/cc2ptboY.o
                0x08003352                dma_circulation_enable
 .text.dma_memory_to_memory_disable
                0x080033a8       0x56 /tmp/cc2ptboY.o
                0x080033a8                dma_memory_to_memory_disable
 .text.dma_channel_enable
                0x080033fe       0x56 /tmp/cc2ptboY.o
                0x080033fe                dma_channel_enable
 .text.dma_flag_get
                0x08003454       0x38 /tmp/cc2ptboY.o
                0x08003454                dma_flag_get
 .text.dma_interrupt_flag_clear
                0x0800348c       0x30 /tmp/cc2ptboY.o
                0x0800348c                dma_interrupt_flag_clear
 .text.dma_interrupt_enable
                0x080034bc       0x58 /tmp/cc2ptboY.o
                0x080034bc                dma_interrupt_enable
 .text.dma_interrupt_disable
                0x08003514       0x5c /tmp/cc2ptboY.o
                0x08003514                dma_interrupt_disable
 .text.dma_periph_and_channel_check
                0x08003570       0x34 /tmp/cc2ptboY.o
 .text.exti_init
                0x080035a4       0xf4 /tmp/cc1BEkQG.o
                0x080035a4                exti_init
 .text.exti_interrupt_enable
                0x08003698       0x24 /tmp/cc1BEkQG.o
                0x08003698                exti_interrupt_enable
 .text.exti_interrupt_flag_clear
                0x080036bc       0x1c /tmp/cc1BEkQG.o
                0x080036bc                exti_interrupt_flag_clear
 .text.fmc_wscnt_set
                0x080036d8       0x30 /tmp/ccocgFel.o
                0x080036d8                fmc_wscnt_set
 .text.gpio_init
                0x08003708      0x168 /tmp/ccPF71vP.o
                0x08003708                gpio_init
 .text.gpio_bit_write
                0x08003870       0x34 /tmp/ccPF71vP.o
                0x08003870                gpio_bit_write
 .text.gpio_input_bit_get
                0x080038a4       0x2e /tmp/ccPF71vP.o
                0x080038a4                gpio_input_bit_get
 *fill*         0x080038d2        0x2 
 .text.gpio_pin_remap_config
                0x080038d4       0xe4 /tmp/ccPF71vP.o
                0x080038d4                gpio_pin_remap_config
 .text.gpio_exti_source_select
                0x080039b8       0xf0 /tmp/ccPF71vP.o
                0x080039b8                gpio_exti_source_select
 .text.gpio_pin_lock
                0x08003aa8       0x50 /tmp/ccPF71vP.o
                0x08003aa8                gpio_pin_lock
 .text.NVIC_GetPriorityGrouping
                0x08003af8       0x1c /tmp/ccHG4Ymg.o
 .text.NVIC_EnableIRQ
                0x08003b14       0x30 /tmp/ccHG4Ymg.o
 .text.NVIC_DisableIRQ
                0x08003b44       0x34 /tmp/ccHG4Ymg.o
 .text.NVIC_SetPriority
                0x08003b78       0x54 /tmp/ccHG4Ymg.o
 .text.NVIC_EncodePriority
                0x08003bcc       0x64 /tmp/ccHG4Ymg.o
 .text.nvic_priority_group_set
                0x08003c30       0x24 /tmp/ccHG4Ymg.o
                0x08003c30                nvic_priority_group_set
 .text.nvic_irq_enable
                0x08003c54       0x8c /tmp/ccHG4Ymg.o
                0x08003c54                nvic_irq_enable
 .text.nvic_irq_disable
                0x08003ce0       0x1c /tmp/ccHG4Ymg.o
                0x08003ce0                nvic_irq_disable
 .text.pmu_to_deepsleepmode
                0x08003cfc      0x124 /tmp/ccQohxfT.o
                0x08003cfc                pmu_to_deepsleepmode
 .text.rcu_periph_clock_enable
                0x08003e20       0x44 /tmp/cc1A6ZYz.o
                0x08003e20                rcu_periph_clock_enable
 .text.rcu_periph_reset_enable
                0x08003e64       0x44 /tmp/cc1A6ZYz.o
                0x08003e64                rcu_periph_reset_enable
 .text.rcu_periph_reset_disable
                0x08003ea8       0x48 /tmp/cc1A6ZYz.o
                0x08003ea8                rcu_periph_reset_disable
 .text.rcu_system_clock_source_config
                0x08003ef0       0x30 /tmp/cc1A6ZYz.o
                0x08003ef0                rcu_system_clock_source_config
 .text.rcu_ahb_clock_config
                0x08003f20       0x30 /tmp/cc1A6ZYz.o
                0x08003f20                rcu_ahb_clock_config
 .text.rcu_pll_config
                0x08003f50       0x40 /tmp/cc1A6ZYz.o
                0x08003f50                rcu_pll_config
 .text.rcu_adc_clock_config
                0x08003f90       0xc4 /tmp/cc1A6ZYz.o
                0x08003f90                rcu_adc_clock_config
 .text.rcu_osci_stab_wait
                0x08004054      0x1bc /tmp/cc1A6ZYz.o
                0x08004054                rcu_osci_stab_wait
 .text.rcu_osci_on
                0x08004210       0x44 /tmp/cc1A6ZYz.o
                0x08004210                rcu_osci_on
 .text.rcu_osci_off
                0x08004254       0x48 /tmp/cc1A6ZYz.o
                0x08004254                rcu_osci_off
 .text.rcu_clock_freq_get
                0x0800429c      0x1e4 /tmp/cc1A6ZYz.o
                0x0800429c                rcu_clock_freq_get
 .text.rcu_flag_get
                0x08004480       0x46 /tmp/cc1A6ZYz.o
                0x08004480                rcu_flag_get
 *fill*         0x080044c6        0x2 
 .text.spi_i2s_deinit
                0x080044c8       0x78 /tmp/ccIZ1qQG.o
                0x080044c8                spi_i2s_deinit
 .text.spi_enable
                0x08004540       0x1e /tmp/ccIZ1qQG.o
                0x08004540                spi_enable
 .text.i2s_init
                0x0800455e       0x58 /tmp/ccIZ1qQG.o
                0x0800455e                i2s_init
 *fill*         0x080045b6        0x2 
 .text.i2s_psc_config
                0x080045b8      0x108 /tmp/ccIZ1qQG.o
                0x080045b8                i2s_psc_config
 .text.i2s_enable
                0x080046c0       0x22 /tmp/ccIZ1qQG.o
                0x080046c0                i2s_enable
 .text.i2s_disable
                0x080046e2       0x22 /tmp/ccIZ1qQG.o
                0x080046e2                i2s_disable
 .text.spi_dma_enable
                0x08004704       0x3e /tmp/ccIZ1qQG.o
                0x08004704                spi_dma_enable
 .text.spi_dma_disable
                0x08004742       0x3e /tmp/ccIZ1qQG.o
                0x08004742                spi_dma_disable
 .text.spi_i2s_data_frame_format_config
                0x08004780       0x2e /tmp/ccIZ1qQG.o
                0x08004780                spi_i2s_data_frame_format_config
 *fill*         0x080047ae        0x2 
 .text.timer_deinit
                0x080047b0      0x23c /tmp/ccZhSoKq.o
                0x080047b0                timer_deinit
 .text.timer_init
                0x080049ec       0xf8 /tmp/ccZhSoKq.o
                0x080049ec                timer_init
 .text.timer_enable
                0x08004ae4       0x1e /tmp/ccZhSoKq.o
                0x08004ae4                timer_enable
 .text.timer_update_event_enable
                0x08004b02       0x1e /tmp/ccZhSoKq.o
                0x08004b02                timer_update_event_enable
 .text.timer_master_output_trigger_source_select
                0x08004b20       0x36 /tmp/ccZhSoKq.o
                0x08004b20                timer_master_output_trigger_source_select
 .text.timer_master_slave_mode_config
                0x08004b56       0x42 /tmp/ccZhSoKq.o
                0x08004b56                timer_master_slave_mode_config
 .text.Reset_Handler
                0x08004b98       0x48 /tmp/ccJCsQPN.o
                0x08004b98                Reset_Handler
 .text.Default_Handler
                0x08004be0        0x2 /tmp/ccJCsQPN.o
                0x08004be0                RTC_Alarm_IRQHandler
                0x08004be0                EXTI2_IRQHandler
                0x08004be0                TIMER2_IRQHandler
                0x08004be0                TIMER5_IRQHandler
                0x08004be0                DebugMon_Handler
                0x08004be0                LVD_IRQHandler
                0x08004be0                TIMER7_UP_TIMER12_IRQHandler
                0x08004be0                SDIO_IRQHandler
                0x08004be0                PendSV_Handler
                0x08004be0                NMI_Handler
                0x08004be0                EXTI3_IRQHandler
                0x08004be0                TIMER0_TRG_CMT_TIMER10_IRQHandler
                0x08004be0                TIMER3_IRQHandler
                0x08004be0                DMA0_Channel6_IRQHandler
                0x08004be0                I2C0_EV_IRQHandler
                0x08004be0                EXTI0_IRQHandler
                0x08004be0                TIMER7_TRG_CMT_TIMER13_IRQHandler
                0x08004be0                UsageFault_Handler
                0x08004be0                TIMER4_IRQHandler
                0x08004be0                SPI1_IRQHandler
                0x08004be0                DMA0_Channel0_IRQHandler
                0x08004be0                TAMPER_IRQHandler
                0x08004be0                TIMER0_BRK_TIMER8_IRQHandler
                0x08004be0                DMA1_Channel0_IRQHandler
                0x08004be0                TIMER7_BRK_TIMER11_IRQHandler
                0x08004be0                TIMER6_IRQHandler
                0x08004be0                DMA0_Channel3_IRQHandler
                0x08004be0                I2C0_ER_IRQHandler
                0x08004be0                TIMER0_UP_TIMER9_IRQHandler
                0x08004be0                RTC_IRQHandler
                0x08004be0                DMA0_Channel2_IRQHandler
                0x08004be0                USART0_IRQHandler
                0x08004be0                TIMER1_IRQHandler
                0x08004be0                I2C1_EV_IRQHandler
                0x08004be0                UART4_IRQHandler
                0x08004be0                EXTI10_15_IRQHandler
                0x08004be0                DMA1_Channel1_IRQHandler
                0x08004be0                Default_Handler
                0x08004be0                TIMER7_Channel_IRQHandler
                0x08004be0                WWDGT_IRQHandler
                0x08004be0                EXMC_IRQHandler
                0x08004be0                ADC2_IRQHandler
                0x08004be0                SPI2_IRQHandler
                0x08004be0                MemManage_Handler
                0x08004be0                USBD_WKUP_IRQHandler
                0x08004be0                SVC_Handler
                0x08004be0                RCU_CTC_IRQHandler
                0x08004be0                EXTI4_IRQHandler
                0x08004be0                USBD_HP_CAN0_TX_IRQHandler
                0x08004be0                CAN0_RX1_IRQHandler
                0x08004be0                DMA0_Channel5_IRQHandler
                0x08004be0                DMA0_Channel1_IRQHandler
                0x08004be0                TIMER0_Channel_IRQHandler
                0x08004be0                EXTI1_IRQHandler
                0x08004be0                SPI0_IRQHandler
                0x08004be0                DMA1_Channel3_4_IRQHandler
                0x08004be0                USART2_IRQHandler
                0x08004be0                CAN0_EWMC_IRQHandler
                0x08004be0                DMA1_Channel2_IRQHandler
                0x08004be0                USBD_LP_CAN0_RX0_IRQHandler
                0x08004be0                BusFault_Handler
                0x08004be0                USART1_IRQHandler
                0x08004be0                UART3_IRQHandler
                0x08004be0                I2C1_ER_IRQHandler
                0x08004be0                FMC_IRQHandler
 .text.powf     0x08004be2       0x9a /opt/st/stm32cubeclt_1.20.0/GNU-tools-for-STM32/bin/../lib/gcc/arm-none-eabi/13.3.1/../../../../arm-none-eabi/lib/thumb/v7e-m/nofp/libm.a(libm_a-wf_pow.o)
                0x08004be2                powf
 .text.finitef  0x08004c7c       0x10 /opt/st/stm32cubeclt_1.20.0/GNU-tools-for-STM32/bin/../lib/gcc/arm-none-eabi/13.3.1/../../../../arm-none-eabi/lib/thumb/v7e-m/nofp/libm.a(libm_a-sf_finite.o)
                0x08004c7c                finitef
 .text.__ieee754_powf
                0x08004c8c      0x6c0 /opt/st/stm32cubeclt_1.20.0/GNU-tools-for-STM32/bin/../lib/gcc/arm-none-eabi/13.3.1/../../../../arm-none-eabi/lib/thumb/v7e-m/nofp/libm.a(libm_a-ef_pow.o)
                0x08004c8c                __ieee754_powf
 .text.fabsf    0x0800534c        0x6 /opt/st/stm32cubeclt_1.20.0/GNU-tools-for-STM32/bin/../lib/gcc/arm-none-eabi/13.3.1/../../../../arm-none-eabi/lib/thumb/v7e-m/nofp/libm.a(libm_a-sf_fabs.o)
                0x0800534c                fabsf
 *fill*         0x08005352        0x2 
 .text.scalbnf  0x08005354       0x98 /opt/st/stm32cubeclt_1.20.0/GNU-tools-for-STM32/bin/../lib/gcc/arm-none-eabi/13.3.1/../../../../arm-none-eabi/lib/thumb/v7e-m/nofp/libm.a(libm_a-sf_scalbn.o)
                0x08005354                scalbnf
 .text.with_errnof
                0x080053ec       0x10 /opt/st/stm32cubeclt_1.20.0/GNU-tools-for-STM32/bin/../lib/gcc/arm-none-eabi/13.3.1/../../../../arm-none-eabi/lib/thumb/v7e-m/nofp/libm.a(libm_a-math_errf.o)
 .text.xflowf   0x080053fc       0x1a /opt/st/stm32cubeclt_1.20.0/GNU-tools-for-STM32/bin/../lib/gcc/arm-none-eabi/13.3.1/../../../../arm-none-eabi/lib/thumb/v7e-m/nofp/libm.a(libm_a-math_errf.o)
 .text.__math_uflowf
                0x08005416        0x8 /opt/st/stm32cubeclt_1.20.0/GNU-tools-for-STM32/bin/../lib/gcc/arm-none-eabi/13.3.1/../../../../arm-none-eabi/lib/thumb/v7e-m/nofp/libm.a(libm_a-math_errf.o)
                0x08005416                __math_uflowf
 .text.__math_oflowf
                0x0800541e        0x8 /opt/st/stm32cubeclt_1.20.0/GNU-tools-for-STM32/bin/../lib/gcc/arm-none-eabi/13.3.1/../../../../arm-none-eabi/lib/thumb/v7e-m/nofp/libm.a(libm_a-math_errf.o)
                0x0800541e                __math_oflowf
 *fill*         0x08005426        0x2 
 .text.__ieee754_sqrtf
                0x08005428       0xe0 /opt/st/stm32cubeclt_1.20.0/GNU-tools-for-STM32/bin/../lib/gcc/arm-none-eabi/13.3.1/../../../../arm-none-eabi/lib/thumb/v7e-m/nofp/libm.a(libm_a-ef_sqrt.o)
                0x08005428                __ieee754_sqrtf
 .text          0x08005508      0x21c /opt/st/stm32cubeclt_1.20.0/GNU-tools-for-STM32/bin/../lib/gcc/arm-none-eabi/13.3.1/thumb/v7e-m/nofp/libgcc.a(_arm_addsubsf3.o)
                0x08005508                __aeabi_frsub
                0x08005510                __subsf3
                0x08005510                __aeabi_fsub
                0x08005514                __aeabi_fadd
                0x08005514                __addsf3
                0x08005674                __aeabi_ui2f
                0x08005674                __floatunsisf
                0x0800567c                __aeabi_i2f
                0x0800567c                __floatsisf
                0x08005698                __floatundisf
                0x08005698                __aeabi_ul2f
                0x080056a8                __floatdisf
                0x080056a8                __aeabi_l2f
 .text          0x08005724      0x2a0 /opt/st/stm32cubeclt_1.20.0/GNU-tools-for-STM32/bin/../lib/gcc/arm-none-eabi/13.3.1/thumb/v7e-m/nofp/libgcc.a(_arm_muldivsf3.o)
                0x08005724                __mulsf3
                0x08005724                __aeabi_fmul
                0x0800588c                __divsf3
                0x0800588c                __aeabi_fdiv
 .text          0x080059c4       0xec /opt/st/stm32cubeclt_1.20.0/GNU-tools-for-STM32/bin/../lib/gcc/arm-none-eabi/13.3.1/thumb/v7e-m/nofp/libgcc.a(_arm_cmpsf2.o)
                0x080059c4                __gtsf2
                0x080059c4                __gesf2
                0x080059cc                __lesf2
                0x080059cc                __ltsf2
                0x080059d4                __nesf2
                0x080059d4                __eqsf2
                0x080059d4                __cmpsf2
                0x08005a34                __aeabi_cfrcmple
                0x08005a3c                __aeabi_cfcmple
                0x08005a3c                __aeabi_cfcmpeq
                0x08005a4c                __aeabi_fcmpeq
                0x08005a60                __aeabi_fcmplt
                0x08005a74                __aeabi_fcmple
                0x08005a88                __aeabi_fcmpge
                0x08005a9c                __aeabi_fcmpgt
 .text          0x08005ab0       0x2c /opt/st/stm32cubeclt_1.20.0/GNU-tools-for-STM32/bin/../lib/gcc/arm-none-eabi/13.3.1/thumb/v7e-m/nofp/libgcc.a(_arm_unordsf2.o)
                0x08005ab0                __aeabi_fcmpun
                0x08005ab0                __unordsf2
 .text          0x08005adc       0x40 /opt/st/stm32cubeclt_1.20.0/GNU-tools-for-STM32/bin/../lib/gcc/arm-none-eabi/13.3.1/thumb/v7e-m/nofp/libgcc.a(_arm_fixunssfsi.o)
                0x08005adc                __aeabi_f2uiz
                0x08005adc                __fixunssfsi
 .text          0x08005b1c       0xa0 /opt/st/stm32cubeclt_1.20.0/GNU-tools-for-STM32/bin/../lib/gcc/arm-none-eabi/13.3.1/thumb/v7e-m/nofp/libgcc.a(_aeabi_ldivmod.o)
                0x08005b1c                __aeabi_ldivmod
 .text          0x08005bbc      0x2f8 /opt/st/stm32cubeclt_1.20.0/GNU-tools-for-STM32/bin/../lib/gcc/arm-none-eabi/13.3.1/thumb/v7e-m/nofp/libgcc.a(_udivmoddi4.o)
                0x08005bbc                __udivmoddi4
 .text          0x08005eb4        0x4 /opt/st/stm32cubeclt_1.20.0/GNU-tools-for-STM32/bin/../lib/gcc/arm-none-eabi/13.3.1/thumb/v7e-m/nofp/libgcc.a(_dvmd_tls.o)
                0x08005eb4                __aeabi_ldiv0
                0x08005eb4                __aeabi_idiv0
 .text.memset   0x08005eb8       0x10 /opt/st/stm32cubeclt_1.20.0/GNU-tools-for-STM32/bin/../lib/gcc/arm-none-eabi/13.3.1/../../../../arm-none-eabi/lib/thumb/v7e-m/nofp/libg.a(libc_a-memset.o)
                0x08005eb8                memset
 .text.__errno  0x08005ec8        0xc /opt/st/stm32cubeclt_1.20.0/GNU-tools-for-STM32/bin/../lib/gcc/arm-none-eabi/13.3.1/../../../../arm-none-eabi/lib/thumb/v7e-m/nofp/libg.a(libc_a-errno.o)
                0x08005ec8                __errno
 .text.__libc_init_array
                0x08005ed4       0x48 /opt/st/stm32cubeclt_1.20.0/GNU-tools-for-STM32/bin/../lib/gcc/arm-none-eabi/13.3.1/../../../../arm-none-eabi/lib/thumb/v7e-m/nofp/libg.a(libc_a-init.o)
                0x08005ed4                __libc_init_array
 .text.__retarget_lock_acquire_recursive
                0x08005f1c        0x2 /opt/st/stm32cubeclt_1.20.0/GNU-tools-for-STM32/bin/../lib/gcc/arm-none-eabi/13.3.1/../../../../arm-none-eabi/lib/thumb/v7e-m/nofp/libg.a(libc_a-lock.o)
                0x08005f1c                __retarget_lock_acquire_recursive
 .text.__retarget_lock_release_recursive
                0x08005f1e        0x2 /opt/st/stm32cubeclt_1.20.0/GNU-tools-for-STM32/bin/../lib/gcc/arm-none-eabi/13.3.1/../../../../arm-none-eabi/lib/thumb/v7e-m/nofp/libg.a(libc_a-lock.o)
                0x08005f1e                __retarget_lock_release_recursive
 .text.startup.register_fini
                0x08005f20       0x14 /opt/st/stm32cubeclt_1.20.0/GNU-tools-for-STM32/bin/../lib/gcc/arm-none-eabi/13.3.1/../../../../arm-none-eabi/lib/thumb/v7e-m/nofp/libg.a(libc_a-__call_atexit.o)
 .text.atexit   0x08005f34        0xc /opt/st/stm32cubeclt_1.20.0/GNU-tools-for-STM32/bin/../lib/gcc/arm-none-eabi/13.3.1/../../../../arm-none-eabi/lib/thumb/v7e-m/nofp/libg.a(libc_a-atexit.o)
                0x08005f34                atexit
 .text.__libc_fini_array
                0x08005f40       0x28 /opt/st/stm32cubeclt_1.20.0/GNU-tools-for-STM32/bin/../lib/gcc/arm-none-eabi/13.3.1/../../../../arm-none-eabi/lib/thumb/v7e-m/nofp/libg.a(libc_a-fini.o)
                0x08005f40                __libc_fini_array
 .text.__register_exitproc
                0x08005f68       0x80 /opt/st/stm32cubeclt_1.20.0/GNU-tools-for-STM32/bin/../lib/gcc/arm-none-eabi/13.3.1/../../../../arm-none-eabi/lib/thumb/v7e-m/nofp/libg.a(libc_a-__atexit.o)
                0x08005f68                __register_exitproc
 *(.rodata*)
 .rodata.dalby_tt_low44k16b1c
                0x08005fe8    0x44dfe /tmp/ccwgbWnU.o
                0x08005fe8                dalby_tt_low44k16b1c
 *fill*         0x0804ade6        0x2 
 .rodata.pmtd16k16b1c
                0x0804ade8     0xa99a /tmp/ccwgbWnU.o
                0x0804ade8                pmtd16k16b1c
 *fill*         0x08055782        0x2 
 .rodata.do16k16b1c
                0x08055784     0xa76a /tmp/ccwgbWnU.o
                0x08055784                do16k16b1c
 *fill*         0x0805feee        0x2 
 .rodata.dc16k16b1c
                0x0805fef0     0xad3c /tmp/ccwgbWnU.o
                0x0805fef0                dc16k16b1c
 .rodata.door_opening16k16b1c
                0x0806ac2c     0x9796 /tmp/ccwgbWnU.o
                0x0806ac2c                door_opening16k16b1c
 *fill*         0x080743c2        0x2 
 .rodata.door_closing16k16b1c
                0x080743c4     0xa35a /tmp/ccwgbWnU.o
                0x080743c4                door_closing16k16b1c
 *fill*         0x0807e71e        0x2 
 .rodata.ground_floor16k16b1c
                0x0807e720     0x7302 /tmp/ccwgbWnU.o
                0x0807e720                ground_floor16k16b1c
 *fill*         0x08085a22        0x2 
 .rodata.first_floor16k16b1c
                0x08085a24     0x7530 /tmp/ccwgbWnU.o
                0x08085a24                first_floor16k16b1c
 .rodata.second_floor16k16b1c
                0x0808cf54     0x7874 /tmp/ccwgbWnU.o
                0x0808cf54                second_floor16k16b1c
 .rodata.third_floor16k16b1c
                0x080947c8     0x741a /tmp/ccwgbWnU.o
                0x080947c8                third_floor16k16b1c
 *fill*         0x0809bbe2        0x2 
 .rodata.top_floor16k16b1c
                0x0809bbe4     0x6422 /tmp/ccwgbWnU.o
                0x0809bbe4                top_floor16k16b1c
 *fill*         0x080a2006        0x2 
 .rodata.lift_oos16k16b1c
                0x080a2008     0xa99a /tmp/ccwgbWnU.o
                0x080a2008                lift_oos16k16b1c
 *fill*         0x080ac9a2        0x2 
 .rodata        0x080ac9a4       0x10 /tmp/cc1zu1pX.o
 .rodata        0x080ac9b4       0x18 /tmp/cc1A6ZYz.o
 .rodata.dp_l   0x080ac9cc        0x8 /opt/st/stm32cubeclt_1.20.0/GNU-tools-for-STM32/bin/../lib/gcc/arm-none-eabi/13.3.1/../../../../arm-none-eabi/lib/thumb/v7e-m/nofp/libm.a(libm_a-ef_pow.o)
 .rodata.dp_h   0x080ac9d4        0x8 /opt/st/stm32cubeclt_1.20.0/GNU-tools-for-STM32/bin/../lib/gcc/arm-none-eabi/13.3.1/../../../../arm-none-eabi/lib/thumb/v7e-m/nofp/libm.a(libm_a-ef_pow.o)
 .rodata.bp     0x080ac9dc        0x8 /opt/st/stm32cubeclt_1.20.0/GNU-tools-for-STM32/bin/../lib/gcc/arm-none-eabi/13.3.1/../../../../arm-none-eabi/lib/thumb/v7e-m/nofp/libm.a(libm_a-ef_pow.o)
 .rodata.tiny   0x080ac9e4        0x4 /opt/st/stm32cubeclt_1.20.0/GNU-tools-for-STM32/bin/../lib/gcc/arm-none-eabi/13.3.1/../../../../arm-none-eabi/lib/thumb/v7e-m/nofp/libm.a(libm_a-ef_sqrt.o)
 .rodata.one    0x080ac9e8        0x4 /opt/st/stm32cubeclt_1.20.0/GNU-tools-for-STM32/bin/../lib/gcc/arm-none-eabi/13.3.1/../../../../arm-none-eabi/lib/thumb/v7e-m/nofp/libm.a(libm_a-ef_sqrt.o)
 *(.glue_7)
 .glue_7        0x080ac9ec        0x0 linker stubs
 *(.glue_7t)
 .glue_7t       0x080ac9ec        0x0 linker stubs
 *(.eh_frame)
 .eh_frame      0x080ac9ec        0x0 /opt/st/stm32cubeclt_1.20.0/GNU-tools-for-STM32/bin/../lib/gcc/arm-none-eabi/13.3.1/thumb/v7e-m/nofp/crtbegin.o
 *(.init)
 .init          0x080ac9ec        0x4 /opt/st/stm32cubeclt_1.20.0/GNU-tools-for-STM32/bin/../lib/gcc/arm-none-eabi/13.3.1/thumb/v7e-m/nofp/crti.o
                0x080ac9ec                _init
 .init          0x080ac9f0        0x8 /opt/st/stm32cubeclt_1.20.0/GNU-tools-for-STM32/bin/../lib/gcc/arm-none-eabi/13.3.1/thumb/v7e-m/nofp/crtn.o
 *(.fini)
 .fini          0x080ac9f8        0x4 /opt/st/stm32cubeclt_1.20.0/GNU-tools-for-STM32/bin/../lib/gcc/arm-none-eabi/13.3.1/thumb/v7e-m/nofp/crti.o
                0x080ac9f8                _fini
 .fini          0x080ac9fc        0x8 /opt/st/stm32cubeclt_1.20.0/GNU-tools-for-STM32/bin/../lib/gcc/arm-none-eabi/13.3.1/thumb/v7e-m/nofp/crtn.o
                0x080aca04                        _etext = .

.vfp11_veneer   0x080aca04        0x0
 .vfp11_veneer  0x080aca04        0x0 linker stubs

.v4_bx          0x080aca04        0x0
 .v4_bx         0x080aca04        0x0 linker stubs

.iplt           0x080aca04        0x0
 .iplt          0x080aca04        0x0 /opt/st/stm32cubeclt_1.20.0/GNU-tools-for-STM32/bin/../lib/gcc/arm-none-eabi/13.3.1/thumb/v7e-m/nofp/crtbegin.o

.fast           0x080aca04      0xaf8
 .fast          0x080aca04      0xaf8 /tmp/ccbl0WJX.o

.ARM.exidx      0x080ad4fc        0x8
 *(.ARM.exidx*)
 .ARM.exidx     0x080ad4fc        0x8 /opt/st/stm32cubeclt_1.20.0/GNU-tools-for-STM32/bin/../lib/gcc/arm-none-eabi/13.3.1/thumb/v7e-m/nofp/libgcc.a(_udivmoddi4.o)
 *(.gnu.linkonce.armexidx.*)

.rel.dyn        0x080ad504        0x0
 .rel.iplt      0x080ad504        0x0 /opt/st/stm32cubeclt_1.20.0/GNU-tools-for-STM32/bin/../lib/gcc/arm-none-eabi/13.3.1/thumb/v7e-m/nofp/crtbegin.o

.preinit_array  0x080ad504        0x0
                0x080ad504                        PROVIDE (__preinit_array_start = .)
 *(.preinit_array*)
                0x080ad504                        PROVIDE (__preinit_array_end = .)

.init_array     0x080ad504        0x8
                0x080ad504                        PROVIDE (__init_array_start = .)
 *(SORT_BY_NAME(.init_array.*))
 .init_array.00000
                0x080ad504        0x4 /opt/st/stm32cubeclt_1.20.0/GNU-tools-for-STM32/bin/../lib/gcc/arm-none-eabi/13.3.1/../../../../arm-none-eabi/lib/thumb/v7e-m/nofp/libg.a(libc_a-__call_atexit.o)
 *(.init_array*)
 .init_array    0x080ad508        0x4 /opt/st/stm32cubeclt_1.20.0/GNU-tools-for-STM32/bin/../lib/gcc/arm-none-eabi/13.3.1/thumb/v7e-m/nofp/crtbegin.o
                0x080ad50c                        PROVIDE (__init_array_end = .)

.fini_array     0x080ad50c        0x4
                0x080ad50c                        PROVIDE (__fini_array_start = .)
 *(SORT_BY_NAME(.fini_array.*))
 *(.fini_array*)
 .fini_array    0x080ad50c        0x4 /opt/st/stm32cubeclt_1.20.0/GNU-tools-for-STM32/bin/../lib/gcc/arm-none-eabi/13.3.1/thumb/v7e-m/nofp/crtbegin.o
                0x080ad510                        PROVIDE (__fini_array_end = .)
                0x080ad510                        _sidata = LOADADDR (.data)

.data           0x20000000      0x1ac load address 0x080ad510
                0x20000000                        _sdata = .
 *(.data*)
 .data.sleep_setting
                0x20000000        0x1 /tmp/ccFmbB4R.o
                0x20000000                sleep_setting
 .data.faders_enabled
                0x20000001        0x1 /tmp/ccbl0WJX.o
                0x20000001                faders_enabled
 .data.volume_response_nonlinear
                0x20000002        0x1 /tmp/ccbl0WJX.o
                0x20000002                volume_response_nonlinear
 *fill*         0x20000003        0x1 
 .data.volume_response_gamma
                0x20000004        0x4 /tmp/ccbl0WJX.o
                0x20000004                volume_response_gamma
 .data.filter_cfg
                0x20000008       0x1c /tmp/ccbl0WJX.o
                0x20000008                filter_cfg
 .data.I2S_PlaybackSpeed
                0x20000024        0x4 /tmp/ccbl0WJX.o
                0x20000024                I2S_PlaybackSpeed
 .data.channels
                0x20000028        0x1 /tmp/ccbl0WJX.o
                0x20000028                channels
 *fill*         0x20000029        0x3 
 .data.fadein_time_seconds
                0x2000002c        0x4 /tmp/ccbl0WJX.o
                0x2000002c                fadein_time_seconds
 .data.fadeout_time_seconds
                0x20000030        0x4 /tmp/ccbl0WJX.o
                0x20000030                fadeout_time_seconds
 .data.pause_fadeout_time_seconds
                0x20000034        0x4 /tmp/ccbl0WJX.o
                0x20000034                pause_fadeout_time_seconds
 .data.pause_fadein_time_seconds
                0x20000038        0x4 /tmp/ccbl0WJX.o
                0x20000038                pause_fadein_time_seconds
 .data.fadein_samples
                0x2000003c        0x4 /tmp/ccbl0WJX.o
                0x2000003c                fadein_samples
 .data.fadeout_samples
                0x20000040        0x4 /tmp/ccbl0WJX.o
                0x20000040                fadeout_samples
 .data.pause_fadeout_samples
                0x20000044        0x4 /tmp/ccbl0WJX.o
                0x20000044                pause_fadeout_samples
 .data.pause_fadein_samples
                0x20000048        0x4 /tmp/ccbl0WJX.o
                0x20000048                pause_fadein_samples
 .data.dither_state
                0x2000004c        0x4 /tmp/ccbl0WJX.o
                0x2000004c                dither_state
 .data.lpf_8bit_alpha
                0x20000050        0x2 /tmp/ccbl0WJX.o
                0x20000050                lpf_8bit_alpha
 .data.lpf_16bit_alpha
                0x20000052        0x2 /tmp/ccbl0WJX.o
                0x20000052                lpf_16bit_alpha
 .data.air_effect_shelf_gain_q16
                0x20000054        0x4 /tmp/ccbl0WJX.o
                0x20000054                air_effect_shelf_gain_q16
 .data.dac_power_control
                0x20000058        0x1 /tmp/ccbl0WJX.o
                0x20000058                dac_power_control
 *fill*         0x20000059        0x3 
 .data.SystemCoreClock
                0x2000005c        0x4 /tmp/cc1zu1pX.o
                0x2000005c                SystemCoreClock
 .data._impure_ptr
                0x20000060        0x4 /opt/st/stm32cubeclt_1.20.0/GNU-tools-for-STM32/bin/../lib/gcc/arm-none-eabi/13.3.1/../../../../arm-none-eabi/lib/thumb/v7e-m/nofp/libg.a(libc_a-impure.o)
                0x20000060                _impure_ptr
 *fill*         0x20000064        0x4 
 .data._impure_data
                0x20000068      0x140 /opt/st/stm32cubeclt_1.20.0/GNU-tools-for-STM32/bin/../lib/gcc/arm-none-eabi/13.3.1/../../../../arm-none-eabi/lib/thumb/v7e-m/nofp/libg.a(libc_a-impure.o)
                0x20000068                _impure_data
 .data.__atexit_recursive_mutex
                0x200001a8        0x4 /opt/st/stm32cubeclt_1.20.0/GNU-tools-for-STM32/bin/../lib/gcc/arm-none-eabi/13.3.1/../../../../arm-none-eabi/lib/thumb/v7e-m/nofp/libg.a(libc_a-__call_atexit.o)
                0x200001a8                __atexit_recursive_mutex
                0x200001ac                        _edata = .

.igot.plt       0x200001ac        0x0 load address 0x080ad6bc
 .igot.plt      0x200001ac        0x0 /opt/st/stm32cubeclt_1.20.0/GNU-tools-for-STM32/bin/../lib/gcc/arm-none-eabi/13.3.1/thumb/v7e-m/nofp/crtbegin.o

.bss            0x200001ac     0x13cc load address 0x080ad6bc
                0x200001ac                        _sbss = .
 *(.bss*)
 .bss           0x200001ac       0x1c /opt/st/stm32cubeclt_1.20.0/GNU-tools-for-STM32/bin/../lib/gcc/arm-none-eabi/13.3.1/thumb/v7e-m/nofp/crtbegin.o
 .bss.trig_counter
                0x200001c8        0x2 /tmp/ccFmbB4R.o
                0x200001c8                trig_counter
 .bss.trig_timeout_flag
                0x200001ca        0x1 /tmp/ccFmbB4R.o
                0x200001ca                trig_timeout_flag
 *fill*         0x200001cb        0x1 
 .bss.trig_timeout_counter
                0x200001cc        0x2 /tmp/ccFmbB4R.o
                0x200001cc                trig_timeout_counter
 .bss.trig_status
                0x200001ce        0x1 /tmp/ccFmbB4R.o
                0x200001ce                trig_status
 .bss.trig_rise_event
                0x200001cf        0x1 /tmp/ccFmbB4R.o
                0x200001cf                trig_rise_event
 .bss.trig_fall_event
                0x200001d0        0x1 /tmp/ccFmbB4R.o
                0x200001d0                trig_fall_event
 *fill*         0x200001d1        0x3 
 .bss.systick_counter
                0x200001d4        0x4 /tmp/ccFmbB4R.o
                0x200001d4                systick_counter
 .bss.uwTick    0x200001d8        0x4 /tmp/ccFmbB4R.o
                0x200001d8                uwTick
 .bss.adc_out   0x200001dc        0x2 /tmp/ccFmbB4R.o
                0x200001dc                adc_out
 .bss.adc_filtered.0
                0x200001de        0x2 /tmp/ccFmbB4R.o
 .bss.option    0x200001e0        0x1 /tmp/ccwgbWnU.o
                0x200001e0                option
 *fill*         0x200001e1        0x3 
 .bss.AudioEngine_DACSwitch
                0x200001e4        0x4 /tmp/ccbl0WJX.o
                0x200001e4                AudioEngine_DACSwitch
 .bss.AudioEngine_ReadVolume
                0x200001e8        0x4 /tmp/ccbl0WJX.o
                0x200001e8                AudioEngine_ReadVolume
 .bss.AudioEngine_I2SInit
                0x200001ec        0x4 /tmp/ccbl0WJX.o
                0x200001ec                AudioEngine_I2SInit
 .bss.vol_input
                0x200001f0        0x2 /tmp/ccbl0WJX.o
                0x200001f0                vol_input
 *fill*         0x200001f2        0x2 
 .bss.pb_buffer
                0x200001f4     0x1000 /tmp/ccbl0WJX.o
                0x200001f4                pb_buffer
 .bss.pb_p8_ptr
                0x200011f4        0x4 /tmp/ccbl0WJX.o
                0x200011f4                pb_p8_ptr
 .bss.pb_end8_ptr
                0x200011f8        0x4 /tmp/ccbl0WJX.o
                0x200011f8                pb_end8_ptr
 .bss.pb_p16_ptr
                0x200011fc        0x4 /tmp/ccbl0WJX.o
                0x200011fc                pb_p16_ptr
 .bss.pb_end16_ptr
                0x20001200        0x4 /tmp/ccbl0WJX.o
                0x20001200                pb_end16_ptr
 .bss.pb_state  0x20001204        0x1 /tmp/ccbl0WJX.o
                0x20001204                pb_state
 .bss.half_to_fill
                0x20001205        0x1 /tmp/ccbl0WJX.o
                0x20001205                half_to_fill
 .bss.pb_mode   0x20001206        0x1 /tmp/ccbl0WJX.o
                0x20001206                pb_mode
 *fill*         0x20001207        0x1 
 .bss.playback_total_samples
                0x20001208        0x4 /tmp/ccbl0WJX.o
                0x20001208                playback_total_samples
 .bss.playback_samples_played
                0x2000120c        0x4 /tmp/ccbl0WJX.o
                0x2000120c                playback_samples_played
 .bss.dma_half_sample_counts
                0x20001210        0x8 /tmp/ccbl0WJX.o
                0x20001210                dma_half_sample_counts
 .bss.p_advance
                0x20001218        0x4 /tmp/ccbl0WJX.o
                0x20001218                p_advance
 .bss.samples_remaining
                0x2000121c        0x4 /tmp/ccbl0WJX.o
                0x2000121c                samples_remaining
 .bss.fadein_samples_remaining
                0x20001220        0x4 /tmp/ccbl0WJX.o
                0x20001220                fadein_samples_remaining
 .bss.fadeout_samples_remaining
                0x20001224        0x4 /tmp/ccbl0WJX.o
                0x20001224                fadeout_samples_remaining
 .bss.paused_samples_remaining
                0x20001228        0x4 /tmp/ccbl0WJX.o
                0x20001228                paused_samples_remaining
 .bss.filter_state
                0x2000122c       0x60 /tmp/ccbl0WJX.o
 .bss.paused_sample_ptr
                0x2000128c        0x4 /tmp/ccbl0WJX.o
                0x2000128c                paused_sample_ptr
 .bss.stop_requested
                0x20001290        0x1 /tmp/ccbl0WJX.o
                0x20001290                stop_requested
 .bss.playback_end_callback_called
                0x20001291        0x1 /tmp/ccbl0WJX.o
                0x20001291                playback_end_callback_called
 .bss.last_volume_setting.1
                0x20001292        0x2 /tmp/ccbl0WJX.o
 .bss.adjusted_volume.0
                0x20001294        0x2 /tmp/ccbl0WJX.o
 *fill*         0x20001296        0x2 
 .bss.reg_snap.0
                0x20001298       0x10 /tmp/ccQohxfT.o
 .bss.__sf      0x200012a8      0x138 /opt/st/stm32cubeclt_1.20.0/GNU-tools-for-STM32/bin/../lib/gcc/arm-none-eabi/13.3.1/../../../../arm-none-eabi/lib/thumb/v7e-m/nofp/libg.a(libc_a-findfp.o)
                0x200012a8                __sf
 .bss.__lock___atexit_recursive_mutex
                0x200013e0        0x1 /opt/st/stm32cubeclt_1.20.0/GNU-tools-for-STM32/bin/../lib/gcc/arm-none-eabi/13.3.1/../../../../arm-none-eabi/lib/thumb/v7e-m/nofp/libg.a(libc_a-lock.o)
                0x200013e0                __lock___atexit_recursive_mutex
 *fill*         0x200013e1        0x3 
 .bss.__atexit  0x200013e4        0x4 /opt/st/stm32cubeclt_1.20.0/GNU-tools-for-STM32/bin/../lib/gcc/arm-none-eabi/13.3.1/../../../../arm-none-eabi/lib/thumb/v7e-m/nofp/libg.a(libc_a-__call_atexit.o)
                0x200013e4                __atexit
 .bss.__atexit0
                0x200013e8      0x190 /opt/st/stm32cubeclt_1.20.0/GNU-tools-for-STM32/bin/../lib/gcc/arm-none-eabi/13.3.1/../../../../arm-none-eabi/lib/thumb/v7e-m/nofp/libg.a(libc_a-__atexit.o)
                0x200013e8                __atexit0
 *(COMMON)
                0x20001578                        _ebss = .
                0x20001578                        . = ALIGN (0x8)
                0x20001578                        end = .
                0x20001578                        _end = .

/DISCARD/
 *(.note.GNU-stack)
OUTPUT(/home/jennifer/repos/GD32WavePlayer/build/GD32WavePlayer.elf elf32-littlearm)
LOAD linker stubs

.ARM.attributes
                0x00000000       0x2e
 .ARM.attributes
                0x00000000       0x1e /opt/st/stm32cubeclt_1.20.0/GNU-tools-for-STM32/bin/../lib/gcc/arm-none-eabi/13.3.1/thumb/v7e-m/nofp/crti.o
 .ARM.attributes
                0x0000001e       0x2e /opt/st/stm32cubeclt_1.20.0/GNU-tools-for-STM32/bin/../lib/gcc/arm-none-eabi/13.3.1/thumb/v7e-m/nofp/crtbegin.o
 .ARM.attributes
                0x0000004c       0x2e /tmp/ccFmbB4R.o
 .ARM.attributes
                0x0000007a       0x2e /tmp/ccwgbWnU.o
 .ARM.attributes
                0x000000a8       0x2e /tmp/ccbl0WJX.o
 .ARM.attributes
                0x000000d6       0x2e /tmp/cc1zu1pX.o
 .ARM.attributes
                0x00000104       0x2e /tmp/ccGYdpIc.o
 .ARM.attributes
                0x00000132       0x2e /tmp/ccPJB1qJ.o
 .ARM.attributes
                0x00000160       0x2e /tmp/cc2ptboY.o
 .ARM.attributes
                0x0000018e       0x2e /tmp/cc1BEkQG.o
 .ARM.attributes
                0x000001bc       0x2e /tmp/ccocgFel.o
 .ARM.attributes
                0x000001ea       0x2e /tmp/ccPF71vP.o
 .ARM.attributes
                0x00000218       0x2e /tmp/ccHG4Ymg.o
 .ARM.attributes
                0x00000246       0x2e /tmp/ccQohxfT.o
 .ARM.attributes
                0x00000274       0x2e /tmp/cc1A6ZYz.o
 .ARM.attributes
                0x000002a2       0x2e /tmp/ccIZ1qQG.o
 .ARM.attributes
                0x000002d0       0x2e /tmp/ccZhSoKq.o
 .ARM.attributes
                0x000002fe       0x25 /tmp/ccJCsQPN.o
 .ARM.attributes
                0x00000323       0x2e /opt/st/stm32cubeclt_1.20.0/GNU-tools-for-STM32/bin/../lib/gcc/arm-none-eabi/13.3.1/../../../../arm-none-eabi/lib/thumb/v7e-m/nofp/libm.a(libm_a-wf_pow.o)
 .ARM.attributes
                0x00000351       0x2e /opt/st/stm32cubeclt_1.20.0/GNU-tools-for-STM32/bin/../lib/gcc/arm-none-eabi/13.3.1/../../../../arm-none-eabi/lib/thumb/v7e-m/nofp/libm.a(libm_a-sf_finite.o)
 .ARM.attributes
                0x0000037f       0x2e /opt/st/stm32cubeclt_1.20.0/GNU-tools-for-STM32/bin/../lib/gcc/arm-none-eabi/13.3.1/../../../../arm-none-eabi/lib/thumb/v7e-m/nofp/libm.a(libm_a-ef_pow.o)
 .ARM.attributes
                0x000003ad       0x2e /opt/st/stm32cubeclt_1.20.0/GNU-tools-for-STM32/bin/../lib/gcc/arm-none-eabi/13.3.1/../../../../arm-none-eabi/lib/thumb/v7e-m/nofp/libm.a(libm_a-sf_fabs.o)
 .ARM.attributes
                0x000003db       0x2e /opt/st/stm32cubeclt_1.20.0/GNU-tools-for-STM32/bin/../lib/gcc/arm-none-eabi/13.3.1/../../../../arm-none-eabi/lib/thumb/v7e-m/nofp/libm.a(libm_a-sf_scalbn.o)
 .ARM.attributes
                0x00000409       0x2e /opt/st/stm32cubeclt_1.20.0/GNU-tools-for-STM32/bin/../lib/gcc/arm-none-eabi/13.3.1/../../../../arm-none-eabi/lib/thumb/v7e-m/nofp/libm.a(libm_a-math_errf.o)
 .ARM.attributes
                0x00000437       0x2e /opt/st/stm32cubeclt_1.20.0/GNU-tools-for-STM32/bin/../lib/gcc/arm-none-eabi/13.3.1/../../../../arm-none-eabi/lib/thumb/v7e-m/nofp/libm.a(libm_a-ef_sqrt.o)
 .ARM.attributes
                0x00000465       0x1e /opt/st/stm32cubeclt_1.20.0/GNU-tools-for-STM32/bin/../lib/gcc/arm-none-eabi/13.3.1/thumb/v7e-m/nofp/libgcc.a(_arm_addsubsf3.o)
 .ARM.attributes
                0x00000483       0x1e /opt/st/stm32cubeclt_1.20.0/GNU-tools-for-STM32/bin/../lib/gcc/arm-none-eabi/13.3.1/thumb/v7e-m/nofp/libgcc.a(_arm_muldivsf3.o)
 .ARM.attributes
                0x000004a1       0x1e /opt/st/stm32cubeclt_1.20.0/GNU-tools-for-STM32/bin/../lib/gcc/arm-none-eabi/13.3.1/thumb/v7e-m/nofp/libgcc.a(_arm_cmpsf2.o)
 .ARM.attributes
                0x000004bf       0x1e /opt/st/stm32cubeclt_1.20.0/GNU-tools-for-STM32/bin/../lib/gcc/arm-none-eabi/13.3.1/thumb/v7e-m/nofp/libgcc.a(_arm_unordsf2.o)
 .ARM.attributes
                0x000004dd       0x1e /opt/st/stm32cubeclt_1.20.0/GNU-tools-for-STM32/bin/../lib/gcc/arm-none-eabi/13.3.1/thumb/v7e-m/nofp/libgcc.a(_arm_fixunssfsi.o)
 .ARM.attributes
                0x000004fb       0x1e /opt/st/stm32cubeclt_1.20.0/GNU-tools-for-STM32/bin/../lib/gcc/arm-none-eabi/13.3.1/thumb/v7e-m/nofp/libgcc.a(_aeabi_ldivmod.o)
 .ARM.attributes
                0x00000519       0x2e /opt/st/stm32cubeclt_1.20.0/GNU-tools-for-STM32/bin/../lib/gcc/arm-none-eabi/13.3.1/thumb/v7e-m/nofp/libgcc.a(_udivmoddi4.o)
 .ARM.attributes
                0x00000547       0x1e /opt/st/stm32cubeclt_1.20.0/GNU-tools-for-STM32/bin/../lib/gcc/arm-none-eabi/13.3.1/thumb/v7e-m/nofp/libgcc.a(_dvmd_tls.o)
 .ARM.attributes
                0x00000565       0x2e /opt/st/stm32cubeclt_1.20.0/GNU-tools-for-STM32/bin/../lib/gcc/arm-none-eabi/13.3.1/../../../../arm-none-eabi/lib/thumb/v7e-m/nofp/libg.a(libc_a-findfp.o)
 .ARM.attributes
                0x00000593       0x2e /opt/st/stm32cubeclt_1.20.0/GNU-tools-for-STM32/bin/../lib/gcc/arm-none-eabi/13.3.1/../../../../arm-none-eabi/lib/thumb/v7e-m/nofp/libg.a(libc_a-memset.o)
 .ARM.attributes
                0x000005c1       0x2e /opt/st/stm32cubeclt_1.20.0/GNU-tools-for-STM32/bin/../lib/gcc/arm-none-eabi/13.3.1/../../../../arm-none-eabi/lib/thumb/v7e-m/nofp/libg.a(libc_a-impure.o)
 .ARM.attributes
                0x000005ef       0x2e /opt/st/stm32cubeclt_1.20.0/GNU-tools-for-STM32/bin/../lib/gcc/arm-none-eabi/13.3.1/../../../../arm-none-eabi/lib/thumb/v7e-m/nofp/libg.a(libc_a-errno.o)
 .ARM.attributes
                0x0000061d       0x2e /opt/st/stm32cubeclt_1.20.0/GNU-tools-for-STM32/bin/../lib/gcc/arm-none-eabi/13.3.1/../../../../arm-none-eabi/lib/thumb/v7e-m/nofp/libg.a(libc_a-init.o)
 .ARM.attributes
                0x0000064b       0x2e /opt/st/stm32cubeclt_1.20.0/GNU-tools-for-STM32/bin/../lib/gcc/arm-none-eabi/13.3.1/../../../../arm-none-eabi/lib/thumb/v7e-m/nofp/libg.a(libc_a-lock.o)
 .ARM.attributes
                0x00000679       0x2e /opt/st/stm32cubeclt_1.20.0/GNU-tools-for-STM32/bin/../lib/gcc/arm-none-eabi/13.3.1/../../../../arm-none-eabi/lib/thumb/v7e-m/nofp/libg.a(libc_a-__call_atexit.o)
 .ARM.attributes
                0x000006a7       0x2e /opt/st/stm32cubeclt_1.20.0/GNU-tools-for-STM32/bin/../lib/gcc/arm-none-eabi/13.3.1/../../../../arm-none-eabi/lib/thumb/v7e-m/nofp/libg.a(libc_a-atexit.o)
 .ARM.attributes
                0x000006d5       0x2e /opt/st/stm32cubeclt_1.20.0/GNU-tools-for-STM32/bin/../lib/gcc/arm-none-eabi/13.3.1/../../../../arm-none-eabi/lib/thumb/v7e-m/nofp/libg.a(libc_a-fini.o)
 .ARM.attributes
                0x00000703       0x2e /opt/st/stm32cubeclt_1.20.0/GNU-tools-for-STM32/bin/../lib/gcc/arm-none-eabi/13.3.1/../../../../arm-none-eabi/lib/thumb/v7e-m/nofp/libg.a(libc_a-__atexit.o)
 .ARM.attributes
                0x00000731       0x1e /opt/st/stm32cubeclt_1.20.0/GNU-tools-for-STM32/bin/../lib/gcc/arm-none-eabi/13.3.1/thumb/v7e-m/nofp/crtn.o

.comment        0x00000000       0x43
 .comment       0x00000000       0x43 /tmp/ccFmbB4R.o
                                 0x44 (size before relaxing)
 .comment       0x00000043        0x0 /tmp/ccwgbWnU.o
                                 0x44 (size before relaxing)
 .comment       0x00000043        0x0 /tmp/ccbl0WJX.o
                                 0x44 (size before relaxing)
 .comment       0x00000043        0x0 /tmp/cc1zu1pX.o
                                 0x44 (size before relaxing)
 .comment       0x00000043        0x0 /tmp/ccGYdpIc.o
                                 0x44 (size before relaxing)
 .comment       0x00000043        0x0 /tmp/ccPJB1qJ.o
                                 0x44 (size before relaxing)
 .comment       0x00000043        0x0 /tmp/cc2ptboY.o
                                 0x44 (size before relaxing)
 .comment       0x00000043        0x0 /tmp/cc1BEkQG.o
                                 0x44 (size before relaxing)
 .comment       0x00000043        0x0 /tmp/ccocgFel.o
                                 0x44 (size before relaxing)
 .comment       0x00000043        0x0 /tmp/ccPF71vP.o
                                 0x44 (size before relaxing)
 .comment       0x00000043        0x0 /tmp/ccHG4Ymg.o
                                 0x44 (size before relaxing)
 .comment       0x00000043        0x0 /tmp/ccQohxfT.o
                                 0x44 (size before relaxing)
 .comment       0x00000043        0x0 /tmp/cc1A6ZYz.o
                                 0x44 (size before relaxing)
 .comment       0x00000043        0x0 /tmp/ccIZ1qQG.o
                                 0x44 (size before relaxing)
 .comment       0x00000043        0x0 /tmp/ccZhSoKq.o
                                 0x44 (size before relaxing)
 .comment       0x00000043        0x0 /opt/st/stm32cubeclt_1.20.0/GNU-tools-for-STM32/bin/../lib/gcc/arm-none-eabi/13.3.1/../../../../arm-none-eabi/lib/thumb/v7e-m/nofp/libg.a(libc_a-findfp.o)
                                 0x44 (size before relaxing)
 .comment       0x00000043        0x0 /opt/st/stm32cubeclt_1.20.0/GNU-tools-for-STM32/bin/../lib/gcc/arm-none-eabi/13.3.1/../../../../arm-none-eabi/lib/thumb/v7e-m/nofp/libg.a(libc_a-memset.o)
                                 0x44 (size before relaxing)
 .comment       0x00000043        0x0 /opt/st/stm32cubeclt_1.20.0/GNU-tools-for-STM32/bin/../lib/gcc/arm-none-eabi/13.3.1/../../../../arm-none-eabi/lib/thumb/v7e-m/nofp/libg.a(libc_a-impure.o)
                                 0x44 (size before relaxing)
 .comment       0x00000043        0x0 /opt/st/stm32cubeclt_1.20.0/GNU-tools-for-STM32/bin/../lib/gcc/arm-none-eabi/13.3.1/../../../../arm-none-eabi/lib/thumb/v7e-m/nofp/libg.a(libc_a-errno.o)
                                 0x44 (size before relaxing)
 .comment       0x00000043        0x0 /opt/st/stm32cubeclt_1.20.0/GNU-tools-for-STM32/bin/../lib/gcc/arm-none-eabi/13.3.1/../../../../arm-none-eabi/lib/thumb/v7e-m/nofp/libg.a(libc_a-init.o)
                                 0x44 (size before relaxing)
 .comment       0x00000043        0x0 /opt/st/stm32cubeclt_1.20.0/GNU-tools-for-STM32/bin/../lib/gcc/arm-none-eabi/13.3.1/../../../../arm-none-eabi/lib/thumb/v7e-m/nofp/libg.a(libc_a-lock.o)
                                 0x44 (size before relaxing)
 .comment       0x00000043        0x0 /opt/st/stm32cubeclt_1.20.0/GNU-tools-for-STM32/bin/../lib/gcc/arm-none-eabi/13.3.1/../../../../arm-none-eabi/lib/thumb/v7e-m/nofp/libg.a(libc_a-__call_atexit.o)
                                 0x44 (size before relaxing)
 .comment       0x00000043        0x0 /opt/st/stm32cubeclt_1.20.0/GNU-tools-for-STM32/bin/../lib/gcc/arm-none-eabi/13.3.1/../../../../arm-none-eabi/lib/thumb/v7e-m/nofp/libg.a(libc_a-atexit.o)
                                 0x44 (size before relaxing)
 .comment       0x00000043        0x0 /opt/st/stm32cubeclt_1.20.0/GNU-tools-for-STM32/bin/../lib/gcc/arm-none-eabi/13.3.1/../../../../arm-none-eabi/lib/thumb/v7e-m/nofp/libg.a(libc_a-fini.o)
                                 0x44 (size before relaxing)
 .comment       0x00000043        0x0 /opt/st/stm32cubeclt_1.20.0/GNU-tools-for-STM32/bin/../lib/gcc/arm-none-eabi/13.3.1/../../../../arm-none-eabi/lib/thumb/v7e-m/nofp/libg.a(libc_a-__atexit.o)
                                 0x44 (size before relaxing)

.debug_info     0x00000000     0xc883
 .debug_info    0x00000000     0x152f /tmp/ccFmbB4R.o
 .debug_info    0x0000152f      0x53b /tmp/ccwgbWnU.o
 .debug_info    0x00001a6a     0x204e /tmp/ccbl0WJX.o
 .debug_info    0x00003ab8      0x260 /tmp/cc1zu1pX.o
 .debug_info    0x00003d18      0x9ea /tmp/ccGYdpIc.o
 .debug_info    0x00004702      0x1ef /tmp/ccPJB1qJ.o
 .debug_info    0x000048f1      0x8a2 /tmp/cc2ptboY.o
 .debug_info    0x00005193      0x36f /tmp/cc1BEkQG.o
 .debug_info    0x00005502      0x7d7 /tmp/ccocgFel.o
 .debug_info    0x00005cd9      0x66a /tmp/ccPF71vP.o
 .debug_info    0x00006343      0xa04 /tmp/ccHG4Ymg.o
 .debug_info    0x00006d47      0x6a8 /tmp/ccQohxfT.o
 .debug_info    0x000073ef      0xd14 /tmp/cc1A6ZYz.o
 .debug_info    0x00008103      0xa9d /tmp/ccIZ1qQG.o
 .debug_info    0x00008ba0     0x12eb /tmp/ccZhSoKq.o
 .debug_info    0x00009e8b       0x30 /tmp/ccJCsQPN.o
 .debug_info    0x00009ebb      0xfee /opt/st/stm32cubeclt_1.20.0/GNU-tools-for-STM32/bin/../lib/gcc/arm-none-eabi/13.3.1/../../../../arm-none-eabi/lib/thumb/v7e-m/nofp/libg.a(libc_a-findfp.o)
 .debug_info    0x0000aea9       0xe0 /opt/st/stm32cubeclt_1.20.0/GNU-tools-for-STM32/bin/../lib/gcc/arm-none-eabi/13.3.1/../../../../arm-none-eabi/lib/thumb/v7e-m/nofp/libg.a(libc_a-memset.o)
 .debug_info    0x0000af89      0x750 /opt/st/stm32cubeclt_1.20.0/GNU-tools-for-STM32/bin/../lib/gcc/arm-none-eabi/13.3.1/../../../../arm-none-eabi/lib/thumb/v7e-m/nofp/libg.a(libc_a-impure.o)
 .debug_info    0x0000b6d9      0x736 /opt/st/stm32cubeclt_1.20.0/GNU-tools-for-STM32/bin/../lib/gcc/arm-none-eabi/13.3.1/../../../../arm-none-eabi/lib/thumb/v7e-m/nofp/libg.a(libc_a-errno.o)
 .debug_info    0x0000be0f      0x10b /opt/st/stm32cubeclt_1.20.0/GNU-tools-for-STM32/bin/../lib/gcc/arm-none-eabi/13.3.1/../../../../arm-none-eabi/lib/thumb/v7e-m/nofp/libg.a(libc_a-init.o)
 .debug_info    0x0000bf1a      0x218 /opt/st/stm32cubeclt_1.20.0/GNU-tools-for-STM32/bin/../lib/gcc/arm-none-eabi/13.3.1/../../../../arm-none-eabi/lib/thumb/v7e-m/nofp/libg.a(libc_a-lock.o)
 .debug_info    0x0000c132      0x2dd /opt/st/stm32cubeclt_1.20.0/GNU-tools-for-STM32/bin/../lib/gcc/arm-none-eabi/13.3.1/../../../../arm-none-eabi/lib/thumb/v7e-m/nofp/libg.a(libc_a-__call_atexit.o)
 .debug_info    0x0000c40f      0x11e /opt/st/stm32cubeclt_1.20.0/GNU-tools-for-STM32/bin/../lib/gcc/arm-none-eabi/13.3.1/../../../../arm-none-eabi/lib/thumb/v7e-m/nofp/libg.a(libc_a-atexit.o)
 .debug_info    0x0000c52d       0xf7 /opt/st/stm32cubeclt_1.20.0/GNU-tools-for-STM32/bin/../lib/gcc/arm-none-eabi/13.3.1/../../../../arm-none-eabi/lib/thumb/v7e-m/nofp/libg.a(libc_a-fini.o)
 .debug_info    0x0000c624      0x25f /opt/st/stm32cubeclt_1.20.0/GNU-tools-for-STM32/bin/../lib/gcc/arm-none-eabi/13.3.1/../../../../arm-none-eabi/lib/thumb/v7e-m/nofp/libg.a(libc_a-__atexit.o)

.debug_abbrev   0x00000000     0x2d6a
 .debug_abbrev  0x00000000      0x3f5 /tmp/ccFmbB4R.o
 .debug_abbrev  0x000003f5      0x1e8 /tmp/ccwgbWnU.o
 .debug_abbrev  0x000005dd      0x3ec /tmp/ccbl0WJX.o
 .debug_abbrev  0x000009c9      0x184 /tmp/cc1zu1pX.o
 .debug_abbrev  0x00000b4d      0x188 /tmp/ccGYdpIc.o
 .debug_abbrev  0x00000cd5       0xbc /tmp/ccPJB1qJ.o
 .debug_abbrev  0x00000d91      0x1ec /tmp/cc2ptboY.o
 .debug_abbrev  0x00000f7d      0x111 /tmp/cc1BEkQG.o
 .debug_abbrev  0x0000108e      0x1fa /tmp/ccocgFel.o
 .debug_abbrev  0x00001288      0x1ce /tmp/ccPF71vP.o
 .debug_abbrev  0x00001456      0x259 /tmp/ccHG4Ymg.o
 .debug_abbrev  0x000016af      0x23e /tmp/ccQohxfT.o
 .debug_abbrev  0x000018ed      0x198 /tmp/cc1A6ZYz.o
 .debug_abbrev  0x00001a85      0x1f5 /tmp/ccIZ1qQG.o
 .debug_abbrev  0x00001c7a      0x1ad /tmp/ccZhSoKq.o
 .debug_abbrev  0x00001e27       0x24 /tmp/ccJCsQPN.o
 .debug_abbrev  0x00001e4b      0x462 /opt/st/stm32cubeclt_1.20.0/GNU-tools-for-STM32/bin/../lib/gcc/arm-none-eabi/13.3.1/../../../../arm-none-eabi/lib/thumb/v7e-m/nofp/libg.a(libc_a-findfp.o)
 .debug_abbrev  0x000022ad       0x9e /opt/st/stm32cubeclt_1.20.0/GNU-tools-for-STM32/bin/../lib/gcc/arm-none-eabi/13.3.1/../../../../arm-none-eabi/lib/thumb/v7e-m/nofp/libg.a(libc_a-memset.o)
 .debug_abbrev  0x0000234b      0x185 /opt/st/stm32cubeclt_1.20.0/GNU-tools-for-STM32/bin/../lib/gcc/arm-none-eabi/13.3.1/../../../../arm-none-eabi/lib/thumb/v7e-m/nofp/libg.a(libc_a-impure.o)
 .debug_abbrev  0x000024d0      0x19a /opt/st/stm32cubeclt_1.20.0/GNU-tools-for-STM32/bin/../lib/gcc/arm-none-eabi/13.3.1/../../../../arm-none-eabi/lib/thumb/v7e-m/nofp/libg.a(libc_a-errno.o)
 .debug_abbrev  0x0000266a       0xc9 /opt/st/stm32cubeclt_1.20.0/GNU-tools-for-STM32/bin/../lib/gcc/arm-none-eabi/13.3.1/../../../../arm-none-eabi/lib/thumb/v7e-m/nofp/libg.a(libc_a-init.o)
 .debug_abbrev  0x00002733      0x115 /opt/st/stm32cubeclt_1.20.0/GNU-tools-for-STM32/bin/../lib/gcc/arm-none-eabi/13.3.1/../../../../arm-none-eabi/lib/thumb/v7e-m/nofp/libg.a(libc_a-lock.o)
 .debug_abbrev  0x00002848      0x20c /opt/st/stm32cubeclt_1.20.0/GNU-tools-for-STM32/bin/../lib/gcc/arm-none-eabi/13.3.1/../../../../arm-none-eabi/lib/thumb/v7e-m/nofp/libg.a(libc_a-__call_atexit.o)
 .debug_abbrev  0x00002a54       0xc1 /opt/st/stm32cubeclt_1.20.0/GNU-tools-for-STM32/bin/../lib/gcc/arm-none-eabi/13.3.1/../../../../arm-none-eabi/lib/thumb/v7e-m/nofp/libg.a(libc_a-atexit.o)
 .debug_abbrev  0x00002b15       0xcc /opt/st/stm32cubeclt_1.20.0/GNU-tools-for-STM32/bin/../lib/gcc/arm-none-eabi/13.3.1/../../../../arm-none-eabi/lib/thumb/v7e-m/nofp/libg.a(libc_a-fini.o)
 .debug_abbrev  0x00002be1      0x189 /opt/st/stm32cubeclt_1.20.0/GNU-tools-for-STM32/bin/../lib/gcc/arm-none-eabi/13.3.1/../../../../arm-none-eabi/lib/thumb/v7e-m/nofp/libg.a(libc_a-__atexit.o)

.debug_aranges  0x00000000     0x11d8
 .debug_aranges
                0x00000000       0xd0 /tmp/ccFmbB4R.o
 .debug_aranges
                0x000000d0       0x30 /tmp/ccwgbWnU.o
 .debug_aranges
                0x00000100      0x340 /tmp/ccbl0WJX.o
 .debug_aranges
                0x00000440       0x48 /tmp/cc1zu1pX.o
 .debug_aranges
                0x00000488      0x138 /tmp/ccGYdpIc.o
 .debug_aranges
                0x000005c0       0x58 /tmp/ccPJB1qJ.o
 .debug_aranges
                0x00000618       0xf8 /tmp/cc2ptboY.o
 .debug_aranges
                0x00000710       0x78 /tmp/cc1BEkQG.o
 .debug_aranges
                0x00000788      0x130 /tmp/ccocgFel.o
 .debug_aranges
                0x000008b8       0xb0 /tmp/ccPF71vP.o
 .debug_aranges
                0x00000968       0xa8 /tmp/ccHG4Ymg.o
 .debug_aranges
                0x00000a10       0xc0 /tmp/ccQohxfT.o
 .debug_aranges
                0x00000ad0      0x150 /tmp/cc1A6ZYz.o
 .debug_aranges
                0x00000c20      0x160 /tmp/ccIZ1qQG.o
 .debug_aranges
                0x00000d80      0x250 /tmp/ccZhSoKq.o
 .debug_aranges
                0x00000fd0       0x28 /tmp/ccJCsQPN.o
 .debug_aranges
                0x00000ff8       0x78 /opt/st/stm32cubeclt_1.20.0/GNU-tools-for-STM32/bin/../lib/gcc/arm-none-eabi/13.3.1/../../../../arm-none-eabi/lib/thumb/v7e-m/nofp/libg.a(libc_a-findfp.o)
 .debug_aranges
                0x00001070       0x20 /opt/st/stm32cubeclt_1.20.0/GNU-tools-for-STM32/bin/../lib/gcc/arm-none-eabi/13.3.1/../../../../arm-none-eabi/lib/thumb/v7e-m/nofp/libg.a(libc_a-memset.o)
 .debug_aranges
                0x00001090       0x18 /opt/st/stm32cubeclt_1.20.0/GNU-tools-for-STM32/bin/../lib/gcc/arm-none-eabi/13.3.1/../../../../arm-none-eabi/lib/thumb/v7e-m/nofp/libg.a(libc_a-impure.o)
 .debug_aranges
                0x000010a8       0x20 /opt/st/stm32cubeclt_1.20.0/GNU-tools-for-STM32/bin/../lib/gcc/arm-none-eabi/13.3.1/../../../../arm-none-eabi/lib/thumb/v7e-m/nofp/libg.a(libc_a-errno.o)
 .debug_aranges
                0x000010c8       0x20 /opt/st/stm32cubeclt_1.20.0/GNU-tools-for-STM32/bin/../lib/gcc/arm-none-eabi/13.3.1/../../../../arm-none-eabi/lib/thumb/v7e-m/nofp/libg.a(libc_a-init.o)
 .debug_aranges
                0x000010e8       0x68 /opt/st/stm32cubeclt_1.20.0/GNU-tools-for-STM32/bin/../lib/gcc/arm-none-eabi/13.3.1/../../../../arm-none-eabi/lib/thumb/v7e-m/nofp/libg.a(libc_a-lock.o)
 .debug_aranges
                0x00001150       0x28 /opt/st/stm32cubeclt_1.20.0/GNU-tools-for-STM32/bin/../lib/gcc/arm-none-eabi/13.3.1/../../../../arm-none-eabi/lib/thumb/v7e-m/nofp/libg.a(libc_a-__call_atexit.o)
 .debug_aranges
                0x00001178       0x20 /opt/st/stm32cubeclt_1.20.0/GNU-tools-for-STM32/bin/../lib/gcc/arm-none-eabi/13.3.1/../../../../arm-none-eabi/lib/thumb/v7e-m/nofp/libg.a(libc_a-atexit.o)
 .debug_aranges
                0x00001198       0x20 /opt/st/stm32cubeclt_1.20.0/GNU-tools-for-STM32/bin/../lib/gcc/arm-none-eabi/13.3.1/../../../../arm-none-eabi/lib/thumb/v7e-m/nofp/libg.a(libc_a-fini.o)
 .debug_aranges
                0x000011b8       0x20 /opt/st/stm32cubeclt_1.20.0/GNU-tools-for-STM32/bin/../lib/gcc/arm-none-eabi/13.3.1/../../../../arm-none-eabi/lib/thumb/v7e-m/nofp/libg.a(libc_a-__atexit.o)

.debug_rnglists
                0x00000000      0xd62
 .debug_rnglists
                0x00000000       0x9e /tmp/ccFmbB4R.o
 .debug_rnglists
                0x0000009e       0x20 /tmp/ccwgbWnU.o
 .debug_rnglists
                0x000000be      0x284 /tmp/ccbl0WJX.o
 .debug_rnglists
                0x00000342       0x34 /tmp/cc1zu1pX.o
 .debug_rnglists
                0x00000376       0xeb /tmp/ccGYdpIc.o
 .debug_rnglists
                0x00000461       0x3d /tmp/ccPJB1qJ.o
 .debug_rnglists
                0x0000049e       0xb9 /tmp/cc2ptboY.o
 .debug_rnglists
                0x00000557       0x56 /tmp/cc1BEkQG.o
 .debug_rnglists
                0x000005ad       0xe9 /tmp/ccocgFel.o
 .debug_rnglists
                0x00000696       0x83 /tmp/ccPF71vP.o
 .debug_rnglists
                0x00000719       0x7a /tmp/ccHG4Ymg.o
 .debug_rnglists
                0x00000793       0x8c /tmp/ccQohxfT.o
 .debug_rnglists
                0x0000081f       0xfd /tmp/cc1A6ZYz.o
 .debug_rnglists
                0x0000091c      0x106 /tmp/ccIZ1qQG.o
 .debug_rnglists
                0x00000a22      0x1c7 /tmp/ccZhSoKq.o
 .debug_rnglists
                0x00000be9       0x19 /tmp/ccJCsQPN.o
 .debug_rnglists
                0x00000c02       0x7a /opt/st/stm32cubeclt_1.20.0/GNU-tools-for-STM32/bin/../lib/gcc/arm-none-eabi/13.3.1/../../../../arm-none-eabi/lib/thumb/v7e-m/nofp/libg.a(libc_a-findfp.o)
 .debug_rnglists
                0x00000c7c       0x13 /opt/st/stm32cubeclt_1.20.0/GNU-tools-for-STM32/bin/../lib/gcc/arm-none-eabi/13.3.1/../../../../arm-none-eabi/lib/thumb/v7e-m/nofp/libg.a(libc_a-memset.o)
 .debug_rnglists
                0x00000c8f       0x13 /opt/st/stm32cubeclt_1.20.0/GNU-tools-for-STM32/bin/../lib/gcc/arm-none-eabi/13.3.1/../../../../arm-none-eabi/lib/thumb/v7e-m/nofp/libg.a(libc_a-errno.o)
 .debug_rnglists
                0x00000ca2       0x13 /opt/st/stm32cubeclt_1.20.0/GNU-tools-for-STM32/bin/../lib/gcc/arm-none-eabi/13.3.1/../../../../arm-none-eabi/lib/thumb/v7e-m/nofp/libg.a(libc_a-init.o)
 .debug_rnglists
                0x00000cb5       0x49 /opt/st/stm32cubeclt_1.20.0/GNU-tools-for-STM32/bin/../lib/gcc/arm-none-eabi/13.3.1/../../../../arm-none-eabi/lib/thumb/v7e-m/nofp/libg.a(libc_a-lock.o)
 .debug_rnglists
                0x00000cfe       0x2a /opt/st/stm32cubeclt_1.20.0/GNU-tools-for-STM32/bin/../lib/gcc/arm-none-eabi/13.3.1/../../../../arm-none-eabi/lib/thumb/v7e-m/nofp/libg.a(libc_a-__call_atexit.o)
 .debug_rnglists
                0x00000d28       0x13 /opt/st/stm32cubeclt_1.20.0/GNU-tools-for-STM32/bin/../lib/gcc/arm-none-eabi/13.3.1/../../../../arm-none-eabi/lib/thumb/v7e-m/nofp/libg.a(libc_a-atexit.o)
 .debug_rnglists
                0x00000d3b       0x13 /opt/st/stm32cubeclt_1.20.0/GNU-tools-for-STM32/bin/../lib/gcc/arm-none-eabi/13.3.1/../../../../arm-none-eabi/lib/thumb/v7e-m/nofp/libg.a(libc_a-fini.o)
 .debug_rnglists
                0x00000d4e       0x14 /opt/st/stm32cubeclt_1.20.0/GNU-tools-for-STM32/bin/../lib/gcc/arm-none-eabi/13.3.1/../../../../arm-none-eabi/lib/thumb/v7e-m/nofp/libg.a(libc_a-__atexit.o)

.debug_macro    0x00000000     0xe1e7
 .debug_macro   0x00000000      0x1a0 /tmp/ccFmbB4R.o
 .debug_macro   0x000001a0      0xacc /tmp/ccFmbB4R.o
 .debug_macro   0x00000c6c       0x28 /tmp/ccFmbB4R.o
 .debug_macro   0x00000c94       0x22 /tmp/ccFmbB4R.o
 .debug_macro   0x00000cb6       0xd0 /tmp/ccFmbB4R.o
 .debug_macro   0x00000d86       0x6a /tmp/ccFmbB4R.o
 .debug_macro   0x00000df0       0x3b /tmp/ccFmbB4R.o
 .debug_macro   0x00000e2b      0x34e /tmp/ccFmbB4R.o
 .debug_macro   0x00001179       0x18 /tmp/ccFmbB4R.o
 .debug_macro   0x00001191       0x26 /tmp/ccFmbB4R.o
 .debug_macro   0x000011b7      0xd39 /tmp/ccFmbB4R.o
 .debug_macro   0x00001ef0       0x10 /tmp/ccFmbB4R.o
 .debug_macro   0x00001f00      0x11c /tmp/ccFmbB4R.o
 .debug_macro   0x0000201c      0x53c /tmp/ccFmbB4R.o
 .debug_macro   0x00002558      0x1ce /tmp/ccFmbB4R.o
 .debug_macro   0x00002726      0x8f3 /tmp/ccFmbB4R.o
 .debug_macro   0x00003019       0x34 /tmp/ccFmbB4R.o
 .debug_macro   0x0000304d      0x194 /tmp/ccFmbB4R.o
 .debug_macro   0x000031e1      0x295 /tmp/ccFmbB4R.o
 .debug_macro   0x00003476       0xd0 /tmp/ccFmbB4R.o
 .debug_macro   0x00003546      0x281 /tmp/ccFmbB4R.o
 .debug_macro   0x000037c7     0x136f /tmp/ccFmbB4R.o
 .debug_macro   0x00004b36      0x571 /tmp/ccFmbB4R.o
 .debug_macro   0x000050a7      0x337 /tmp/ccFmbB4R.o
 .debug_macro   0x000053de      0x395 /tmp/ccFmbB4R.o
 .debug_macro   0x00005773       0xac /tmp/ccFmbB4R.o
 .debug_macro   0x0000581f      0x8dd /tmp/ccFmbB4R.o
 .debug_macro   0x000060fc      0x2e0 /tmp/ccFmbB4R.o
 .debug_macro   0x000063dc      0x1dc /tmp/ccFmbB4R.o
 .debug_macro   0x000065b8      0x18e /tmp/ccFmbB4R.o
 .debug_macro   0x00006746      0xb0f /tmp/ccFmbB4R.o
 .debug_macro   0x00007255       0xee /tmp/ccFmbB4R.o
 .debug_macro   0x00007343      0x609 /tmp/ccFmbB4R.o
 .debug_macro   0x0000794c      0x3ca /tmp/ccFmbB4R.o
 .debug_macro   0x00007d16      0x9a4 /tmp/ccFmbB4R.o
 .debug_macro   0x000086ba      0x39a /tmp/ccFmbB4R.o
 .debug_macro   0x00008a54       0x70 /tmp/ccFmbB4R.o
 .debug_macro   0x00008ac4       0x10 /tmp/ccFmbB4R.o
 .debug_macro   0x00008ad4       0xe7 /tmp/ccFmbB4R.o
 .debug_macro   0x00008bbb      0x1f8 /tmp/ccwgbWnU.o
 .debug_macro   0x00008db3       0xe1 /tmp/ccwgbWnU.o
 .debug_macro   0x00008e94       0x1c /tmp/ccwgbWnU.o
 .debug_macro   0x00008eb0       0x1c /tmp/ccwgbWnU.o
 .debug_macro   0x00008ecc       0x1c /tmp/ccwgbWnU.o
 .debug_macro   0x00008ee8       0x1c /tmp/ccwgbWnU.o
 .debug_macro   0x00008f04       0x1c /tmp/ccwgbWnU.o
 .debug_macro   0x00008f20       0x1c /tmp/ccwgbWnU.o
 .debug_macro   0x00008f3c       0x1c /tmp/ccwgbWnU.o
 .debug_macro   0x00008f58       0x1c /tmp/ccwgbWnU.o
 .debug_macro   0x00008f74       0x1c /tmp/ccwgbWnU.o
 .debug_macro   0x00008f90       0x1c /tmp/ccwgbWnU.o
 .debug_macro   0x00008fac       0x1c /tmp/ccwgbWnU.o
 .debug_macro   0x00008fc8       0x1c /tmp/ccwgbWnU.o
 .debug_macro   0x00008fe4      0x2d8 /tmp/ccbl0WJX.o
 .debug_macro   0x000092bc       0x22 /tmp/ccbl0WJX.o
 .debug_macro   0x000092de       0x6e /tmp/ccbl0WJX.o
 .debug_macro   0x0000934c       0x24 /tmp/ccbl0WJX.o
 .debug_macro   0x00009370       0x94 /tmp/ccbl0WJX.o
 .debug_macro   0x00009404       0x3c /tmp/ccbl0WJX.o
 .debug_macro   0x00009440       0x34 /tmp/ccbl0WJX.o
 .debug_macro   0x00009474      0x190 /tmp/ccbl0WJX.o
 .debug_macro   0x00009604       0x57 /tmp/ccbl0WJX.o
 .debug_macro   0x0000965b      0x370 /tmp/ccbl0WJX.o
 .debug_macro   0x000099cb       0x16 /tmp/ccbl0WJX.o
 .debug_macro   0x000099e1       0x4a /tmp/ccbl0WJX.o
 .debug_macro   0x00009a2b       0x34 /tmp/ccbl0WJX.o
 .debug_macro   0x00009a5f       0x10 /tmp/ccbl0WJX.o
 .debug_macro   0x00009a6f       0x58 /tmp/ccbl0WJX.o
 .debug_macro   0x00009ac7      0x1e5 /tmp/ccbl0WJX.o
 .debug_macro   0x00009cac      0x19b /tmp/ccbl0WJX.o
 .debug_macro   0x00009e47       0x16 /tmp/ccbl0WJX.o
 .debug_macro   0x00009e5d       0x3c /tmp/ccbl0WJX.o
 .debug_macro   0x00009e99       0x20 /tmp/ccbl0WJX.o
 .debug_macro   0x00009eb9      0x191 /tmp/cc1zu1pX.o
 .debug_macro   0x0000a04a      0x16b /tmp/ccGYdpIc.o
 .debug_macro   0x0000a1b5      0x1c8 /tmp/ccGYdpIc.o
 .debug_macro   0x0000a37d      0x171 /tmp/ccPJB1qJ.o
 .debug_macro   0x0000a4ee       0xca /tmp/ccPJB1qJ.o
 .debug_macro   0x0000a5b8      0x254 /tmp/cc2ptboY.o
 .debug_macro   0x0000a80c      0x27b /tmp/cc2ptboY.o
 .debug_macro   0x0000aa87      0x171 /tmp/cc1BEkQG.o
 .debug_macro   0x0000abf8      0x331 /tmp/cc1BEkQG.o
 .debug_macro   0x0000af29      0x16b /tmp/ccocgFel.o
 .debug_macro   0x0000b094      0x38f /tmp/ccocgFel.o
 .debug_macro   0x0000b423      0x1a1 /tmp/ccPF71vP.o
 .debug_macro   0x0000b5c4      0x8d7 /tmp/ccPF71vP.o
 .debug_macro   0x0000be9b      0x16b /tmp/ccHG4Ymg.o
 .debug_macro   0x0000c006      0x1d6 /tmp/ccHG4Ymg.o
 .debug_macro   0x0000c1dc      0x16b /tmp/ccQohxfT.o
 .debug_macro   0x0000c347      0x188 /tmp/ccQohxfT.o
 .debug_macro   0x0000c4cf      0x1a7 /tmp/cc1A6ZYz.o
 .debug_macro   0x0000c676      0xb09 /tmp/cc1A6ZYz.o
 .debug_macro   0x0000d17f      0x19b /tmp/ccIZ1qQG.o
 .debug_macro   0x0000d31a      0x3c4 /tmp/ccIZ1qQG.o
 .debug_macro   0x0000d6de      0x16b /tmp/ccZhSoKq.o
 .debug_macro   0x0000d849      0x99e /tmp/ccZhSoKq.o

.debug_line     0x00000000     0xba87
 .debug_line    0x00000000      0x8db /tmp/ccFmbB4R.o
 .debug_line    0x000008db      0x76c /tmp/ccwgbWnU.o
 .debug_line    0x00001047     0x1bf9 /tmp/ccbl0WJX.o
 .debug_line    0x00002c40      0x6dd /tmp/cc1zu1pX.o
 .debug_line    0x0000331d      0xbf0 /tmp/ccGYdpIc.o
 .debug_line    0x00003f0d      0x514 /tmp/ccPJB1qJ.o
 .debug_line    0x00004421      0xb39 /tmp/cc2ptboY.o
 .debug_line    0x00004f5a      0x62c /tmp/cc1BEkQG.o
 .debug_line    0x00005586      0xd04 /tmp/ccocgFel.o
 .debug_line    0x0000628a      0x897 /tmp/ccPF71vP.o
 .debug_line    0x00006b21      0x78a /tmp/ccHG4Ymg.o
 .debug_line    0x000072ab      0x7b0 /tmp/ccQohxfT.o
 .debug_line    0x00007a5b      0xbcc /tmp/cc1A6ZYz.o
 .debug_line    0x00008627      0xa11 /tmp/ccIZ1qQG.o
 .debug_line    0x00009038     0x1630 /tmp/ccZhSoKq.o
 .debug_line    0x0000a668       0x75 /tmp/ccJCsQPN.o
 .debug_line    0x0000a6dd      0x5c0 /opt/st/stm32cubeclt_1.20.0/GNU-tools-for-STM32/bin/../lib/gcc/arm-none-eabi/13.3.1/../../../../arm-none-eabi/lib/thumb/v7e-m/nofp/libg.a(libc_a-findfp.o)
 .debug_line    0x0000ac9d      0x17e /opt/st/stm32cubeclt_1.20.0/GNU-tools-for-STM32/bin/../lib/gcc/arm-none-eabi/13.3.1/../../../../arm-none-eabi/lib/thumb/v7e-m/nofp/libg.a(libc_a-memset.o)
 .debug_line    0x0000ae1b      0x163 /opt/st/stm32cubeclt_1.20.0/GNU-tools-for-STM32/bin/../lib/gcc/arm-none-eabi/13.3.1/../../../../arm-none-eabi/lib/thumb/v7e-m/nofp/libg.a(libc_a-impure.o)
 .debug_line    0x0000af7e      0x185 /opt/st/stm32cubeclt_1.20.0/GNU-tools-for-STM32/bin/../lib/gcc/arm-none-eabi/13.3.1/../../../../arm-none-eabi/lib/thumb/v7e-m/nofp/libg.a(libc_a-errno.o)
 .debug_line    0x0000b103      0x170 /opt/st/stm32cubeclt_1.20.0/GNU-tools-for-STM32/bin/../lib/gcc/arm-none-eabi/13.3.1/../../../../arm-none-eabi/lib/thumb/v7e-m/nofp/libg.a(libc_a-init.o)
 .debug_line    0x0000b273      0x19b /opt/st/stm32cubeclt_1.20.0/GNU-tools-for-STM32/bin/../lib/gcc/arm-none-eabi/13.3.1/../../../../arm-none-eabi/lib/thumb/v7e-m/nofp/libg.a(libc_a-lock.o)
 .debug_line    0x0000b40e      0x29e /opt/st/stm32cubeclt_1.20.0/GNU-tools-for-STM32/bin/../lib/gcc/arm-none-eabi/13.3.1/../../../../arm-none-eabi/lib/thumb/v7e-m/nofp/libg.a(libc_a-__call_atexit.o)
 .debug_line    0x0000b6ac      0x102 /opt/st/stm32cubeclt_1.20.0/GNU-tools-for-STM32/bin/../lib/gcc/arm-none-eabi/13.3.1/../../../../arm-none-eabi/lib/thumb/v7e-m/nofp/libg.a(libc_a-atexit.o)
 .debug_line    0x0000b7ae      0x134 /opt/st/stm32cubeclt_1.20.0/GNU-tools-for-STM32/bin/../lib/gcc/arm-none-eabi/13.3.1/../../../../arm-none-eabi/lib/thumb/v7e-m/nofp/libg.a(libc_a-fini.o)
 .debug_line    0x0000b8e2      0x1a5 /opt/st/stm32cubeclt_1.20.0/GNU-tools-for-STM32/bin/../lib/gcc/arm-none-eabi/13.3.1/../../../../arm-none-eabi/lib/thumb/v7e-m/nofp/libg.a(libc_a-__atexit.o)

.debug_str      0x00000000    0x369a8
 .debug_str     0x00000000    0x369a8 /tmp/ccFmbB4R.o
                              0x2d567 (size before relaxing)
 .debug_str     0x000369a8        0x0 /tmp/ccwgbWnU.o
                              0x2caad (size before relaxing)
 .debug_str     0x000369a8        0x0 /tmp/ccbl0WJX.o
                              0x311b6 (size before relaxing)
 .debug_str     0x000369a8        0x0 /tmp/cc1zu1pX.o
                              0x2beeb (size before relaxing)
 .debug_str     0x000369a8        0x0 /tmp/ccGYdpIc.o
                              0x2c229 (size before relaxing)
 .debug_str     0x000369a8        0x0 /tmp/ccPJB1qJ.o
                              0x2bcf2 (size before relaxing)
 .debug_str     0x000369a8        0x0 /tmp/cc2ptboY.o
                              0x2f1e7 (size before relaxing)
 .debug_str     0x000369a8        0x0 /tmp/cc1BEkQG.o
                              0x2bd67 (size before relaxing)
 .debug_str     0x000369a8        0x0 /tmp/ccocgFel.o
                              0x2bf31 (size before relaxing)
 .debug_str     0x000369a8        0x0 /tmp/ccPF71vP.o
                              0x2c116 (size before relaxing)
 .debug_str     0x000369a8        0x0 /tmp/ccHG4Ymg.o
                              0x2c389 (size before relaxing)
 .debug_str     0x000369a8        0x0 /tmp/ccQohxfT.o
                              0x2c009 (size before relaxing)
 .debug_str     0x000369a8        0x0 /tmp/cc1A6ZYz.o
                              0x2c92d (size before relaxing)
 .debug_str     0x000369a8        0x0 /tmp/ccIZ1qQG.o
                              0x2c33e (size before relaxing)
 .debug_str     0x000369a8        0x0 /tmp/ccZhSoKq.o
                              0x2c91c (size before relaxing)
 .debug_str     0x000369a8        0x0 /tmp/ccJCsQPN.o
                                 0x9f (size before relaxing)
 .debug_str     0x000369a8        0x0 /opt/st/stm32cubeclt_1.20.0/GNU-tools-for-STM32/bin/../lib/gcc/arm-none-eabi/13.3.1/../../../../arm-none-eabi/lib/thumb/v7e-m/nofp/libg.a(libc_a-findfp.o)
                                0x7b3 (size before relaxing)
 .debug_str     0x000369a8        0x0 /opt/st/stm32cubeclt_1.20.0/GNU-tools-for-STM32/bin/../lib/gcc/arm-none-eabi/13.3.1/../../../../arm-none-eabi/lib/thumb/v7e-m/nofp/libg.a(libc_a-memset.o)
                                0x206 (size before relaxing)
 .debug_str     0x000369a8        0x0 /opt/st/stm32cubeclt_1.20.0/GNU-tools-for-STM32/bin/../lib/gcc/arm-none-eabi/13.3.1/../../../../arm-none-eabi/lib/thumb/v7e-m/nofp/libg.a(libc_a-impure.o)
                                0x530 (size before relaxing)
 .debug_str     0x000369a8        0x0 /opt/st/stm32cubeclt_1.20.0/GNU-tools-for-STM32/bin/../lib/gcc/arm-none-eabi/13.3.1/../../../../arm-none-eabi/lib/thumb/v7e-m/nofp/libg.a(libc_a-errno.o)
                                0x525 (size before relaxing)
 .debug_str     0x000369a8        0x0 /opt/st/stm32cubeclt_1.20.0/GNU-tools-for-STM32/bin/../lib/gcc/arm-none-eabi/13.3.1/../../../../arm-none-eabi/lib/thumb/v7e-m/nofp/libg.a(libc_a-init.o)
                                0x267 (size before relaxing)
 .debug_str     0x000369a8        0x0 /opt/st/stm32cubeclt_1.20.0/GNU-tools-for-STM32/bin/../lib/gcc/arm-none-eabi/13.3.1/../../../../arm-none-eabi/lib/thumb/v7e-m/nofp/libg.a(libc_a-lock.o)
                                0x39d (size before relaxing)
 .debug_str     0x000369a8        0x0 /opt/st/stm32cubeclt_1.20.0/GNU-tools-for-STM32/bin/../lib/gcc/arm-none-eabi/13.3.1/../../../../arm-none-eabi/lib/thumb/v7e-m/nofp/libg.a(libc_a-__call_atexit.o)
                                0x343 (size before relaxing)
 .debug_str     0x000369a8        0x0 /opt/st/stm32cubeclt_1.20.0/GNU-tools-for-STM32/bin/../lib/gcc/arm-none-eabi/13.3.1/../../../../arm-none-eabi/lib/thumb/v7e-m/nofp/libg.a(libc_a-atexit.o)
                                0x243 (size before relaxing)
 .debug_str     0x000369a8        0x0 /opt/st/stm32cubeclt_1.20.0/GNU-tools-for-STM32/bin/../lib/gcc/arm-none-eabi/13.3.1/../../../../arm-none-eabi/lib/thumb/v7e-m/nofp/libg.a(libc_a-fini.o)
                                0x23d (size before relaxing)
 .debug_str     0x000369a8        0x0 /opt/st/stm32cubeclt_1.20.0/GNU-tools-for-STM32/bin/../lib/gcc/arm-none-eabi/13.3.1/../../../../arm-none-eabi/lib/thumb/v7e-m/nofp/libg.a(libc_a-__atexit.o)
                                0x31a (size before relaxing)

.debug_frame    0x00000000     0x4c10
 .debug_frame   0x00000000      0x310 /tmp/ccFmbB4R.o
 .debug_frame   0x00000310       0x6c /tmp/ccwgbWnU.o
 .debug_frame   0x0000037c      0xe9c /tmp/ccbl0WJX.o
 .debug_frame   0x00001218       0xec /tmp/cc1zu1pX.o
 .debug_frame   0x00001304      0x594 /tmp/ccGYdpIc.o
 .debug_frame   0x00001898      0x130 /tmp/ccPJB1qJ.o
 .debug_frame   0x000019c8      0x418 /tmp/cc2ptboY.o
 .debug_frame   0x00001de0      0x1e8 /tmp/cc1BEkQG.o
 .debug_frame   0x00001fc8      0x4fc /tmp/ccocgFel.o
 .debug_frame   0x000024c4      0x2e8 /tmp/ccPF71vP.o
 .debug_frame   0x000027ac      0x2c0 /tmp/ccHG4Ymg.o
 .debug_frame   0x00002a6c      0x2f0 /tmp/ccQohxfT.o
 .debug_frame   0x00002d5c      0x5ec /tmp/cc1A6ZYz.o
 .debug_frame   0x00003348      0x670 /tmp/ccIZ1qQG.o
 .debug_frame   0x000039b8      0xb14 /tmp/ccZhSoKq.o
 .debug_frame   0x000044cc       0x2c /opt/st/stm32cubeclt_1.20.0/GNU-tools-for-STM32/bin/../lib/gcc/arm-none-eabi/13.3.1/../../../../arm-none-eabi/lib/thumb/v7e-m/nofp/libm.a(libm_a-wf_pow.o)
 .debug_frame   0x000044f8       0x20 /opt/st/stm32cubeclt_1.20.0/GNU-tools-for-STM32/bin/../lib/gcc/arm-none-eabi/13.3.1/../../../../arm-none-eabi/lib/thumb/v7e-m/nofp/libm.a(libm_a-sf_finite.o)
 .debug_frame   0x00004518       0x78 /opt/st/stm32cubeclt_1.20.0/GNU-tools-for-STM32/bin/../lib/gcc/arm-none-eabi/13.3.1/../../../../arm-none-eabi/lib/thumb/v7e-m/nofp/libm.a(libm_a-ef_pow.o)
 .debug_frame   0x00004590       0x20 /opt/st/stm32cubeclt_1.20.0/GNU-tools-for-STM32/bin/../lib/gcc/arm-none-eabi/13.3.1/../../../../arm-none-eabi/lib/thumb/v7e-m/nofp/libm.a(libm_a-sf_fabs.o)
 .debug_frame   0x000045b0       0x2c /opt/st/stm32cubeclt_1.20.0/GNU-tools-for-STM32/bin/../lib/gcc/arm-none-eabi/13.3.1/../../../../arm-none-eabi/lib/thumb/v7e-m/nofp/libm.a(libm_a-sf_scalbn.o)
 .debug_frame   0x000045dc       0xb4 /opt/st/stm32cubeclt_1.20.0/GNU-tools-for-STM32/bin/../lib/gcc/arm-none-eabi/13.3.1/../../../../arm-none-eabi/lib/thumb/v7e-m/nofp/libm.a(libm_a-math_errf.o)
 .debug_frame   0x00004690       0x30 /opt/st/stm32cubeclt_1.20.0/GNU-tools-for-STM32/bin/../lib/gcc/arm-none-eabi/13.3.1/../../../../arm-none-eabi/lib/thumb/v7e-m/nofp/libm.a(libm_a-ef_sqrt.o)
 .debug_frame   0x000046c0       0x4c /opt/st/stm32cubeclt_1.20.0/GNU-tools-for-STM32/bin/../lib/gcc/arm-none-eabi/13.3.1/thumb/v7e-m/nofp/libgcc.a(_arm_addsubsf3.o)
 .debug_frame   0x0000470c       0x38 /opt/st/stm32cubeclt_1.20.0/GNU-tools-for-STM32/bin/../lib/gcc/arm-none-eabi/13.3.1/thumb/v7e-m/nofp/libgcc.a(_arm_muldivsf3.o)
 .debug_frame   0x00004744       0xc8 /opt/st/stm32cubeclt_1.20.0/GNU-tools-for-STM32/bin/../lib/gcc/arm-none-eabi/13.3.1/thumb/v7e-m/nofp/libgcc.a(_arm_cmpsf2.o)
 .debug_frame   0x0000480c       0x24 /opt/st/stm32cubeclt_1.20.0/GNU-tools-for-STM32/bin/../lib/gcc/arm-none-eabi/13.3.1/thumb/v7e-m/nofp/libgcc.a(_arm_unordsf2.o)
 .debug_frame   0x00004830       0x24 /opt/st/stm32cubeclt_1.20.0/GNU-tools-for-STM32/bin/../lib/gcc/arm-none-eabi/13.3.1/thumb/v7e-m/nofp/libgcc.a(_arm_fixunssfsi.o)
 .debug_frame   0x00004854       0x44 /opt/st/stm32cubeclt_1.20.0/GNU-tools-for-STM32/bin/../lib/gcc/arm-none-eabi/13.3.1/thumb/v7e-m/nofp/libgcc.a(_aeabi_ldivmod.o)
 .debug_frame   0x00004898       0x34 /opt/st/stm32cubeclt_1.20.0/GNU-tools-for-STM32/bin/../lib/gcc/arm-none-eabi/13.3.1/thumb/v7e-m/nofp/libgcc.a(_udivmoddi4.o)
 .debug_frame   0x000048cc      0x144 /opt/st/stm32cubeclt_1.20.0/GNU-tools-for-STM32/bin/../lib/gcc/arm-none-eabi/13.3.1/../../../../arm-none-eabi/lib/thumb/v7e-m/nofp/libg.a(libc_a-findfp.o)
 .debug_frame   0x00004a10       0x20 /opt/st/stm32cubeclt_1.20.0/GNU-tools-for-STM32/bin/../lib/gcc/arm-none-eabi/13.3.1/../../../../arm-none-eabi/lib/thumb/v7e-m/nofp/libg.a(libc_a-memset.o)
 .debug_frame   0x00004a30       0x20 /opt/st/stm32cubeclt_1.20.0/GNU-tools-for-STM32/bin/../lib/gcc/arm-none-eabi/13.3.1/../../../../arm-none-eabi/lib/thumb/v7e-m/nofp/libg.a(libc_a-errno.o)
 .debug_frame   0x00004a50       0x2c /opt/st/stm32cubeclt_1.20.0/GNU-tools-for-STM32/bin/../lib/gcc/arm-none-eabi/13.3.1/../../../../arm-none-eabi/lib/thumb/v7e-m/nofp/libg.a(libc_a-init.o)
 .debug_frame   0x00004a7c       0xb0 /opt/st/stm32cubeclt_1.20.0/GNU-tools-for-STM32/bin/../lib/gcc/arm-none-eabi/13.3.1/../../../../arm-none-eabi/lib/thumb/v7e-m/nofp/libg.a(libc_a-lock.o)
 .debug_frame   0x00004b2c       0x58 /opt/st/stm32cubeclt_1.20.0/GNU-tools-for-STM32/bin/../lib/gcc/arm-none-eabi/13.3.1/../../../../arm-none-eabi/lib/thumb/v7e-m/nofp/libg.a(libc_a-__call_atexit.o)
 .debug_frame   0x00004b84       0x20 /opt/st/stm32cubeclt_1.20.0/GNU-tools-for-STM32/bin/../lib/gcc/arm-none-eabi/13.3.1/../../../../arm-none-eabi/lib/thumb/v7e-m/nofp/libg.a(libc_a-atexit.o)
 .debug_frame   0x00004ba4       0x38 /opt/st/stm32cubeclt_1.20.0/GNU-tools-for-STM32/bin/../lib/gcc/arm-none-eabi/13.3.1/../../../../arm-none-eabi/lib/thumb/v7e-m/nofp/libg.a(libc_a-fini.o)
 .debug_frame   0x00004bdc       0x34 /opt/st/stm32cubeclt_1.20.0/GNU-tools-for-STM32/bin/../lib/gcc/arm-none-eabi/13.3.1/../../../../arm-none-eabi/lib/thumb/v7e-m/nofp/libg.a(libc_a-__atexit.o)

.debug_line_str
                0x00000000       0x83
 .debug_line_str
                0x00000000       0x83 /tmp/ccJCsQPN.o

.debug_loclists
                0x00000000      0x539
 .debug_loclists
                0x00000000      0x2ac /opt/st/stm32cubeclt_1.20.0/GNU-tools-for-STM32/bin/../lib/gcc/arm-none-eabi/13.3.1/../../../../arm-none-eabi/lib/thumb/v7e-m/nofp/libg.a(libc_a-findfp.o)
 .debug_loclists
                0x000002ac       0x4d /opt/st/stm32cubeclt_1.20.0/GNU-tools-for-STM32/bin/../lib/gcc/arm-none-eabi/13.3.1/../../../../arm-none-eabi/lib/thumb/v7e-m/nofp/libg.a(libc_a-memset.o)
 .debug_loclists
                0x000002f9       0x44 /opt/st/stm32cubeclt_1.20.0/GNU-tools-for-STM32/bin/../lib/gcc/arm-none-eabi/13.3.1/../../../../arm-none-eabi/lib/thumb/v7e-m/nofp/libg.a(libc_a-init.o)
 .debug_loclists
                0x0000033d       0x29 /opt/st/stm32cubeclt_1.20.0/GNU-tools-for-STM32/bin/../lib/gcc/arm-none-eabi/13.3.1/../../../../arm-none-eabi/lib/thumb/v7e-m/nofp/libg.a(libc_a-lock.o)
 .debug_loclists
                0x00000366       0xda /opt/st/stm32cubeclt_1.20.0/GNU-tools-for-STM32/bin/../lib/gcc/arm-none-eabi/13.3.1/../../../../arm-none-eabi/lib/thumb/v7e-m/nofp/libg.a(libc_a-__call_atexit.o)
 .debug_loclists
                0x00000440       0x30 /opt/st/stm32cubeclt_1.20.0/GNU-tools-for-STM32/bin/../lib/gcc/arm-none-eabi/13.3.1/../../../../arm-none-eabi/lib/thumb/v7e-m/nofp/libg.a(libc_a-atexit.o)
 .debug_loclists
                0x00000470       0x3b /opt/st/stm32cubeclt_1.20.0/GNU-tools-for-STM32/bin/../lib/gcc/arm-none-eabi/13.3.1/../../../../arm-none-eabi/lib/thumb/v7e-m/nofp/libg.a(libc_a-fini.o)
 .debug_loclists
                0x000004ab       0x8e /opt/st/stm32cubeclt_1.20.0/GNU-tools-for-STM32/bin/../lib/gcc/arm-none-eabi/13.3.1/../../../../arm-none-eabi/lib/thumb/v7e-m/nofp/libg.a(libc_a-__atexit.o)