Archive member included to satisfy reference by file (symbol)

/home/jennifer/st/stm32cubeclt_1.20.0/GNU-tools-for-STM32/bin/../lib/gcc/arm-none-eabi/13.3.1/../../../../arm-none-eabi/lib/thumb/v7e-m/nofp/libm.a(libm_a-wf_exp.o)
                              /tmp/ccsdaCbU.o (expf)
/home/jennifer/st/stm32cubeclt_1.20.0/GNU-tools-for-STM32/bin/../lib/gcc/arm-none-eabi/13.3.1/../../../../arm-none-eabi/lib/thumb/v7e-m/nofp/libm.a(libm_a-wf_log10.o)
                              /tmp/ccsdaCbU.o (log10f)
/home/jennifer/st/stm32cubeclt_1.20.0/GNU-tools-for-STM32/bin/../lib/gcc/arm-none-eabi/13.3.1/../../../../arm-none-eabi/lib/thumb/v7e-m/nofp/libm.a(libm_a-wf_pow.o)
                              /tmp/ccsdaCbU.o (powf)
/home/jennifer/st/stm32cubeclt_1.20.0/GNU-tools-for-STM32/bin/../lib/gcc/arm-none-eabi/13.3.1/../../../../arm-none-eabi/lib/thumb/v7e-m/nofp/libm.a(libm_a-sf_finite.o)
                              /home/jennifer/st/stm32cubeclt_1.20.0/GNU-tools-for-STM32/bin/../lib/gcc/arm-none-eabi/13.3.1/../../../../arm-none-eabi/lib/thumb/v7e-m/nofp/libm.a(libm_a-wf_exp.o) (finitef)
/home/jennifer/st/stm32cubeclt_1.20.0/GNU-tools-for-STM32/bin/../lib/gcc/arm-none-eabi/13.3.1/../../../../arm-none-eabi/lib/thumb/v7e-m/nofp/libm.a(libm_a-sf_nan.o)
                              /home/jennifer/st/stm32cubeclt_1.20.0/GNU-tools-for-STM32/bin/../lib/gcc/arm-none-eabi/13.3.1/../../../../arm-none-eabi/lib/thumb/v7e-m/nofp/libm.a(libm_a-wf_log10.o) (nanf)
/home/jennifer/st/stm32cubeclt_1.20.0/GNU-tools-for-STM32/bin/../lib/gcc/arm-none-eabi/13.3.1/../../../../arm-none-eabi/lib/thumb/v7e-m/nofp/libm.a(libm_a-ef_exp.o)
                              /home/jennifer/st/stm32cubeclt_1.20.0/GNU-tools-for-STM32/bin/../lib/gcc/arm-none-eabi/13.3.1/../../../../arm-none-eabi/lib/thumb/v7e-m/nofp/libm.a(libm_a-wf_exp.o) (__ieee754_expf)
/home/jennifer/st/stm32cubeclt_1.20.0/GNU-tools-for-STM32/bin/../lib/gcc/arm-none-eabi/13.3.1/../../../../arm-none-eabi/lib/thumb/v7e-m/nofp/libm.a(libm_a-ef_log10.o)
                              /home/jennifer/st/stm32cubeclt_1.20.0/GNU-tools-for-STM32/bin/../lib/gcc/arm-none-eabi/13.3.1/../../../../arm-none-eabi/lib/thumb/v7e-m/nofp/libm.a(libm_a-wf_log10.o) (__ieee754_log10f)
/home/jennifer/st/stm32cubeclt_1.20.0/GNU-tools-for-STM32/bin/../lib/gcc/arm-none-eabi/13.3.1/../../../../arm-none-eabi/lib/thumb/v7e-m/nofp/libm.a(libm_a-ef_pow.o)
                              /home/jennifer/st/stm32cubeclt_1.20.0/GNU-tools-for-STM32/bin/../lib/gcc/arm-none-eabi/13.3.1/../../../../arm-none-eabi/lib/thumb/v7e-m/nofp/libm.a(libm_a-wf_pow.o) (__ieee754_powf)
/home/jennifer/st/stm32cubeclt_1.20.0/GNU-tools-for-STM32/bin/../lib/gcc/arm-none-eabi/13.3.1/../../../../arm-none-eabi/lib/thumb/v7e-m/nofp/libm.a(libm_a-sf_fabs.o)
                              /home/jennifer/st/stm32cubeclt_1.20.0/GNU-tools-for-STM32/bin/../lib/gcc/arm-none-eabi/13.3.1/../../../../arm-none-eabi/lib/thumb/v7e-m/nofp/libm.a(libm_a-ef_pow.o) (fabsf)
/home/jennifer/st/stm32cubeclt_1.20.0/GNU-tools-for-STM32/bin/../lib/gcc/arm-none-eabi/13.3.1/../../../../arm-none-eabi/lib/thumb/v7e-m/nofp/libm.a(libm_a-sf_scalbn.o)
                              /home/jennifer/st/stm32cubeclt_1.20.0/GNU-tools-for-STM32/bin/../lib/gcc/arm-none-eabi/13.3.1/../../../../arm-none-eabi/lib/thumb/v7e-m/nofp/libm.a(libm_a-ef_pow.o) (scalbnf)
/home/jennifer/st/stm32cubeclt_1.20.0/GNU-tools-for-STM32/bin/../lib/gcc/arm-none-eabi/13.3.1/../../../../arm-none-eabi/lib/thumb/v7e-m/nofp/libm.a(libm_a-math_errf.o)
                              /home/jennifer/st/stm32cubeclt_1.20.0/GNU-tools-for-STM32/bin/../lib/gcc/arm-none-eabi/13.3.1/../../../../arm-none-eabi/lib/thumb/v7e-m/nofp/libm.a(libm_a-ef_exp.o) (__math_uflowf)
/home/jennifer/st/stm32cubeclt_1.20.0/GNU-tools-for-STM32/bin/../lib/gcc/arm-none-eabi/13.3.1/../../../../arm-none-eabi/lib/thumb/v7e-m/nofp/libm.a(libm_a-ef_sqrt.o)
                              /home/jennifer/st/stm32cubeclt_1.20.0/GNU-tools-for-STM32/bin/../lib/gcc/arm-none-eabi/13.3.1/../../../../arm-none-eabi/lib/thumb/v7e-m/nofp/libm.a(libm_a-ef_pow.o) (__ieee754_sqrtf)
/home/jennifer/st/stm32cubeclt_1.20.0/GNU-tools-for-STM32/bin/../lib/gcc/arm-none-eabi/13.3.1/../../../../arm-none-eabi/lib/thumb/v7e-m/nofp/libm.a(libm_a-ef_log.o)
                              /home/jennifer/st/stm32cubeclt_1.20.0/GNU-tools-for-STM32/bin/../lib/gcc/arm-none-eabi/13.3.1/../../../../arm-none-eabi/lib/thumb/v7e-m/nofp/libm.a(libm_a-ef_log10.o) (__ieee754_logf)
/home/jennifer/st/stm32cubeclt_1.20.0/GNU-tools-for-STM32/bin/../lib/gcc/arm-none-eabi/13.3.1/thumb/v7e-m/nofp/libgcc.a(_arm_mulsf3.o)
                              /tmp/ccsdaCbU.o (__aeabi_fmul)
/home/jennifer/st/stm32cubeclt_1.20.0/GNU-tools-for-STM32/bin/../lib/gcc/arm-none-eabi/13.3.1/thumb/v7e-m/nofp/libgcc.a(_arm_addsubsf3.o)
                              /tmp/ccsdaCbU.o (__aeabi_fsub)
[...]
Memory Configuration

Name             Origin             Length             Attributes
FLASH            0x08000000         0x00100000         xr
RAM              0x20000000         0x00018000         xrw
*default*        0x00000000         0xffffffff

Linker script and memory map

LOAD /home/jennifer/st/stm32cubeclt_1.20.0/GNU-tools-for-STM32/bin/../lib/gcc/arm-none-eabi/13.3.1/thumb/v7e-m/nofp/crti.o
LOAD /home/jennifer/st/stm32cubeclt_1.20.0/GNU-tools-for-STM32/bin/../lib/gcc/arm-none-eabi/13.3.1/thumb/v7e-m/nofp/crtbegin.o
LOAD /home/jennifer/st/stm32cubeclt_1.20.0/GNU-tools-for-STM32/bin/../lib/gcc/arm-none-eabi/13.3.1/../../../../arm-none-eabi/lib/thumb/v7e-m/nofp/crt0.o
LOAD /tmp/ccKqtQrI.o
LOAD /tmp/ccHO5e8O.o
LOAD /tmp/ccsdaCbU.o
LOAD /tmp/ccrJOvSg.o
LOAD /tmp/ccsHu2um.o
LOAD /tmp/ccpZixcH.o
LOAD /tmp/ccJsTn44.o
LOAD /tmp/ccXufCz7.o
LOAD /tmp/ccCuAb49.o
LOAD /tmp/ccF7OcH8.o
LOAD /tmp/ccGN30ny.o
LOAD /tmp/cc4baWa3.o
LOAD /tmp/ccbmRIT3.o
LOAD /tmp/cc9CIAdA.o
LOAD /tmp/ccfxrLjl.o
LOAD /tmp/ccFLaOU4.o
LOAD /tmp/ccmQ7JJi.o
LOAD /tmp/ccjmjUUT.o
LOAD /tmp/ccBCg7RX.o
LOAD /tmp/ccP4E9FR.o
LOAD /tmp/ccAwH7EW.o
LOAD /tmp/cc1HlXvI.o
LOAD /tmp/cckVJutc.o
LOAD /tmp/cckz0UIy.o
LOAD /tmp/ccOapZGZ.o
LOAD /tmp/ccSX6cTb.o
LOAD /tmp/ccr24F86.o
LOAD /tmp/ccAG4nsu.o
LOAD /tmp/ccZ7WKS0.o
LOAD /home/jennifer/st/stm32cubeclt_1.20.0/GNU-tools-for-STM32/bin/../lib/gcc/arm-none-eabi/13.3.1/../../../../arm-none-eabi/lib/thumb/v7e-m/nofp/libm.a
START GROUP
LOAD /home/jennifer/st/stm32cubeclt_1.20.0/GNU-tools-for-STM32/bin/../lib/gcc/arm-none-eabi/13.3.1/thumb/v7e-m/nofp/libgcc.a
LOAD /home/jennifer/st/stm32cubeclt_1.20.0/GNU-tools-for-STM32/bin/../lib/gcc/arm-none-eabi/13.3.1/../../../../arm-none-eabi/lib/thumb/v7e-m/nofp/libg.a
LOAD /home/jennifer/st/stm32cubeclt_1.20.0/GNU-tools-for-STM32/bin/../lib/gcc/arm-none-eabi/13.3.1/../../../../arm-none-eabi/lib/thumb/v7e-m/nofp/libc.a
END GROUP
START GROUP
LOAD /home/jennifer/st/stm32cubeclt_1.20.0/GNU-tools-for-STM32/bin/../lib/gcc/arm-none-eabi/13.3.1/thumb/v7e-m/nofp/libgcc.a
LOAD /home/jennifer/st/stm32cubeclt_1.20.0/GNU-tools-for-STM32/bin/../lib/gcc/arm-none-eabi/13.3.1/../../../../arm-none-eabi/lib/thumb/v7e-m/nofp/libc.a
LOAD /home/jennifer/st/stm32cubeclt_1.20.0/GNU-tools-for-STM32/bin/../lib/gcc/arm-none-eabi/13.3.1/../../../../arm-none-eabi/lib/thumb/v7e-m/nofp/libnosys.a
END GROUP
LOAD /home/jennifer/st/stm32cubeclt_1.20.0/GNU-tools-for-STM32/bin/../lib/gcc/arm-none-eabi/13.3.1/thumb/v7e-m/nofp/crtend.o
LOAD /home/jennifer/st/stm32cubeclt_1.20.0/GNU-tools-for-STM32/bin/../lib/gcc/arm-none-eabi/13.3.1/thumb/v7e-m/nofp/crtn.o
                0x20018000                        _sp = (ORIGIN (RAM) + LENGTH (RAM))

.isr_vector     0x08000000      0x130
 *(.vectors)
 .vectors       0x08000000      0x130 /tmp/ccZ7WKS0.o
                0x08000000                __gVectors
 *(.isr_vector)

.text           0x08000130    0xaab18
 *(.text*)
 .text          0x08000130       0x40 /home/jennifer/st/stm32cubeclt_1.20.0/GNU-tools-for-STM32/bin/../lib/gcc/arm-none-eabi/13.3.1/thumb/v7e-m/nofp/crtbegin.o
 .text.ReadVolume
                0x08000170       0x28 /tmp/ccKqtQrI.o
                0x08000170                ReadVolume
 .text.GPIO_InitPins
                0x08000198       0xc8 /tmp/ccKqtQrI.o
 .text.spi_config
                0x08000260       0x4c /tmp/ccKqtQrI.o
                0x08000260                spi_config
 .text.SysTick_Handler
                0x080002ac       0x94 /tmp/ccKqtQrI.o
                0x080002ac                SysTick_Handler
 .text.delay_ms
                0x08000340       0x54 /tmp/ccKqtQrI.o
                0x08000340                delay_ms
 .text.DAC_MasterSwitch
                0x08000394       0x18 /tmp/ccKqtQrI.o
                0x08000394                DAC_MasterSwitch
 .text.WaitForTrigger
                0x080003ac       0xb0 /tmp/ccKqtQrI.o
                0x080003ac                WaitForTrigger
 .text.Error_Handler
                0x0800045c        0xc /tmp/ccKqtQrI.o
                0x0800045c                Error_Handler
 .text.SetupClocks
                0x08000468       0xbc /tmp/ccKqtQrI.o
 .text.SetupADC
                0x08000524       0x7c /tmp/ccKqtQrI.o
                0x08000524                SetupADC
 .text.SetupTimer2
                0x080005a0       0x5c /tmp/ccKqtQrI.o
                0x080005a0                SetupTimer2
 .text.main     0x080005fc       0xe4 /tmp/ccKqtQrI.o
                0x080005fc                main
 .text.Enter_LP_SleepMode
                0x080006e0        0x2 /tmp/ccKqtQrI.o
                0x080006e0                Enter_LP_SleepMode
 *fill*         0x080006e2        0x2 
 .text.SetSleepSetting
                0x080006e4       0x10 /tmp/ccKqtQrI.o
                0x080006e4                SetSleepSetting
 .text.HardFault_Handler
                0x080006f4        0x4 /tmp/ccKqtQrI.o
                0x080006f4                HardFault_Handler
 .text.EXTI5_9_IRQHandler
                0x080006f8       0x34 /tmp/ccKqtQrI.o
                0x080006f8                EXTI5_9_IRQHandler
 .text.ADC0_1_IRQHandler
                0x0800072c       0x2c /tmp/ccKqtQrI.o
                0x0800072c                ADC0_1_IRQHandler
 .text.GetOption
                0x08000758       0x40 /tmp/ccHO5e8O.o
                0x08000758                GetOption
 .text.ChimeLoop
                0x08000798      0x4d4 /tmp/ccHO5e8O.o
                0x08000798                ChimeLoop
 .text.ResetAllFilterState
                0x08000c6c       0x3c /tmp/ccsdaCbU.o
 .text.FadeTimeToSamples
                0x08000ca8       0x48 /tmp/ccsdaCbU.o
 .text.Apply8BitDithering
                0x08000cf0       0x40 /tmp/ccsdaCbU.o
 .text.ApplyFadeOut
                0x08000d30       0xa8 /tmp/ccsdaCbU.o
 .text.ApplyNoiseGate
                0x08000dd8       0x1e /tmp/ccsdaCbU.o
 .text.ComputeSoftClipCurve
                0x08000df6       0x78 /tmp/ccsdaCbU.o
 *fill*         0x08000e6e        0x2 
 .text.ApplyDCBlockingFilter
                0x08000e70       0x94 /tmp/ccsdaCbU.o
 .text.ApplySoftDCFilter16Bit
                0x08000f04       0x84 /tmp/ccsdaCbU.o
 .text.WarmupBiquadFilter16Bit
                0x08000f88       0x48 /tmp/ccsdaCbU.o
 .text.ResetPlaybackState
                0x08000fd0       0x6c /tmp/ccsdaCbU.o
 .text.RecalculateFadeSamples
                0x0800103c       0x54 /tmp/ccsdaCbU.o
 .text.GetLpf8BitAlpha
                0x08001090       0x3c /tmp/ccsdaCbU.o
 .text.ApplyVolumeResponseCurve
                0x080010cc       0x4c /tmp/ccsdaCbU.o
 .text.ApplyVolumeSetting
                0x08001118       0x44 /tmp/ccsdaCbU.o
 .text.StopDmaAndResetPlaybackState
                0x0800115c       0x30 /tmp/ccsdaCbU.o
 .text.PrepareForNewPlayback
                0x0800118c       0x48 /tmp/ccsdaCbU.o
 .text.AudioEngine_OnPlaybackEnd
                0x080011d4        0x2 /tmp/ccsdaCbU.o
                0x080011d4                AudioEngine_OnPlaybackEnd
 *fill*         0x080011d6        0x2 
 .text.StopImmediate
                0x080011d8       0x54 /tmp/ccsdaCbU.o
 .text.EndPlaybackCleanup
                0x0800122c       0x50 /tmp/ccsdaCbU.o
 .text.AudioEngine_Init
                0x0800127c       0xb0 /tmp/ccsdaCbU.o
                0x0800127c                AudioEngine_Init
 .text.SetFilterConfig
                0x0800132c       0x64 /tmp/ccsdaCbU.o
                0x0800132c                SetFilterConfig
 .text.SetSoftClippingEnable
                0x08001390       0x10 /tmp/ccsdaCbU.o
                0x08001390                SetSoftClippingEnable
 .text.SetFilterChain16BitEnable
                0x080013a0       0x10 /tmp/ccsdaCbU.o
                0x080013a0                SetFilterChain16BitEnable
 .text.SetLpf16BitLevel
                0x080013b0       0x7c /tmp/ccsdaCbU.o
                0x080013b0                SetLpf16BitLevel
 .text.SetFadeInTime
                0x0800142c       0x18 /tmp/ccsdaCbU.o
                0x0800142c                SetFadeInTime
 .text.SetFadeOutTime
                0x08001444       0x18 /tmp/ccsdaCbU.o
                0x08001444                SetFadeOutTime
 .text.SetPauseFadeTime
                0x0800145c       0x18 /tmp/ccsdaCbU.o
                0x0800145c                SetPauseFadeTime
 .text.SetResumeFadeTime
                0x08001474       0x18 /tmp/ccsdaCbU.o
                0x08001474                SetResumeFadeTime
 .text.SetDAC_Control
                0x0800148c        0xc /tmp/ccsdaCbU.o
                0x0800148c                SetDAC_Control
 .text.AdvanceSamplePointer
                0x08001498       0x70 /tmp/ccsdaCbU.o
                0x08001498                AdvanceSamplePointer
 .text.ProcessNextWaveChunk
                0x08001508      0x110 /tmp/ccsdaCbU.o
                0x08001508                ProcessNextWaveChunk
 .text.ProcessNextWaveChunk_8_bit
                0x08001618      0x114 /tmp/ccsdaCbU.o
                0x08001618                ProcessNextWaveChunk_8_bit
 .text.ProcessDMACallback
                0x0800172c      0x188 /tmp/ccsdaCbU.o
 .text.DMA0_Channel4_IRQHandler
                0x080018b4       0x38 /tmp/ccsdaCbU.o
                0x080018b4                DMA0_Channel4_IRQHandler
 .text.WaitForSampleEnd
                0x080018ec       0x54 /tmp/ccsdaCbU.o
                0x080018ec                WaitForSampleEnd
 .text.StopPlayback
                0x08001940       0x20 /tmp/ccsdaCbU.o
                0x08001940                StopPlayback
 .text.ShutDownAudio
                0x08001960       0x40 /tmp/ccsdaCbU.o
                0x08001960                ShutDownAudio
 .text.SetVolumeResponseNonlinear
                0x080019a0       0x10 /tmp/ccsdaCbU.o
                0x080019a0                SetVolumeResponseNonlinear
 .text.SetVolumeResponseGamma
                0x080019b0       0x30 /tmp/ccsdaCbU.o
                0x080019b0                SetVolumeResponseGamma
 .text.dma_config
                0x080019e0       0x7c /tmp/ccsdaCbU.o
                0x080019e0                dma_config
 .text.PlaySample
                0x08001a5c      0x204 /tmp/ccsdaCbU.o
                0x08001a5c                PlaySample
 .text._soft_delay_
                0x08001c60       0x1e /tmp/ccrJOvSg.o
 *fill*         0x08001c7e        0x2 
 .text.system_clock_120m_hxtal
                0x08001c80       0xe4 /tmp/ccrJOvSg.o
 .text.system_clock_config
                0x08001d64        0x8 /tmp/ccrJOvSg.o
 .text.SystemInit
                0x08001d6c      0x124 /tmp/ccrJOvSg.o
                0x08001d6c                SystemInit
 .text.SystemCoreClockUpdate
                0x08001e90       0xd4 /tmp/ccrJOvSg.o
                0x08001e90                SystemCoreClockUpdate
 .text.adc_deinit
                0x08001f64       0x54 /tmp/ccsHu2um.o
                0x08001f64                adc_deinit
 .text.adc_enable
                0x08001fb8       0x12 /tmp/ccsHu2um.o
                0x08001fb8                adc_enable
 .text.adc_calibration_enable
                0x08001fca       0x26 /tmp/ccsHu2um.o
                0x08001fca                adc_calibration_enable
 .text.adc_special_function_config
                0x08001ff0       0x5a /tmp/ccsHu2um.o
                0x08001ff0                adc_special_function_config
 .text.adc_data_alignment_config
                0x0800204a       0x16 /tmp/ccsHu2um.o
                0x0800204a                adc_data_alignment_config
 .text.adc_routine_channel_config
                0x08002060       0xa4 /tmp/ccsHu2um.o
                0x08002060                adc_routine_channel_config
 .text.adc_external_trigger_config
                0x08002104       0x3e /tmp/ccsHu2um.o
                0x08002104                adc_external_trigger_config
 .text.adc_external_trigger_source_config
                0x08002142       0x2a /tmp/ccsHu2um.o
                0x08002142                adc_external_trigger_source_config
 .text.adc_software_trigger_enable
                0x0800216c       0x1e /tmp/ccsHu2um.o
                0x0800216c                adc_software_trigger_enable
 .text.adc_routine_data_read
                0x0800218a        0x6 /tmp/ccsHu2um.o
                0x0800218a                adc_routine_data_read
 .text.adc_interrupt_enable
                0x08002190       0x2c /tmp/ccsHu2um.o
                0x08002190                adc_interrupt_enable
 .text.dma_periph_and_channel_check
                0x080021bc       0x1c /tmp/cc4baWa3.o
 .text.dma_deinit
                0x080021d8       0x36 /tmp/cc4baWa3.o
                0x080021d8                dma_deinit
 .text.dma_init
                0x0800220e       0x80 /tmp/cc4baWa3.o
                0x0800220e                dma_init
 .text.dma_circulation_enable
                0x0800228e       0x20 /tmp/cc4baWa3.o
                0x0800228e                dma_circulation_enable
 .text.dma_memory_to_memory_disable
                0x080022ae       0x20 /tmp/cc4baWa3.o
                0x080022ae                dma_memory_to_memory_disable
 .text.dma_channel_enable
                0x080022ce       0x20 /tmp/cc4baWa3.o
                0x080022ce                dma_channel_enable
 .text.dma_flag_get
                0x080022ee       0x12 /tmp/cc4baWa3.o
                0x080022ee                dma_flag_get
 .text.dma_interrupt_flag_clear
                0x08002300        0xc /tmp/cc4baWa3.o
                0x08002300                dma_interrupt_flag_clear
 .text.dma_interrupt_enable
                0x0800230c       0x20 /tmp/cc4baWa3.o
                0x0800230c                dma_interrupt_enable
 .text.dma_interrupt_disable
                0x0800232c       0x22 /tmp/cc4baWa3.o
                0x0800232c                dma_interrupt_disable
 *fill*         0x0800234e        0x2 
 .text.exti_init
                0x08002350       0xb4 /tmp/ccfxrLjl.o
                0x08002350                exti_init
 .text.exti_interrupt_enable
                0x08002404       0x14 /tmp/ccfxrLjl.o
                0x08002404                exti_interrupt_enable
 .text.exti_interrupt_flag_clear
                0x08002418        0xc /tmp/ccfxrLjl.o
                0x08002418                exti_interrupt_flag_clear
 .text.fmc_wscnt_set
                0x08002424       0x14 /tmp/ccFLaOU4.o
                0x08002424                fmc_wscnt_set
 .text.gpio_init
                0x08002438       0xa2 /tmp/ccjmjUUT.o
                0x08002438                gpio_init
 .text.gpio_bit_write
                0x080024da        0xa /tmp/ccjmjUUT.o
                0x080024da                gpio_bit_write
 .text.gpio_input_bit_get
                0x080024e4        0xe /tmp/ccjmjUUT.o
                0x080024e4                gpio_input_bit_get
 *fill*         0x080024f2        0x2 
 .text.gpio_pin_remap_config
                0x080024f4       0x7c /tmp/ccjmjUUT.o
                0x080024f4                gpio_pin_remap_config
 .text.gpio_exti_source_select
                0x08002570       0x74 /tmp/ccjmjUUT.o
                0x08002570                gpio_exti_source_select
 .text.gpio_pin_lock
                0x080025e4       0x10 /tmp/ccjmjUUT.o
                0x080025e4                gpio_pin_lock
 .text.NVIC_SetPriority
                0x080025f4       0x28 /tmp/ccP4E9FR.o
 .text.NVIC_EncodePriority
                0x0800261c       0x38 /tmp/ccP4E9FR.o
 .text.nvic_priority_group_set
                0x08002654       0x14 /tmp/ccP4E9FR.o
                0x08002654                nvic_priority_group_set
 .text.nvic_irq_enable
                0x08002668       0x6c /tmp/ccP4E9FR.o
                0x08002668                nvic_irq_enable
 .text.rcu_periph_clock_enable
                0x080026d4       0x1a /tmp/cc1HlXvI.o
                0x080026d4                rcu_periph_clock_enable
 .text.rcu_periph_reset_enable
                0x080026ee       0x1a /tmp/cc1HlXvI.o
                0x080026ee                rcu_periph_reset_enable
 .text.rcu_periph_reset_disable
                0x08002708       0x1c /tmp/cc1HlXvI.o
                0x08002708                rcu_periph_reset_disable
 .text.rcu_system_clock_source_config
                0x08002724       0x14 /tmp/cc1HlXvI.o
                0x08002724                rcu_system_clock_source_config
 .text.rcu_ahb_clock_config
                0x08002738       0x14 /tmp/cc1HlXvI.o
                0x08002738                rcu_ahb_clock_config
 .text.rcu_pll_config
                0x0800274c       0x18 /tmp/cc1HlXvI.o
                0x0800274c                rcu_pll_config
 .text.rcu_adc_clock_config
                0x08002764       0x5c /tmp/cc1HlXvI.o
                0x08002764                rcu_adc_clock_config
 .text.rcu_osci_on
                0x080027c0       0x1a /tmp/cc1HlXvI.o
                0x080027c0                rcu_osci_on
 .text.rcu_osci_off
                0x080027da       0x1c /tmp/cc1HlXvI.o
                0x080027da                rcu_osci_off
 *fill*         0x080027f6        0x2 
 .text.rcu_clock_freq_get
                0x080027f8      0x108 /tmp/cc1HlXvI.o
                0x080027f8                rcu_clock_freq_get
 .text.rcu_flag_get
                0x08002900       0x20 /tmp/cc1HlXvI.o
                0x08002900                rcu_flag_get
 .text.rcu_osci_stab_wait
                0x08002920      0x118 /tmp/cc1HlXvI.o
                0x08002920                rcu_osci_stab_wait
 .text.spi_i2s_deinit
                0x08002a38       0x54 /tmp/ccOapZGZ.o
                0x08002a38                spi_i2s_deinit
 .text.spi_enable
                0x08002a8c        0xa /tmp/ccOapZGZ.o
                0x08002a8c                spi_enable
 .text.i2s_init
                0x08002a96       0x22 /tmp/ccOapZGZ.o
                0x08002a96                i2s_init
 .text.i2s_psc_config
                0x08002ab8       0x80 /tmp/ccOapZGZ.o
                0x08002ab8                i2s_psc_config
 .text.i2s_enable
                0x08002b38        0xa /tmp/ccOapZGZ.o
                0x08002b38                i2s_enable
 .text.i2s_disable
                0x08002b42        0xa /tmp/ccOapZGZ.o
                0x08002b42                i2s_disable
 .text.spi_dma_enable
                0x08002b4c       0x16 /tmp/ccOapZGZ.o
                0x08002b4c                spi_dma_enable
 .text.spi_dma_disable
                0x08002b62       0x16 /tmp/ccOapZGZ.o
                0x08002b62                spi_dma_disable
 .text.spi_i2s_data_frame_format_config
                0x08002b78       0x10 /tmp/ccOapZGZ.o
                0x08002b78                spi_i2s_data_frame_format_config
 .text.timer_deinit
                0x08002b88      0x180 /tmp/ccSX6cTb.o
                0x08002b88                timer_deinit
 .text.timer_init
                0x08002d08       0x94 /tmp/ccSX6cTb.o
                0x08002d08                timer_init
 .text.timer_enable
                0x08002d9c        0xa /tmp/ccSX6cTb.o
                0x08002d9c                timer_enable
 .text.timer_update_event_enable
                0x08002da6        0xa /tmp/ccSX6cTb.o
                0x08002da6                timer_update_event_enable
 .text.timer_master_output_trigger_source_select
                0x08002db0       0x10 /tmp/ccSX6cTb.o
                0x08002db0                timer_master_output_trigger_source_select
 .text.timer_master_slave_mode_config
                0x08002dc0       0x1c /tmp/ccSX6cTb.o
                0x08002dc0                timer_master_slave_mode_config
 .text.Reset_Handler
                0x08002ddc       0x48 /tmp/ccZ7WKS0.o
                0x08002ddc                Reset_Handler
 .text.Default_Handler
                0x08002e24        0x2 /tmp/ccZ7WKS0.o
                0x08002e24                RTC_Alarm_IRQHandler
                0x08002e24                EXTI2_IRQHandler
                0x08002e24                TIMER2_IRQHandler
                0x08002e24                TIMER5_IRQHandler
                0x08002e24                DebugMon_Handler
                0x08002e24                LVD_IRQHandler
                0x08002e24                TIMER7_UP_TIMER12_IRQHandler
                0x08002e24                SDIO_IRQHandler
                0x08002e24                PendSV_Handler
                0x08002e24                NMI_Handler
                0x08002e24                EXTI3_IRQHandler
                0x08002e24                TIMER0_TRG_CMT_TIMER10_IRQHandler
                0x08002e24                TIMER3_IRQHandler
                0x08002e24                DMA0_Channel6_IRQHandler
                0x08002e24                I2C0_EV_IRQHandler
                0x08002e24                EXTI0_IRQHandler
                0x08002e24                TIMER7_TRG_CMT_TIMER13_IRQHandler
                0x08002e24                UsageFault_Handler
                0x08002e24                TIMER4_IRQHandler
                0x08002e24                SPI1_IRQHandler
                0x08002e24                DMA0_Channel0_IRQHandler
                0x08002e24                TAMPER_IRQHandler
                0x08002e24                TIMER0_BRK_TIMER8_IRQHandler
                0x08002e24                DMA1_Channel0_IRQHandler
                0x08002e24                TIMER7_BRK_TIMER11_IRQHandler
                0x08002e24                TIMER6_IRQHandler
                0x08002e24                DMA0_Channel3_IRQHandler
                0x08002e24                I2C0_ER_IRQHandler
                0x08002e24                TIMER0_UP_TIMER9_IRQHandler
                0x08002e24                RTC_IRQHandler
                0x08002e24                DMA0_Channel2_IRQHandler
                0x08002e24                USART0_IRQHandler
                0x08002e24                TIMER1_IRQHandler
                0x08002e24                I2C1_EV_IRQHandler
                0x08002e24                UART4_IRQHandler
                0x08002e24                EXTI10_15_IRQHandler
                0x08002e24                DMA1_Channel1_IRQHandler
                0x08002e24                Default_Handler
                0x08002e24                TIMER7_Channel_IRQHandler
                0x08002e24                WWDGT_IRQHandler
                0x08002e24                EXMC_IRQHandler
                0x08002e24                ADC2_IRQHandler
                0x08002e24                SPI2_IRQHandler
                0x08002e24                MemManage_Handler
                0x08002e24                USBD_WKUP_IRQHandler
                0x08002e24                SVC_Handler
                0x08002e24                RCU_CTC_IRQHandler
                0x08002e24                EXTI4_IRQHandler
                0x08002e24                USBD_HP_CAN0_TX_IRQHandler
                0x08002e24                CAN0_RX1_IRQHandler
                0x08002e24                DMA0_Channel5_IRQHandler
                0x08002e24                DMA0_Channel1_IRQHandler
                0x08002e24                TIMER0_Channel_IRQHandler
                0x08002e24                EXTI1_IRQHandler
                0x08002e24                SPI0_IRQHandler
                0x08002e24                DMA1_Channel3_4_IRQHandler
                0x08002e24                USART2_IRQHandler
                0x08002e24                CAN0_EWMC_IRQHandler
                0x08002e24                DMA1_Channel2_IRQHandler
                0x08002e24                USBD_LP_CAN0_RX0_IRQHandler
                0x08002e24                BusFault_Handler
                0x08002e24                USART1_IRQHandler
                0x08002e24                UART3_IRQHandler
                0x08002e24                I2C1_ER_IRQHandler
                0x08002e24                FMC_IRQHandler
 .text.powf     0x08002e26       0x9a /home/jennifer/st/stm32cubeclt_1.20.0/GNU-tools-for-STM32/bin/../lib/gcc/arm-none-eabi/13.3.1/../../../../arm-none-eabi/lib/thumb/v7e-m/nofp/libm.a(libm_a-wf_pow.o)
                0x08002e26                powf
 .text.finitef  0x08002ec0       0x10 /home/jennifer/st/stm32cubeclt_1.20.0/GNU-tools-for-STM32/bin/../lib/gcc/arm-none-eabi/13.3.1/../../../../arm-none-eabi/lib/thumb/v7e-m/nofp/libm.a(libm_a-sf_finite.o)
                0x08002ec0                finitef
 .text.__ieee754_powf
                0x08002ed0      0x6c0 /home/jennifer/st/stm32cubeclt_1.20.0/GNU-tools-for-STM32/bin/../lib/gcc/arm-none-eabi/13.3.1/../../../../arm-none-eabi/lib/thumb/v7e-m/nofp/libm.a(libm_a-ef_pow.o)
                0x08002ed0                __ieee754_powf
 .text.fabsf    0x08003590        0x6 /home/jennifer/st/stm32cubeclt_1.20.0/GNU-tools-for-STM32/bin/../lib/gcc/arm-none-eabi/13.3.1/../../../../arm-none-eabi/lib/thumb/v7e-m/nofp/libm.a(libm_a-sf_fabs.o)
                0x08003590                fabsf
 *fill*         0x08003596        0x2 
 .text.scalbnf  0x08003598       0x98 /home/jennifer/st/stm32cubeclt_1.20.0/GNU-tools-for-STM32/bin/../lib/gcc/arm-none-eabi/13.3.1/../../../../arm-none-eabi/lib/thumb/v7e-m/nofp/libm.a(libm_a-sf_scalbn.o)
                0x08003598                scalbnf
 .text.with_errnof
                0x08003630       0x10 /home/jennifer/st/stm32cubeclt_1.20.0/GNU-tools-for-STM32/bin/../lib/gcc/arm-none-eabi/13.3.1/../../../../arm-none-eabi/lib/thumb/v7e-m/nofp/libm.a(libm_a-math_errf.o)
 .text.xflowf   0x08003640       0x1a /home/jennifer/st/stm32cubeclt_1.20.0/GNU-tools-for-STM32/bin/../lib/gcc/arm-none-eabi/13.3.1/../../../../arm-none-eabi/lib/thumb/v7e-m/nofp/libm.a(libm_a-math_errf.o)
 .text.__math_uflowf
                0x0800365a        0x8 /home/jennifer/st/stm32cubeclt_1.20.0/GNU-tools-for-STM32/bin/../lib/gcc/arm-none-eabi/13.3.1/../../../../arm-none-eabi/lib/thumb/v7e-m/nofp/libm.a(libm_a-math_errf.o)
                0x0800365a                __math_uflowf
 .text.__math_oflowf
                0x08003662        0x8 /home/jennifer/st/stm32cubeclt_1.20.0/GNU-tools-for-STM32/bin/../lib/gcc/arm-none-eabi/13.3.1/../../../../arm-none-eabi/lib/thumb/v7e-m/nofp/libm.a(libm_a-math_errf.o)
                0x08003662                __math_oflowf
 *fill*         0x0800366a        0x2 
 .text.__ieee754_sqrtf
                0x0800366c       0xe0 /home/jennifer/st/stm32cubeclt_1.20.0/GNU-tools-for-STM32/bin/../lib/gcc/arm-none-eabi/13.3.1/../../../../arm-none-eabi/lib/thumb/v7e-m/nofp/libm.a(libm_a-ef_sqrt.o)
                0x0800366c                __ieee754_sqrtf
 .text          0x0800374c      0x21c /home/jennifer/st/stm32cubeclt_1.20.0/GNU-tools-for-STM32/bin/../lib/gcc/arm-none-eabi/13.3.1/thumb/v7e-m/nofp/libgcc.a(_arm_addsubsf3.o)
                0x0800374c                __aeabi_frsub
                0x08003754                __subsf3
                0x08003754                __aeabi_fsub
                0x08003758                __aeabi_fadd
                0x08003758                __addsf3
                0x080038b8                __aeabi_ui2f
                0x080038b8                __floatunsisf
                0x080038c0                __aeabi_i2f
                0x080038c0                __floatsisf
                0x080038dc                __floatundisf
                0x080038dc                __aeabi_ul2f
                0x080038ec                __floatdisf
                0x080038ec                __aeabi_l2f
 .text          0x08003968      0x2a0 /home/jennifer/st/stm32cubeclt_1.20.0/GNU-tools-for-STM32/bin/../lib/gcc/arm-none-eabi/13.3.1/thumb/v7e-m/nofp/libgcc.a(_arm_muldivsf3.o)
                0x08003968                __mulsf3
                0x08003968                __aeabi_fmul
                0x08003ad0                __divsf3
                0x08003ad0                __aeabi_fdiv
 .text          0x08003c08       0xec /home/jennifer/st/stm32cubeclt_1.20.0/GNU-tools-for-STM32/bin/../lib/gcc/arm-none-eabi/13.3.1/thumb/v7e-m/nofp/libgcc.a(_arm_cmpsf2.o)
                0x08003c08                __gtsf2
                0x08003c08                __gesf2
                0x08003c10                __lesf2
                0x08003c10                __ltsf2
                0x08003c18                __nesf2
                0x08003c18                __eqsf2
                0x08003c18                __cmpsf2
                0x08003c78                __aeabi_cfrcmple
                0x08003c80                __aeabi_cfcmple
                0x08003c80                __aeabi_cfcmpeq
                0x08003c90                __aeabi_fcmpeq
                0x08003ca4                __aeabi_fcmplt
                0x08003cb8                __aeabi_fcmple
                0x08003ccc                __aeabi_fcmpge
                0x08003ce0                __aeabi_fcmpgt
 .text          0x08003cf4       0x2c /home/jennifer/st/stm32cubeclt_1.20.0/GNU-tools-for-STM32/bin/../lib/gcc/arm-none-eabi/13.3.1/thumb/v7e-m/nofp/libgcc.a(_arm_unordsf2.o)
                0x08003cf4                __aeabi_fcmpun
                0x08003cf4                __unordsf2
 .text          0x08003d20       0x40 /home/jennifer/st/stm32cubeclt_1.20.0/GNU-tools-for-STM32/bin/../lib/gcc/arm-none-eabi/13.3.1/thumb/v7e-m/nofp/libgcc.a(_arm_fixunssfsi.o)
                0x08003d20                __aeabi_f2uiz
                0x08003d20                __fixunssfsi
 .text          0x08003d60       0xa0 /home/jennifer/st/stm32cubeclt_1.20.0/GNU-tools-for-STM32/bin/../lib/gcc/arm-none-eabi/13.3.1/thumb/v7e-m/nofp/libgcc.a(_aeabi_ldivmod.o)
                0x08003d60                __aeabi_ldivmod
 .text          0x08003e00      0x2f8 /home/jennifer/st/stm32cubeclt_1.20.0/GNU-tools-for-STM32/bin/../lib/gcc/arm-none-eabi/13.3.1/thumb/v7e-m/nofp/libgcc.a(_udivmoddi4.o)
                0x08003e00                __udivmoddi4
 .text          0x080040f8        0x4 /home/jennifer/st/stm32cubeclt_1.20.0/GNU-tools-for-STM32/bin/../lib/gcc/arm-none-eabi/13.3.1/thumb/v7e-m/nofp/libgcc.a(_dvmd_tls.o)
                0x080040f8                __aeabi_ldiv0
                0x080040f8                __aeabi_idiv0
 .text.memset   0x080040fc       0x10 /home/jennifer/st/stm32cubeclt_1.20.0/GNU-tools-for-STM32/bin/../lib/gcc/arm-none-eabi/13.3.1/../../../../arm-none-eabi/lib/thumb/v7e-m/nofp/libg.a(libc_a-memset.o)
                0x080040fc                memset
 .text.__errno  0x0800410c        0xc /home/jennifer/st/stm32cubeclt_1.20.0/GNU-tools-for-STM32/bin/../lib/gcc/arm-none-eabi/13.3.1/../../../../arm-none-eabi/lib/thumb/v7e-m/nofp/libg.a(libc_a-errno.o)
                0x0800410c                __errno
 .text.__libc_init_array
                0x08004118       0x48 /home/jennifer/st/stm32cubeclt_1.20.0/GNU-tools-for-STM32/bin/../lib/gcc/arm-none-eabi/13.3.1/../../../../arm-none-eabi/lib/thumb/v7e-m/nofp/libg.a(libc_a-init.o)
                0x08004118                __libc_init_array
 .text.__retarget_lock_acquire_recursive
                0x08004160        0x2 /home/jennifer/st/stm32cubeclt_1.20.0/GNU-tools-for-STM32/bin/../lib/gcc/arm-none-eabi/13.3.1/../../../../arm-none-eabi/lib/thumb/v7e-m/nofp/libg.a(libc_a-lock.o)
                0x08004160                __retarget_lock_acquire_recursive
 .text.__retarget_lock_release_recursive
                0x08004162        0x2 /home/jennifer/st/stm32cubeclt_1.20.0/GNU-tools-for-STM32/bin/../lib/gcc/arm-none-eabi/13.3.1/../../../../arm-none-eabi/lib/thumb/v7e-m/nofp/libg.a(libc_a-lock.o)
                0x08004162                __retarget_lock_release_recursive
 .text.startup.register_fini
                0x08004164       0x14 /home/jennifer/st/stm32cubeclt_1.20.0/GNU-tools-for-STM32/bin/../lib/gcc/arm-none-eabi/13.3.1/../../../../arm-none-eabi/lib/thumb/v7e-m/nofp/libg.a(libc_a-__call_atexit.o)
 .text.atexit   0x08004178        0xc /home/jennifer/st/stm32cubeclt_1.20.0/GNU-tools-for-STM32/bin/../lib/gcc/arm-none-eabi/13.3.1/../../../../arm-none-eabi/lib/thumb/v7e-m/nofp/libg.a(libc_a-atexit.o)
                0x08004178                atexit
 .text.__libc_fini_array
                0x08004184       0x28 /home/jennifer/st/stm32cubeclt_1.20.0/GNU-tools-for-STM32/bin/../lib/gcc/arm-none-eabi/13.3.1/../../../../arm-none-eabi/lib/thumb/v7e-m/nofp/libg.a(libc_a-fini.o)
                0x08004184                __libc_fini_array
 .text.__register_exitproc
                0x080041ac       0x80 /home/jennifer/st/stm32cubeclt_1.20.0/GNU-tools-for-STM32/bin/../lib/gcc/arm-none-eabi/13.3.1/../../../../arm-none-eabi/lib/thumb/v7e-m/nofp/libg.a(libc_a-__atexit.o)
                0x080041ac                __register_exitproc
 *(.rodata*)
 .rodata.lift_oos16k16b1c
                0x0800422c     0xa99a /tmp/ccHO5e8O.o
                0x0800422c                lift_oos16k16b1c
 *fill*         0x0800ebc6        0x2 
 .rodata.top_floor16k16b1c
                0x0800ebc8     0x6422 /tmp/ccHO5e8O.o
                0x0800ebc8                top_floor16k16b1c
 *fill*         0x08014fea        0x2 
 .rodata.third_floor16k16b1c
                0x08014fec     0x741a /tmp/ccHO5e8O.o
                0x08014fec                third_floor16k16b1c
 *fill*         0x0801c406        0x2 
 .rodata.second_floor16k16b1c
                0x0801c408     0x7874 /tmp/ccHO5e8O.o
                0x0801c408                second_floor16k16b1c
 .rodata.first_floor16k16b1c
                0x08023c7c     0x7530 /tmp/ccHO5e8O.o
                0x08023c7c                first_floor16k16b1c
 .rodata.ground_floor16k16b1c
                0x0802b1ac     0x7302 /tmp/ccHO5e8O.o
                0x0802b1ac                ground_floor16k16b1c
 *fill*         0x080324ae        0x2 
 .rodata.door_closing16k16b1c
                0x080324b0     0xa35a /tmp/ccHO5e8O.o
                0x080324b0                door_closing16k16b1c
 *fill*         0x0803c80a        0x2 
 .rodata.door_opening16k16b1c
                0x0803c80c     0x9796 /tmp/ccHO5e8O.o
                0x0803c80c                door_opening16k16b1c
 *fill*         0x08045fa2        0x2 
 .rodata.dc16k16b1c
                0x08045fa4     0xad3c /tmp/ccHO5e8O.o
                0x08045fa4                dc16k16b1c
 .rodata.do16k16b1c
                0x08050ce0     0xa76a /tmp/ccHO5e8O.o
                0x08050ce0                do16k16b1c
 *fill*         0x0805b44a        0x2 
 .rodata.pmtd16k16b1c
                0x0805b44c     0xa99a /tmp/ccHO5e8O.o
                0x0805b44c                pmtd16k16b1c
 *fill*         0x08065de6        0x2 
 .rodata.dalby_tt_low44k16b1c
                0x08065de8    0x44dfe /tmp/ccHO5e8O.o
                0x08065de8                dalby_tt_low44k16b1c
 *fill*         0x080aabe6        0x2 
 .rodata        0x080aabe8       0x10 /tmp/ccrJOvSg.o
 .rodata        0x080aabf8       0x18 /tmp/cc1HlXvI.o
 .rodata.dp_l   0x080aac10        0x8 /home/jennifer/st/stm32cubeclt_1.20.0/GNU-tools-for-STM32/bin/../lib/gcc/arm-none-eabi/13.3.1/../../../../arm-none-eabi/lib/thumb/v7e-m/nofp/libm.a(libm_a-ef_pow.o)
 .rodata.dp_h   0x080aac18        0x8 /home/jennifer/st/stm32cubeclt_1.20.0/GNU-tools-for-STM32/bin/../lib/gcc/arm-none-eabi/13.3.1/../../../../arm-none-eabi/lib/thumb/v7e-m/nofp/libm.a(libm_a-ef_pow.o)
 .rodata.bp     0x080aac20        0x8 /home/jennifer/st/stm32cubeclt_1.20.0/GNU-tools-for-STM32/bin/../lib/gcc/arm-none-eabi/13.3.1/../../../../arm-none-eabi/lib/thumb/v7e-m/nofp/libm.a(libm_a-ef_pow.o)
 .rodata.tiny   0x080aac28        0x4 /home/jennifer/st/stm32cubeclt_1.20.0/GNU-tools-for-STM32/bin/../lib/gcc/arm-none-eabi/13.3.1/../../../../arm-none-eabi/lib/thumb/v7e-m/nofp/libm.a(libm_a-ef_sqrt.o)
 .rodata.one    0x080aac2c        0x4 /home/jennifer/st/stm32cubeclt_1.20.0/GNU-tools-for-STM32/bin/../lib/gcc/arm-none-eabi/13.3.1/../../../../arm-none-eabi/lib/thumb/v7e-m/nofp/libm.a(libm_a-ef_sqrt.o)
 *(.glue_7)
 .glue_7        0x080aac30        0x0 linker stubs
 *(.glue_7t)
 .glue_7t       0x080aac30        0x0 linker stubs
 *(.eh_frame)
 .eh_frame      0x080aac30        0x0 /home/jennifer/st/stm32cubeclt_1.20.0/GNU-tools-for-STM32/bin/../lib/gcc/arm-none-eabi/13.3.1/thumb/v7e-m/nofp/crtbegin.o
 *(.init)
 .init          0x080aac30        0x4 /home/jennifer/st/stm32cubeclt_1.20.0/GNU-tools-for-STM32/bin/../lib/gcc/arm-none-eabi/13.3.1/thumb/v7e-m/nofp/crti.o
                0x080aac30                _init
 .init          0x080aac34        0x8 /home/jennifer/st/stm32cubeclt_1.20.0/GNU-tools-for-STM32/bin/../lib/gcc/arm-none-eabi/13.3.1/thumb/v7e-m/nofp/crtn.o
 *(.fini)
 .fini          0x080aac3c        0x4 /home/jennifer/st/stm32cubeclt_1.20.0/GNU-tools-for-STM32/bin/../lib/gcc/arm-none-eabi/13.3.1/thumb/v7e-m/nofp/crti.o
                0x080aac3c                _fini
 .fini          0x080aac40        0x8 /home/jennifer/st/stm32cubeclt_1.20.0/GNU-tools-for-STM32/bin/../lib/gcc/arm-none-eabi/13.3.1/thumb/v7e-m/nofp/crtn.o
                0x080aac48                        _etext = .

.vfp11_veneer   0x080aac48        0x0
 .vfp11_veneer  0x080aac48        0x0 linker stubs

.v4_bx          0x080aac48        0x0
 .v4_bx         0x080aac48        0x0 linker stubs

.iplt           0x080aac48        0x0
 .iplt          0x080aac48        0x0 /home/jennifer/st/stm32cubeclt_1.20.0/GNU-tools-for-STM32/bin/../lib/gcc/arm-none-eabi/13.3.1/thumb/v7e-m/nofp/crtbegin.o

.fast           0x080aac48      0x464
 .fast          0x080aac48      0x464 /tmp/ccsdaCbU.o

.ARM.exidx      0x080ab0ac        0x8
 *(.ARM.exidx*)
 .ARM.exidx     0x080ab0ac        0x8 /home/jennifer/st/stm32cubeclt_1.20.0/GNU-tools-for-STM32/bin/../lib/gcc/arm-none-eabi/13.3.1/thumb/v7e-m/nofp/libgcc.a(_udivmoddi4.o)
 *(.gnu.linkonce.armexidx.*)

.rel.dyn        0x080ab0b4        0x0
 .rel.iplt      0x080ab0b4        0x0 /home/jennifer/st/stm32cubeclt_1.20.0/GNU-tools-for-STM32/bin/../lib/gcc/arm-none-eabi/13.3.1/thumb/v7e-m/nofp/crtbegin.o

.preinit_array  0x080ab0b4        0x0
                0x080ab0b4                        PROVIDE (__preinit_array_start = .)
 *(.preinit_array*)
                0x080ab0b4                        PROVIDE (__preinit_array_end = .)

.init_array     0x080ab0b4        0x8
                0x080ab0b4                        PROVIDE (__init_array_start = .)
 *(SORT_BY_NAME(.init_array.*))
 .init_array.00000
                0x080ab0b4        0x4 /home/jennifer/st/stm32cubeclt_1.20.0/GNU-tools-for-STM32/bin/../lib/gcc/arm-none-eabi/13.3.1/../../../../arm-none-eabi/lib/thumb/v7e-m/nofp/libg.a(libc_a-__call_atexit.o)
 *(.init_array*)
 .init_array    0x080ab0b8        0x4 /home/jennifer/st/stm32cubeclt_1.20.0/GNU-tools-for-STM32/bin/../lib/gcc/arm-none-eabi/13.3.1/thumb/v7e-m/nofp/crtbegin.o
                0x080ab0bc                        PROVIDE (__init_array_end = .)

.fini_array     0x080ab0bc        0x4
                0x080ab0bc                        PROVIDE (__fini_array_start = .)
 *(SORT_BY_NAME(.fini_array.*))
 *(.fini_array*)
 .fini_array    0x080ab0bc        0x4 /home/jennifer/st/stm32cubeclt_1.20.0/GNU-tools-for-STM32/bin/../lib/gcc/arm-none-eabi/13.3.1/thumb/v7e-m/nofp/crtbegin.o
                0x080ab0c0                        PROVIDE (__fini_array_end = .)
                0x080ab0c0                        _sidata = LOADADDR (.data)

.data           0x20000000      0x1ac load address 0x080ab0c0
                0x20000000                        _sdata = .
 *(.data*)
 .data.sleep_setting
                0x20000000        0x1 /tmp/ccKqtQrI.o
                0x20000000                sleep_setting
 .data.dac_power_control
                0x20000001        0x1 /tmp/ccsdaCbU.o
                0x20000001                dac_power_control
 *fill*         0x20000002        0x2 
 .data.air_effect_shelf_gain_q16
                0x20000004        0x4 /tmp/ccsdaCbU.o
                0x20000004                air_effect_shelf_gain_q16
 .data.lpf_16bit_alpha
                0x20000008        0x2 /tmp/ccsdaCbU.o
                0x20000008                lpf_16bit_alpha
 .data.lpf_8bit_alpha
                0x2000000a        0x2 /tmp/ccsdaCbU.o
                0x2000000a                lpf_8bit_alpha
 .data.dither_state
                0x2000000c        0x4 /tmp/ccsdaCbU.o
                0x2000000c                dither_state
 .data.pause_fadein_samples
                0x20000010        0x4 /tmp/ccsdaCbU.o
                0x20000010                pause_fadein_samples
 .data.pause_fadeout_samples
                0x20000014        0x4 /tmp/ccsdaCbU.o
                0x20000014                pause_fadeout_samples
 .data.fadeout_samples
                0x20000018        0x4 /tmp/ccsdaCbU.o
                0x20000018                fadeout_samples
 .data.fadein_samples
                0x2000001c        0x4 /tmp/ccsdaCbU.o
                0x2000001c                fadein_samples
 .data.pause_fadein_time_seconds
                0x20000020        0x4 /tmp/ccsdaCbU.o
                0x20000020                pause_fadein_time_seconds
 .data.pause_fadeout_time_seconds
                0x20000024        0x4 /tmp/ccsdaCbU.o
                0x20000024                pause_fadeout_time_seconds
 .data.fadeout_time_seconds
                0x20000028        0x4 /tmp/ccsdaCbU.o
                0x20000028                fadeout_time_seconds
 .data.fadein_time_seconds
                0x2000002c        0x4 /tmp/ccsdaCbU.o
                0x2000002c                fadein_time_seconds
 .data.channels
                0x20000030        0x1 /tmp/ccsdaCbU.o
                0x20000030                channels
 *fill*         0x20000031        0x3 
 .data.I2S_PlaybackSpeed
                0x20000034        0x4 /tmp/ccsdaCbU.o
                0x20000034                I2S_PlaybackSpeed
 .data.filter_cfg
                0x20000038       0x1c /tmp/ccsdaCbU.o
                0x20000038                filter_cfg
 .data.volume_response_gamma
                0x20000054        0x4 /tmp/ccsdaCbU.o
                0x20000054                volume_response_gamma
 .data.volume_response_nonlinear
                0x20000058        0x1 /tmp/ccsdaCbU.o
                0x20000058                volume_response_nonlinear
 .data.faders_enabled
                0x20000059        0x1 /tmp/ccsdaCbU.o
                0x20000059                faders_enabled
 *fill*         0x2000005a        0x2 
 .data.SystemCoreClock
                0x2000005c        0x4 /tmp/ccrJOvSg.o
                0x2000005c                SystemCoreClock
 .data._impure_ptr
                0x20000060        0x4 /home/jennifer/st/stm32cubeclt_1.20.0/GNU-tools-for-STM32/bin/../lib/gcc/arm-none-eabi/13.3.1/../../../../arm-none-eabi/lib/thumb/v7e-m/nofp/libg.a(libc_a-impure.o)
                0x20000060                _impure_ptr
 *fill*         0x20000064        0x4 
 .data._impure_data
                0x20000068      0x140 /home/jennifer/st/stm32cubeclt_1.20.0/GNU-tools-for-STM32/bin/../lib/gcc/arm-none-eabi/13.3.1/../../../../arm-none-eabi/lib/thumb/v7e-m/nofp/libg.a(libc_a-impure.o)
                0x20000068                _impure_data
 .data.__atexit_recursive_mutex
                0x200001a8        0x4 /home/jennifer/st/stm32cubeclt_1.20.0/GNU-tools-for-STM32/bin/../lib/gcc/arm-none-eabi/13.3.1/../../../../arm-none-eabi/lib/thumb/v7e-m/nofp/libg.a(libc_a-__call_atexit.o)
                0x200001a8                __atexit_recursive_mutex
                0x200001ac                        _edata = .

.igot.plt       0x200001ac        0x0 load address 0x080ab26c
 .igot.plt      0x200001ac        0x0 /home/jennifer/st/stm32cubeclt_1.20.0/GNU-tools-for-STM32/bin/../lib/gcc/arm-none-eabi/13.3.1/thumb/v7e-m/nofp/crtbegin.o

.bss            0x200001ac     0x13a8 load address 0x080ab26c
                0x200001ac                        _sbss = .
 *(.bss*)
 .bss           0x200001ac       0x1c /home/jennifer/st/stm32cubeclt_1.20.0/GNU-tools-for-STM32/bin/../lib/gcc/arm-none-eabi/13.3.1/thumb/v7e-m/nofp/crtbegin.o
 .bss.adc_filtered.0
                0x200001c8        0x2 /tmp/ccKqtQrI.o
 .bss.adc_out   0x200001ca        0x2 /tmp/ccKqtQrI.o
                0x200001ca                adc_out
 .bss.uwTick    0x200001cc        0x4 /tmp/ccKqtQrI.o
                0x200001cc                uwTick
 .bss.systick_counter
                0x200001d0        0x4 /tmp/ccKqtQrI.o
                0x200001d0                systick_counter
 .bss.trig_fall_event
                0x200001d4        0x1 /tmp/ccKqtQrI.o
                0x200001d4                trig_fall_event
 .bss.trig_rise_event
                0x200001d5        0x1 /tmp/ccKqtQrI.o
                0x200001d5                trig_rise_event
 .bss.trig_status
                0x200001d6        0x1 /tmp/ccKqtQrI.o
                0x200001d6                trig_status
 *fill*         0x200001d7        0x1 
 .bss.trig_timeout_counter
                0x200001d8        0x2 /tmp/ccKqtQrI.o
                0x200001d8                trig_timeout_counter
 .bss.trig_timeout_flag
                0x200001da        0x1 /tmp/ccKqtQrI.o
                0x200001da                trig_timeout_flag
 *fill*         0x200001db        0x1 
 .bss.trig_counter
                0x200001dc        0x2 /tmp/ccKqtQrI.o
                0x200001dc                trig_counter
 .bss.option    0x200001de        0x1 /tmp/ccHO5e8O.o
                0x200001de                option
 *fill*         0x200001df        0x1 
 .bss.adjusted_volume.0
                0x200001e0        0x2 /tmp/ccsdaCbU.o
 .bss.last_volume_setting.1
                0x200001e2        0x2 /tmp/ccsdaCbU.o
 .bss.playback_end_callback_called
                0x200001e4        0x1 /tmp/ccsdaCbU.o
                0x200001e4                playback_end_callback_called
 .bss.stop_requested
                0x200001e5        0x1 /tmp/ccsdaCbU.o
                0x200001e5                stop_requested
 *fill*         0x200001e6        0x2 
 .bss.paused_sample_ptr
                0x200001e8        0x4 /tmp/ccsdaCbU.o
                0x200001e8                paused_sample_ptr
 .bss.filter_state
                0x200001ec       0x60 /tmp/ccsdaCbU.o
 .bss.paused_samples_remaining
                0x2000024c        0x4 /tmp/ccsdaCbU.o
                0x2000024c                paused_samples_remaining
 .bss.fadeout_samples_remaining
                0x20000250        0x4 /tmp/ccsdaCbU.o
                0x20000250                fadeout_samples_remaining
 .bss.fadein_samples_remaining
                0x20000254        0x4 /tmp/ccsdaCbU.o
                0x20000254                fadein_samples_remaining
 .bss.samples_remaining
                0x20000258        0x4 /tmp/ccsdaCbU.o
                0x20000258                samples_remaining
 .bss.p_advance
                0x2000025c        0x4 /tmp/ccsdaCbU.o
                0x2000025c                p_advance
 .bss.pb_mode   0x20000260        0x1 /tmp/ccsdaCbU.o
                0x20000260                pb_mode
 .bss.half_to_fill
                0x20000261        0x1 /tmp/ccsdaCbU.o
                0x20000261                half_to_fill
 .bss.pb_state  0x20000262        0x1 /tmp/ccsdaCbU.o
                0x20000262                pb_state
 *fill*         0x20000263        0x1 
 .bss.pb_end16_ptr
                0x20000264        0x4 /tmp/ccsdaCbU.o
                0x20000264                pb_end16_ptr
 .bss.pb_p16_ptr
                0x20000268        0x4 /tmp/ccsdaCbU.o
                0x20000268                pb_p16_ptr
 .bss.pb_end8_ptr
                0x2000026c        0x4 /tmp/ccsdaCbU.o
                0x2000026c                pb_end8_ptr
 .bss.pb_p8_ptr
                0x20000270        0x4 /tmp/ccsdaCbU.o
                0x20000270                pb_p8_ptr
 .bss.pb_buffer
                0x20000274     0x1000 /tmp/ccsdaCbU.o
                0x20000274                pb_buffer
 .bss.vol_input
                0x20001274        0x2 /tmp/ccsdaCbU.o
                0x20001274                vol_input
 *fill*         0x20001276        0x2 
 .bss.AudioEngine_I2SInit
                0x20001278        0x4 /tmp/ccsdaCbU.o
                0x20001278                AudioEngine_I2SInit
 .bss.AudioEngine_ReadVolume
                0x2000127c        0x4 /tmp/ccsdaCbU.o
                0x2000127c                AudioEngine_ReadVolume
 .bss.AudioEngine_DACSwitch
                0x20001280        0x4 /tmp/ccsdaCbU.o
                0x20001280                AudioEngine_DACSwitch
 .bss.__sf      0x20001284      0x138 /home/jennifer/st/stm32cubeclt_1.20.0/GNU-tools-for-STM32/bin/../lib/gcc/arm-none-eabi/13.3.1/../../../../arm-none-eabi/lib/thumb/v7e-m/nofp/libg.a(libc_a-findfp.o)
                0x20001284                __sf
 .bss.__lock___atexit_recursive_mutex
                0x200013bc        0x1 /home/jennifer/st/stm32cubeclt_1.20.0/GNU-tools-for-STM32/bin/../lib/gcc/arm-none-eabi/13.3.1/../../../../arm-none-eabi/lib/thumb/v7e-m/nofp/libg.a(libc_a-lock.o)
                0x200013bc                __lock___atexit_recursive_mutex
 *fill*         0x200013bd        0x3 
 .bss.__atexit  0x200013c0        0x4 /home/jennifer/st/stm32cubeclt_1.20.0/GNU-tools-for-STM32/bin/../lib/gcc/arm-none-eabi/13.3.1/../../../../arm-none-eabi/lib/thumb/v7e-m/nofp/libg.a(libc_a-__call_atexit.o)
                0x200013c0                __atexit
 .bss.__atexit0
                0x200013c4      0x190 /home/jennifer/st/stm32cubeclt_1.20.0/GNU-tools-for-STM32/bin/../lib/gcc/arm-none-eabi/13.3.1/../../../../arm-none-eabi/lib/thumb/v7e-m/nofp/libg.a(libc_a-__atexit.o)
                0x200013c4                __atexit0
 *(COMMON)
                0x20001554                        _ebss = .
                0x20001558                        . = ALIGN (0x8)
                0x20001558                        end = .
                0x20001558                        _end = .

/DISCARD/
 *(.note.GNU-stack)
OUTPUT(/home/jennifer/repos/GD32WavePlayer/build/GD32WavePlayer.elf elf32-littlearm)
LOAD linker stubs

.ARM.attributes
                0x00000000       0x2e
 .ARM.attributes
                0x00000000       0x1e /home/jennifer/st/stm32cubeclt_1.20.0/GNU-tools-for-STM32/bin/../lib/gcc/arm-none-eabi/13.3.1/thumb/v7e-m/nofp/crti.o
 .ARM.attributes
                0x0000001e       0x2e /home/jennifer/st/stm32cubeclt_1.20.0/GNU-tools-for-STM32/bin/../lib/gcc/arm-none-eabi/13.3.1/thumb/v7e-m/nofp/crtbegin.o
 .ARM.attributes
                0x0000004c       0x2e /tmp/ccKqtQrI.o
 .ARM.attributes
                0x0000007a       0x2e /tmp/ccHO5e8O.o
 .ARM.attributes
                0x000000a8       0x2e /tmp/ccsdaCbU.o
 .ARM.attributes
                0x000000d6       0x2e /tmp/ccrJOvSg.o
 .ARM.attributes
                0x00000104       0x2e /tmp/ccsHu2um.o
 .ARM.attributes
                0x00000132       0x2e /tmp/cc4baWa3.o
 .ARM.attributes
                0x00000160       0x2e /tmp/ccfxrLjl.o
 .ARM.attributes
                0x0000018e       0x2e /tmp/ccFLaOU4.o
 .ARM.attributes
                0x000001bc       0x2e /tmp/ccjmjUUT.o
 .ARM.attributes
                0x000001ea       0x2e /tmp/ccP4E9FR.o
 .ARM.attributes
                0x00000218       0x2e /tmp/cc1HlXvI.o
 .ARM.attributes
                0x00000246       0x2e /tmp/ccOapZGZ.o
 .ARM.attributes
                0x00000274       0x2e /tmp/ccSX6cTb.o
 .ARM.attributes
                0x000002a2       0x25 /tmp/ccZ7WKS0.o
 .ARM.attributes
                0x000002c7       0x2e /home/jennifer/st/stm32cubeclt_1.20.0/GNU-tools-for-STM32/bin/../lib/gcc/arm-none-eabi/13.3.1/../../../../arm-none-eabi/lib/thumb/v7e-m/nofp/libm.a(libm_a-wf_pow.o)
 .ARM.attributes
                0x000002f5       0x2e /home/jennifer/st/stm32cubeclt_1.20.0/GNU-tools-for-STM32/bin/../lib/gcc/arm-none-eabi/13.3.1/../../../../arm-none-eabi/lib/thumb/v7e-m/nofp/libm.a(libm_a-sf_finite.o)
 .ARM.attributes
                0x00000323       0x2e /home/jennifer/st/stm32cubeclt_1.20.0/GNU-tools-for-STM32/bin/../lib/gcc/arm-none-eabi/13.3.1/../../../../arm-none-eabi/lib/thumb/v7e-m/nofp/libm.a(libm_a-ef_pow.o)
 .ARM.attributes
                0x00000351       0x2e /home/jennifer/st/stm32cubeclt_1.20.0/GNU-tools-for-STM32/bin/../lib/gcc/arm-none-eabi/13.3.1/../../../../arm-none-eabi/lib/thumb/v7e-m/nofp/libm.a(libm_a-sf_fabs.o)
 .ARM.attributes
                0x0000037f       0x2e /home/jennifer/st/stm32cubeclt_1.20.0/GNU-tools-for-STM32/bin/../lib/gcc/arm-none-eabi/13.3.1/../../../../arm-none-eabi/lib/thumb/v7e-m/nofp/libm.a(libm_a-sf_scalbn.o)
 .ARM.attributes
                0x000003ad       0x2e /home/jennifer/st/stm32cubeclt_1.20.0/GNU-tools-for-STM32/bin/../lib/gcc/arm-none-eabi/13.3.1/../../../../arm-none-eabi/lib/thumb/v7e-m/nofp/libm.a(libm_a-math_errf.o)
 .ARM.attributes
                0x000003db       0x2e /home/jennifer/st/stm32cubeclt_1.20.0/GNU-tools-for-STM32/bin/../lib/gcc/arm-none-eabi/13.3.1/../../../../arm-none-eabi/lib/thumb/v7e-m/nofp/libm.a(libm_a-ef_sqrt.o)
 .ARM.attributes
                0x00000409       0x1e /home/jennifer/st/stm32cubeclt_1.20.0/GNU-tools-for-STM32/bin/../lib/gcc/arm-none-eabi/13.3.1/thumb/v7e-m/nofp/libgcc.a(_arm_addsubsf3.o)
 .ARM.attributes
                0x00000427       0x1e /home/jennifer/st/stm32cubeclt_1.20.0/GNU-tools-for-STM32/bin/../lib/gcc/arm-none-eabi/13.3.1/thumb/v7e-m/nofp/libgcc.a(_arm_muldivsf3.o)
 .ARM.attributes
                0x00000445       0x1e /home/jennifer/st/stm32cubeclt_1.20.0/GNU-tools-for-STM32/bin/../lib/gcc/arm-none-eabi/13.3.1/thumb/v7e-m/nofp/libgcc.a(_arm_cmpsf2.o)
 .ARM.attributes
                0x00000463       0x1e /home/jennifer/st/stm32cubeclt_1.20.0/GNU-tools-for-STM32/bin/../lib/gcc/arm-none-eabi/13.3.1/thumb/v7e-m/nofp/libgcc.a(_arm_unordsf2.o)
 .ARM.attributes
                0x00000481       0x1e /home/jennifer/st/stm32cubeclt_1.20.0/GNU-tools-for-STM32/bin/../lib/gcc/arm-none-eabi/13.3.1/thumb/v7e-m/nofp/libgcc.a(_arm_fixunssfsi.o)
 .ARM.attributes
                0x0000049f       0x1e /home/jennifer/st/stm32cubeclt_1.20.0/GNU-tools-for-STM32/bin/../lib/gcc/arm-none-eabi/13.3.1/thumb/v7e-m/nofp/libgcc.a(_aeabi_ldivmod.o)
 .ARM.attributes
                0x000004bd       0x2e /home/jennifer/st/stm32cubeclt_1.20.0/GNU-tools-for-STM32/bin/../lib/gcc/arm-none-eabi/13.3.1/thumb/v7e-m/nofp/libgcc.a(_udivmoddi4.o)
 .ARM.attributes
                0x000004eb       0x1e /home/jennifer/st/stm32cubeclt_1.20.0/GNU-tools-for-STM32/bin/../lib/gcc/arm-none-eabi/13.3.1/thumb/v7e-m/nofp/libgcc.a(_dvmd_tls.o)
 .ARM.attributes
                0x00000509       0x2e /home/jennifer/st/stm32cubeclt_1.20.0/GNU-tools-for-STM32/bin/../lib/gcc/arm-none-eabi/13.3.1/../../../../arm-none-eabi/lib/thumb/v7e-m/nofp/libg.a(libc_a-findfp.o)
 .ARM.attributes
                0x00000537       0x2e /home/jennifer/st/stm32cubeclt_1.20.0/GNU-tools-for-STM32/bin/../lib/gcc/arm-none-eabi/13.3.1/../../../../arm-none-eabi/lib/thumb/v7e-m/nofp/libg.a(libc_a-memset.o)
 .ARM.attributes
                0x00000565       0x2e /home/jennifer/st/stm32cubeclt_1.20.0/GNU-tools-for-STM32/bin/../lib/gcc/arm-none-eabi/13.3.1/../../../../arm-none-eabi/lib/thumb/v7e-m/nofp/libg.a(libc_a-impure.o)
 .ARM.attributes
                0x00000593       0x2e /home/jennifer/st/stm32cubeclt_1.20.0/GNU-tools-for-STM32/bin/../lib/gcc/arm-none-eabi/13.3.1/../../../../arm-none-eabi/lib/thumb/v7e-m/nofp/libg.a(libc_a-errno.o)
 .ARM.attributes
                0x000005c1       0x2e /home/jennifer/st/stm32cubeclt_1.20.0/GNU-tools-for-STM32/bin/../lib/gcc/arm-none-eabi/13.3.1/../../../../arm-none-eabi/lib/thumb/v7e-m/nofp/libg.a(libc_a-init.o)
 .ARM.attributes
                0x000005ef       0x2e /home/jennifer/st/stm32cubeclt_1.20.0/GNU-tools-for-STM32/bin/../lib/gcc/arm-none-eabi/13.3.1/../../../../arm-none-eabi/lib/thumb/v7e-m/nofp/libg.a(libc_a-lock.o)
 .ARM.attributes
                0x0000061d       0x2e /home/jennifer/st/stm32cubeclt_1.20.0/GNU-tools-for-STM32/bin/../lib/gcc/arm-none-eabi/13.3.1/../../../../arm-none-eabi/lib/thumb/v7e-m/nofp/libg.a(libc_a-__call_atexit.o)
 .ARM.attributes
                0x0000064b       0x2e /home/jennifer/st/stm32cubeclt_1.20.0/GNU-tools-for-STM32/bin/../lib/gcc/arm-none-eabi/13.3.1/../../../../arm-none-eabi/lib/thumb/v7e-m/nofp/libg.a(libc_a-atexit.o)
 .ARM.attributes
                0x00000679       0x2e /home/jennifer/st/stm32cubeclt_1.20.0/GNU-tools-for-STM32/bin/../lib/gcc/arm-none-eabi/13.3.1/../../../../arm-none-eabi/lib/thumb/v7e-m/nofp/libg.a(libc_a-fini.o)
 .ARM.attributes
                0x000006a7       0x2e /home/jennifer/st/stm32cubeclt_1.20.0/GNU-tools-for-STM32/bin/../lib/gcc/arm-none-eabi/13.3.1/../../../../arm-none-eabi/lib/thumb/v7e-m/nofp/libg.a(libc_a-__atexit.o)
 .ARM.attributes
                0x000006d5       0x1e /home/jennifer/st/stm32cubeclt_1.20.0/GNU-tools-for-STM32/bin/../lib/gcc/arm-none-eabi/13.3.1/thumb/v7e-m/nofp/crtn.o

.comment        0x00000000       0x43
 .comment       0x00000000       0x43 /tmp/ccKqtQrI.o
                                 0x44 (size before relaxing)
 .comment       0x00000043        0x0 /tmp/ccHO5e8O.o
                                 0x44 (size before relaxing)
 .comment       0x00000043        0x0 /tmp/ccsdaCbU.o
                                 0x44 (size before relaxing)
 .comment       0x00000043        0x0 /tmp/ccrJOvSg.o
                                 0x44 (size before relaxing)
 .comment       0x00000043        0x0 /tmp/ccsHu2um.o
                                 0x44 (size before relaxing)
 .comment       0x00000043        0x0 /tmp/cc4baWa3.o
                                 0x44 (size before relaxing)
 .comment       0x00000043        0x0 /tmp/ccfxrLjl.o
                                 0x44 (size before relaxing)
 .comment       0x00000043        0x0 /tmp/ccFLaOU4.o
                                 0x44 (size before relaxing)
 .comment       0x00000043        0x0 /tmp/ccjmjUUT.o
                                 0x44 (size before relaxing)
 .comment       0x00000043        0x0 /tmp/ccP4E9FR.o
                                 0x44 (size before relaxing)
 .comment       0x00000043        0x0 /tmp/cc1HlXvI.o
                                 0x44 (size before relaxing)
 .comment       0x00000043        0x0 /tmp/ccOapZGZ.o
                                 0x44 (size before relaxing)
 .comment       0x00000043        0x0 /tmp/ccSX6cTb.o
                                 0x44 (size before relaxing)
 .comment       0x00000043        0x0 /home/jennifer/st/stm32cubeclt_1.20.0/GNU-tools-for-STM32/bin/../lib/gcc/arm-none-eabi/13.3.1/../../../../arm-none-eabi/lib/thumb/v7e-m/nofp/libg.a(libc_a-findfp.o)
                                 0x44 (size before relaxing)
 .comment       0x00000043        0x0 /home/jennifer/st/stm32cubeclt_1.20.0/GNU-tools-for-STM32/bin/../lib/gcc/arm-none-eabi/13.3.1/../../../../arm-none-eabi/lib/thumb/v7e-m/nofp/libg.a(libc_a-memset.o)
                                 0x44 (size before relaxing)
 .comment       0x00000043        0x0 /home/jennifer/st/stm32cubeclt_1.20.0/GNU-tools-for-STM32/bin/../lib/gcc/arm-none-eabi/13.3.1/../../../../arm-none-eabi/lib/thumb/v7e-m/nofp/libg.a(libc_a-impure.o)
                                 0x44 (size before relaxing)
 .comment       0x00000043        0x0 /home/jennifer/st/stm32cubeclt_1.20.0/GNU-tools-for-STM32/bin/../lib/gcc/arm-none-eabi/13.3.1/../../../../arm-none-eabi/lib/thumb/v7e-m/nofp/libg.a(libc_a-errno.o)
                                 0x44 (size before relaxing)
 .comment       0x00000043        0x0 /home/jennifer/st/stm32cubeclt_1.20.0/GNU-tools-for-STM32/bin/../lib/gcc/arm-none-eabi/13.3.1/../../../../arm-none-eabi/lib/thumb/v7e-m/nofp/libg.a(libc_a-init.o)
                                 0x44 (size before relaxing)
 .comment       0x00000043        0x0 /home/jennifer/st/stm32cubeclt_1.20.0/GNU-tools-for-STM32/bin/../lib/gcc/arm-none-eabi/13.3.1/../../../../arm-none-eabi/lib/thumb/v7e-m/nofp/libg.a(libc_a-lock.o)
                                 0x44 (size before relaxing)
 .comment       0x00000043        0x0 /home/jennifer/st/stm32cubeclt_1.20.0/GNU-tools-for-STM32/bin/../lib/gcc/arm-none-eabi/13.3.1/../../../../arm-none-eabi/lib/thumb/v7e-m/nofp/libg.a(libc_a-__call_atexit.o)
                                 0x44 (size before relaxing)
 .comment       0x00000043        0x0 /home/jennifer/st/stm32cubeclt_1.20.0/GNU-tools-for-STM32/bin/../lib/gcc/arm-none-eabi/13.3.1/../../../../arm-none-eabi/lib/thumb/v7e-m/nofp/libg.a(libc_a-atexit.o)
                                 0x44 (size before relaxing)
 .comment       0x00000043        0x0 /home/jennifer/st/stm32cubeclt_1.20.0/GNU-tools-for-STM32/bin/../lib/gcc/arm-none-eabi/13.3.1/../../../../arm-none-eabi/lib/thumb/v7e-m/nofp/libg.a(libc_a-fini.o)
                                 0x44 (size before relaxing)
 .comment       0x00000043        0x0 /home/jennifer/st/stm32cubeclt_1.20.0/GNU-tools-for-STM32/bin/../lib/gcc/arm-none-eabi/13.3.1/../../../../arm-none-eabi/lib/thumb/v7e-m/nofp/libg.a(libc_a-__atexit.o)
                                 0x44 (size before relaxing)

.debug_info     0x00000000     0xf3c9
 .debug_info    0x00000000     0x1d3f /tmp/ccKqtQrI.o
 .debug_info    0x00001d3f      0xf68 /tmp/ccHO5e8O.o
 .debug_info    0x00002ca7     0x2ebe /tmp/ccsdaCbU.o
 .debug_info    0x00005b65      0x2be /tmp/ccrJOvSg.o
 .debug_info    0x00005e23      0xadb /tmp/ccsHu2um.o
 .debug_info    0x000068fe      0xbee /tmp/cc4baWa3.o
 .debug_info    0x000074ec      0x384 /tmp/ccfxrLjl.o
 .debug_info    0x00007870      0xd58 /tmp/ccFLaOU4.o
 .debug_info    0x000085c8      0x81a /tmp/ccjmjUUT.o
 .debug_info    0x00008de2      0xadf /tmp/ccP4E9FR.o
 .debug_info    0x000098c1      0xf08 /tmp/cc1HlXvI.o
 .debug_info    0x0000a7c9      0xb67 /tmp/ccOapZGZ.o
 .debug_info    0x0000b330     0x16a1 /tmp/ccSX6cTb.o
 .debug_info    0x0000c9d1       0x30 /tmp/ccZ7WKS0.o
 .debug_info    0x0000ca01      0xfee /home/jennifer/st/stm32cubeclt_1.20.0/GNU-tools-for-STM32/bin/../lib/gcc/arm-none-eabi/13.3.1/../../../../arm-none-eabi/lib/thumb/v7e-m/nofp/libg.a(libc_a-findfp.o)
 .debug_info    0x0000d9ef       0xe0 /home/jennifer/st/stm32cubeclt_1.20.0/GNU-tools-for-STM32/bin/../lib/gcc/arm-none-eabi/13.3.1/../../../../arm-none-eabi/lib/thumb/v7e-m/nofp/libg.a(libc_a-memset.o)
 .debug_info    0x0000dacf      0x750 /home/jennifer/st/stm32cubeclt_1.20.0/GNU-tools-for-STM32/bin/../lib/gcc/arm-none-eabi/13.3.1/../../../../arm-none-eabi/lib/thumb/v7e-m/nofp/libg.a(libc_a-impure.o)
 .debug_info    0x0000e21f      0x736 /home/jennifer/st/stm32cubeclt_1.20.0/GNU-tools-for-STM32/bin/../lib/gcc/arm-none-eabi/13.3.1/../../../../arm-none-eabi/lib/thumb/v7e-m/nofp/libg.a(libc_a-errno.o)
 .debug_info    0x0000e955      0x10b /home/jennifer/st/stm32cubeclt_1.20.0/GNU-tools-for-STM32/bin/../lib/gcc/arm-none-eabi/13.3.1/../../../../arm-none-eabi/lib/thumb/v7e-m/nofp/libg.a(libc_a-init.o)
 .debug_info    0x0000ea60      0x218 /home/jennifer/st/stm32cubeclt_1.20.0/GNU-tools-for-STM32/bin/../lib/gcc/arm-none-eabi/13.3.1/../../../../arm-none-eabi/lib/thumb/v7e-m/nofp/libg.a(libc_a-lock.o)
 .debug_info    0x0000ec78      0x2dd /home/jennifer/st/stm32cubeclt_1.20.0/GNU-tools-for-STM32/bin/../lib/gcc/arm-none-eabi/13.3.1/../../../../arm-none-eabi/lib/thumb/v7e-m/nofp/libg.a(libc_a-__call_atexit.o)
 .debug_info    0x0000ef55      0x11e /home/jennifer/st/stm32cubeclt_1.20.0/GNU-tools-for-STM32/bin/../lib/gcc/arm-none-eabi/13.3.1/../../../../arm-none-eabi/lib/thumb/v7e-m/nofp/libg.a(libc_a-atexit.o)
 .debug_info    0x0000f073       0xf7 /home/jennifer/st/stm32cubeclt_1.20.0/GNU-tools-for-STM32/bin/../lib/gcc/arm-none-eabi/13.3.1/../../../../arm-none-eabi/lib/thumb/v7e-m/nofp/libg.a(libc_a-fini.o)
 .debug_info    0x0000f16a      0x25f /home/jennifer/st/stm32cubeclt_1.20.0/GNU-tools-for-STM32/bin/../lib/gcc/arm-none-eabi/13.3.1/../../../../arm-none-eabi/lib/thumb/v7e-m/nofp/libg.a(libc_a-__atexit.o)

.debug_abbrev   0x00000000     0x2d88
 .debug_abbrev  0x00000000      0x42e /tmp/ccKqtQrI.o
 .debug_abbrev  0x0000042e      0x203 /tmp/ccHO5e8O.o
 .debug_abbrev  0x00000631      0x490 /tmp/ccsdaCbU.o
 .debug_abbrev  0x00000ac1      0x1be /tmp/ccrJOvSg.o
 .debug_abbrev  0x00000c7f      0x1d5 /tmp/ccsHu2um.o
 .debug_abbrev  0x00000e54      0x1da /tmp/cc4baWa3.o
 .debug_abbrev  0x0000102e      0x129 /tmp/ccfxrLjl.o
 .debug_abbrev  0x00001157      0x225 /tmp/ccFLaOU4.o
 .debug_abbrev  0x0000137c      0x208 /tmp/ccjmjUUT.o
 .debug_abbrev  0x00001584      0x2e6 /tmp/ccP4E9FR.o
 .debug_abbrev  0x0000186a      0x1c9 /tmp/cc1HlXvI.o
 .debug_abbrev  0x00001a33      0x22d /tmp/ccOapZGZ.o
 .debug_abbrev  0x00001c60      0x1e5 /tmp/ccSX6cTb.o
 .debug_abbrev  0x00001e45       0x24 /tmp/ccZ7WKS0.o
 .debug_abbrev  0x00001e69      0x462 /home/jennifer/st/stm32cubeclt_1.20.0/GNU-tools-for-STM32/bin/../lib/gcc/arm-none-eabi/13.3.1/../../../../arm-none-eabi/lib/thumb/v7e-m/nofp/libg.a(libc_a-findfp.o)
 .debug_abbrev  0x000022cb       0x9e /home/jennifer/st/stm32cubeclt_1.20.0/GNU-tools-for-STM32/bin/../lib/gcc/arm-none-eabi/13.3.1/../../../../arm-none-eabi/lib/thumb/v7e-m/nofp/libg.a(libc_a-memset.o)
 .debug_abbrev  0x00002369      0x185 /home/jennifer/st/stm32cubeclt_1.20.0/GNU-tools-for-STM32/bin/../lib/gcc/arm-none-eabi/13.3.1/../../../../arm-none-eabi/lib/thumb/v7e-m/nofp/libg.a(libc_a-impure.o)
 .debug_abbrev  0x000024ee      0x19a /home/jennifer/st/stm32cubeclt_1.20.0/GNU-tools-for-STM32/bin/../lib/gcc/arm-none-eabi/13.3.1/../../../../arm-none-eabi/lib/thumb/v7e-m/nofp/libg.a(libc_a-errno.o)
 .debug_abbrev  0x00002688       0xc9 /home/jennifer/st/stm32cubeclt_1.20.0/GNU-tools-for-STM32/bin/../lib/gcc/arm-none-eabi/13.3.1/../../../../arm-none-eabi/lib/thumb/v7e-m/nofp/libg.a(libc_a-init.o)
 .debug_abbrev  0x00002751      0x115 /home/jennifer/st/stm32cubeclt_1.20.0/GNU-tools-for-STM32/bin/../lib/gcc/arm-none-eabi/13.3.1/../../../../arm-none-eabi/lib/thumb/v7e-m/nofp/libg.a(libc_a-lock.o)
 .debug_abbrev  0x00002866      0x20c /home/jennifer/st/stm32cubeclt_1.20.0/GNU-tools-for-STM32/bin/../lib/gcc/arm-none-eabi/13.3.1/../../../../arm-none-eabi/lib/thumb/v7e-m/nofp/libg.a(libc_a-__call_atexit.o)
 .debug_abbrev  0x00002a72       0xc1 /home/jennifer/st/stm32cubeclt_1.20.0/GNU-tools-for-STM32/bin/../lib/gcc/arm-none-eabi/13.3.1/../../../../arm-none-eabi/lib/thumb/v7e-m/nofp/libg.a(libc_a-atexit.o)
 .debug_abbrev  0x00002b33       0xcc /home/jennifer/st/stm32cubeclt_1.20.0/GNU-tools-for-STM32/bin/../lib/gcc/arm-none-eabi/13.3.1/../../../../arm-none-eabi/lib/thumb/v7e-m/nofp/libg.a(libc_a-fini.o)
 .debug_abbrev  0x00002bff      0x189 /home/jennifer/st/stm32cubeclt_1.20.0/GNU-tools-for-STM32/bin/../lib/gcc/arm-none-eabi/13.3.1/../../../../arm-none-eabi/lib/thumb/v7e-m/nofp/libg.a(libc_a-__atexit.o)

.debug_loclists
                0x00000000     0x4e9c
 .debug_loclists
                0x00000000      0x1cf /tmp/ccKqtQrI.o
 .debug_loclists
                0x000001cf       0x33 /tmp/ccHO5e8O.o
 .debug_loclists
                0x00000202     0x16e1 /tmp/ccsdaCbU.o
 .debug_loclists
                0x000018e3       0xfa /tmp/ccrJOvSg.o
 .debug_loclists
                0x000019dd      0x618 /tmp/ccsHu2um.o
 .debug_loclists
                0x00001ff5      0x757 /tmp/cc4baWa3.o
 .debug_loclists
                0x0000274c      0x111 /tmp/ccfxrLjl.o
 .debug_loclists
                0x0000285d      0x7a4 /tmp/ccFLaOU4.o
 .debug_loclists
                0x00003001      0x4d7 /tmp/ccjmjUUT.o
 .debug_loclists
                0x000034d8      0x24d /tmp/ccP4E9FR.o
 .debug_loclists
                0x00003725      0x6cf /tmp/cc1HlXvI.o
 .debug_loclists
                0x00003df4      0x352 /tmp/ccOapZGZ.o
 .debug_loclists
                0x00004146      0x81d /tmp/ccSX6cTb.o
 .debug_loclists
                0x00004963      0x2ac /home/jennifer/st/stm32cubeclt_1.20.0/GNU-tools-for-STM32/bin/../lib/gcc/arm-none-eabi/13.3.1/../../../../arm-none-eabi/lib/thumb/v7e-m/nofp/libg.a(libc_a-findfp.o)
 .debug_loclists
                0x00004c0f       0x4d /home/jennifer/st/stm32cubeclt_1.20.0/GNU-tools-for-STM32/bin/../lib/gcc/arm-none-eabi/13.3.1/../../../../arm-none-eabi/lib/thumb/v7e-m/nofp/libg.a(libc_a-memset.o)
 .debug_loclists
                0x00004c5c       0x44 /home/jennifer/st/stm32cubeclt_1.20.0/GNU-tools-for-STM32/bin/../lib/gcc/arm-none-eabi/13.3.1/../../../../arm-none-eabi/lib/thumb/v7e-m/nofp/libg.a(libc_a-init.o)
 .debug_loclists
                0x00004ca0       0x29 /home/jennifer/st/stm32cubeclt_1.20.0/GNU-tools-for-STM32/bin/../lib/gcc/arm-none-eabi/13.3.1/../../../../arm-none-eabi/lib/thumb/v7e-m/nofp/libg.a(libc_a-lock.o)
 .debug_loclists
                0x00004cc9       0xda /home/jennifer/st/stm32cubeclt_1.20.0/GNU-tools-for-STM32/bin/../lib/gcc/arm-none-eabi/13.3.1/../../../../arm-none-eabi/lib/thumb/v7e-m/nofp/libg.a(libc_a-__call_atexit.o)
 .debug_loclists
                0x00004da3       0x30 /home/jennifer/st/stm32cubeclt_1.20.0/GNU-tools-for-STM32/bin/../lib/gcc/arm-none-eabi/13.3.1/../../../../arm-none-eabi/lib/thumb/v7e-m/nofp/libg.a(libc_a-atexit.o)
 .debug_loclists
                0x00004dd3       0x3b /home/jennifer/st/stm32cubeclt_1.20.0/GNU-tools-for-STM32/bin/../lib/gcc/arm-none-eabi/13.3.1/../../../../arm-none-eabi/lib/thumb/v7e-m/nofp/libg.a(libc_a-fini.o)
 .debug_loclists
                0x00004e0e       0x8e /home/jennifer/st/stm32cubeclt_1.20.0/GNU-tools-for-STM32/bin/../lib/gcc/arm-none-eabi/13.3.1/../../../../arm-none-eabi/lib/thumb/v7e-m/nofp/libg.a(libc_a-__atexit.o)

.debug_aranges  0x00000000     0x1050
 .debug_aranges
                0x00000000       0xb0 /tmp/ccKqtQrI.o
 .debug_aranges
                0x000000b0       0x28 /tmp/ccHO5e8O.o
 .debug_aranges
                0x000000d8      0x310 /tmp/ccsdaCbU.o
 .debug_aranges
                0x000003e8       0x48 /tmp/ccrJOvSg.o
 .debug_aranges
                0x00000430      0x138 /tmp/ccsHu2um.o
 .debug_aranges
                0x00000568       0xf8 /tmp/cc4baWa3.o
 .debug_aranges
                0x00000660       0x78 /tmp/ccfxrLjl.o
 .debug_aranges
                0x000006d8      0x130 /tmp/ccFLaOU4.o
 .debug_aranges
                0x00000808       0xb0 /tmp/ccjmjUUT.o
 .debug_aranges
                0x000008b8       0x90 /tmp/ccP4E9FR.o
 .debug_aranges
                0x00000948      0x150 /tmp/cc1HlXvI.o
 .debug_aranges
                0x00000a98      0x160 /tmp/ccOapZGZ.o
 .debug_aranges
                0x00000bf8      0x250 /tmp/ccSX6cTb.o
 .debug_aranges
                0x00000e48       0x28 /tmp/ccZ7WKS0.o
 .debug_aranges
                0x00000e70       0x78 /home/jennifer/st/stm32cubeclt_1.20.0/GNU-tools-for-STM32/bin/../lib/gcc/arm-none-eabi/13.3.1/../../../../arm-none-eabi/lib/thumb/v7e-m/nofp/libg.a(libc_a-findfp.o)
 .debug_aranges
                0x00000ee8       0x20 /home/jennifer/st/stm32cubeclt_1.20.0/GNU-tools-for-STM32/bin/../lib/gcc/arm-none-eabi/13.3.1/../../../../arm-none-eabi/lib/thumb/v7e-m/nofp/libg.a(libc_a-memset.o)
 .debug_aranges
                0x00000f08       0x18 /home/jennifer/st/stm32cubeclt_1.20.0/GNU-tools-for-STM32/bin/../lib/gcc/arm-none-eabi/13.3.1/../../../../arm-none-eabi/lib/thumb/v7e-m/nofp/libg.a(libc_a-impure.o)
 .debug_aranges
                0x00000f20       0x20 /home/jennifer/st/stm32cubeclt_1.20.0/GNU-tools-for-STM32/bin/../lib/gcc/arm-none-eabi/13.3.1/../../../../arm-none-eabi/lib/thumb/v7e-m/nofp/libg.a(libc_a-errno.o)
 .debug_aranges
                0x00000f40       0x20 /home/jennifer/st/stm32cubeclt_1.20.0/GNU-tools-for-STM32/bin/../lib/gcc/arm-none-eabi/13.3.1/../../../../arm-none-eabi/lib/thumb/v7e-m/nofp/libg.a(libc_a-init.o)
 .debug_aranges
                0x00000f60       0x68 /home/jennifer/st/stm32cubeclt_1.20.0/GNU-tools-for-STM32/bin/../lib/gcc/arm-none-eabi/13.3.1/../../../../arm-none-eabi/lib/thumb/v7e-m/nofp/libg.a(libc_a-lock.o)
 .debug_aranges
                0x00000fc8       0x28 /home/jennifer/st/stm32cubeclt_1.20.0/GNU-tools-for-STM32/bin/../lib/gcc/arm-none-eabi/13.3.1/../../../../arm-none-eabi/lib/thumb/v7e-m/nofp/libg.a(libc_a-__call_atexit.o)
 .debug_aranges
                0x00000ff0       0x20 /home/jennifer/st/stm32cubeclt_1.20.0/GNU-tools-for-STM32/bin/../lib/gcc/arm-none-eabi/13.3.1/../../../../arm-none-eabi/lib/thumb/v7e-m/nofp/libg.a(libc_a-atexit.o)
 .debug_aranges
                0x00001010       0x20 /home/jennifer/st/stm32cubeclt_1.20.0/GNU-tools-for-STM32/bin/../lib/gcc/arm-none-eabi/13.3.1/../../../../arm-none-eabi/lib/thumb/v7e-m/nofp/libg.a(libc_a-fini.o)
 .debug_aranges
                0x00001030       0x20 /home/jennifer/st/stm32cubeclt_1.20.0/GNU-tools-for-STM32/bin/../lib/gcc/arm-none-eabi/13.3.1/../../../../arm-none-eabi/lib/thumb/v7e-m/nofp/libg.a(libc_a-__atexit.o)

.debug_rnglists
                0x00000000      0xc63
 .debug_rnglists
                0x00000000       0x9c /tmp/ccKqtQrI.o
 .debug_rnglists
                0x0000009c       0x1a /tmp/ccHO5e8O.o
 .debug_rnglists
                0x000000b6      0x286 /tmp/ccsdaCbU.o
 .debug_rnglists
                0x0000033c       0x34 /tmp/ccrJOvSg.o
 .debug_rnglists
                0x00000370       0xe6 /tmp/ccsHu2um.o
 .debug_rnglists
                0x00000456       0xb6 /tmp/cc4baWa3.o
 .debug_rnglists
                0x0000050c       0x56 /tmp/ccfxrLjl.o
 .debug_rnglists
                0x00000562       0xe6 /tmp/ccFLaOU4.o
 .debug_rnglists
                0x00000648       0x81 /tmp/ccjmjUUT.o
 .debug_rnglists
                0x000006c9       0x67 /tmp/ccP4E9FR.o
 .debug_rnglists
                0x00000730       0xf9 /tmp/cc1HlXvI.o
 .debug_rnglists
                0x00000829      0x104 /tmp/ccOapZGZ.o
 .debug_rnglists
                0x0000092d      0x1bd /tmp/ccSX6cTb.o
 .debug_rnglists
                0x00000aea       0x19 /tmp/ccZ7WKS0.o
 .debug_rnglists
                0x00000b03       0x7a /home/jennifer/st/stm32cubeclt_1.20.0/GNU-tools-for-STM32/bin/../lib/gcc/arm-none-eabi/13.3.1/../../../../arm-none-eabi/lib/thumb/v7e-m/nofp/libg.a(libc_a-findfp.o)
 .debug_rnglists
                0x00000b7d       0x13 /home/jennifer/st/stm32cubeclt_1.20.0/GNU-tools-for-STM32/bin/../lib/gcc/arm-none-eabi/13.3.1/../../../../arm-none-eabi/lib/thumb/v7e-m/nofp/libg.a(libc_a-memset.o)
 .debug_rnglists
                0x00000b90       0x13 /home/jennifer/st/stm32cubeclt_1.20.0/GNU-tools-for-STM32/bin/../lib/gcc/arm-none-eabi/13.3.1/../../../../arm-none-eabi/lib/thumb/v7e-m/nofp/libg.a(libc_a-errno.o)
 .debug_rnglists
                0x00000ba3       0x13 /home/jennifer/st/stm32cubeclt_1.20.0/GNU-tools-for-STM32/bin/../lib/gcc/arm-none-eabi/13.3.1/../../../../arm-none-eabi/lib/thumb/v7e-m/nofp/libg.a(libc_a-init.o)
 .debug_rnglists
                0x00000bb6       0x49 /home/jennifer/st/stm32cubeclt_1.20.0/GNU-tools-for-STM32/bin/../lib/gcc/arm-none-eabi/13.3.1/../../../../arm-none-eabi/lib/thumb/v7e-m/nofp/libg.a(libc_a-lock.o)
 .debug_rnglists
                0x00000bff       0x2a /home/jennifer/st/stm32cubeclt_1.20.0/GNU-tools-for-STM32/bin/../lib/gcc/arm-none-eabi/13.3.1/../../../../arm-none-eabi/lib/thumb/v7e-m/nofp/libg.a(libc_a-__call_atexit.o)
 .debug_rnglists
                0x00000c29       0x13 /home/jennifer/st/stm32cubeclt_1.20.0/GNU-tools-for-STM32/bin/../lib/gcc/arm-none-eabi/13.3.1/../../../../arm-none-eabi/lib/thumb/v7e-m/nofp/libg.a(libc_a-atexit.o)
 .debug_rnglists
                0x00000c3c       0x13 /home/jennifer/st/stm32cubeclt_1.20.0/GNU-tools-for-STM32/bin/../lib/gcc/arm-none-eabi/13.3.1/../../../../arm-none-eabi/lib/thumb/v7e-m/nofp/libg.a(libc_a-fini.o)
 .debug_rnglists
                0x00000c4f       0x14 /home/jennifer/st/stm32cubeclt_1.20.0/GNU-tools-for-STM32/bin/../lib/gcc/arm-none-eabi/13.3.1/../../../../arm-none-eabi/lib/thumb/v7e-m/nofp/libg.a(libc_a-__atexit.o)

.debug_macro    0x00000000     0xdcbf
 .debug_macro   0x00000000      0x1a0 /tmp/ccKqtQrI.o
 .debug_macro   0x000001a0      0xacc /tmp/ccKqtQrI.o
 .debug_macro   0x00000c6c       0x28 /tmp/ccKqtQrI.o
 .debug_macro   0x00000c94       0x22 /tmp/ccKqtQrI.o
 .debug_macro   0x00000cb6       0xd6 /tmp/ccKqtQrI.o
 .debug_macro   0x00000d8c       0x6a /tmp/ccKqtQrI.o
 .debug_macro   0x00000df6       0x3b /tmp/ccKqtQrI.o
 .debug_macro   0x00000e31      0x34e /tmp/ccKqtQrI.o
 .debug_macro   0x0000117f       0x18 /tmp/ccKqtQrI.o
 .debug_macro   0x00001197       0x26 /tmp/ccKqtQrI.o
 .debug_macro   0x000011bd      0xd39 /tmp/ccKqtQrI.o
 .debug_macro   0x00001ef6       0x10 /tmp/ccKqtQrI.o
 .debug_macro   0x00001f06      0x11c /tmp/ccKqtQrI.o
 .debug_macro   0x00002022      0x53c /tmp/ccKqtQrI.o
 .debug_macro   0x0000255e      0x1ce /tmp/ccKqtQrI.o
 .debug_macro   0x0000272c      0x8f3 /tmp/ccKqtQrI.o
 .debug_macro   0x0000301f       0x34 /tmp/ccKqtQrI.o
 .debug_macro   0x00003053      0x194 /tmp/ccKqtQrI.o
 .debug_macro   0x000031e7      0x295 /tmp/ccKqtQrI.o
 .debug_macro   0x0000347c       0xd0 /tmp/ccKqtQrI.o
 .debug_macro   0x0000354c      0x281 /tmp/ccKqtQrI.o
 .debug_macro   0x000037cd     0x136f /tmp/ccKqtQrI.o
 .debug_macro   0x00004b3c      0x571 /tmp/ccKqtQrI.o
 .debug_macro   0x000050ad      0x337 /tmp/ccKqtQrI.o
 .debug_macro   0x000053e4      0x395 /tmp/ccKqtQrI.o
 .debug_macro   0x00005779       0xac /tmp/ccKqtQrI.o
 .debug_macro   0x00005825      0x8dd /tmp/ccKqtQrI.o
 .debug_macro   0x00006102      0x2e0 /tmp/ccKqtQrI.o
 .debug_macro   0x000063e2      0x1dc /tmp/ccKqtQrI.o
 .debug_macro   0x000065be      0x18e /tmp/ccKqtQrI.o
 .debug_macro   0x0000674c      0xb0f /tmp/ccKqtQrI.o
 .debug_macro   0x0000725b       0xee /tmp/ccKqtQrI.o
 .debug_macro   0x00007349      0x609 /tmp/ccKqtQrI.o
 .debug_macro   0x00007952      0x3ca /tmp/ccKqtQrI.o
 .debug_macro   0x00007d1c      0x9a4 /tmp/ccKqtQrI.o
 .debug_macro   0x000086c0      0x39a /tmp/ccKqtQrI.o
 .debug_macro   0x00008a5a       0x70 /tmp/ccKqtQrI.o
 .debug_macro   0x00008aca       0x10 /tmp/ccKqtQrI.o
 .debug_macro   0x00008ada       0xe7 /tmp/ccKqtQrI.o
 .debug_macro   0x00008bc1      0x1f8 /tmp/ccHO5e8O.o
 .debug_macro   0x00008db9       0xe1 /tmp/ccHO5e8O.o
 .debug_macro   0x00008e9a       0x1c /tmp/ccHO5e8O.o
 .debug_macro   0x00008eb6       0x1c /tmp/ccHO5e8O.o
 .debug_macro   0x00008ed2       0x1c /tmp/ccHO5e8O.o
 .debug_macro   0x00008eee       0x1c /tmp/ccHO5e8O.o
 .debug_macro   0x00008f0a       0x1c /tmp/ccHO5e8O.o
 .debug_macro   0x00008f26       0x1c /tmp/ccHO5e8O.o
 .debug_macro   0x00008f42       0x1c /tmp/ccHO5e8O.o
 .debug_macro   0x00008f5e       0x1c /tmp/ccHO5e8O.o
 .debug_macro   0x00008f7a       0x1c /tmp/ccHO5e8O.o
 .debug_macro   0x00008f96       0x1c /tmp/ccHO5e8O.o
 .debug_macro   0x00008fb2       0x1c /tmp/ccHO5e8O.o
 .debug_macro   0x00008fce       0x1c /tmp/ccHO5e8O.o
 .debug_macro   0x00008fea      0x2d8 /tmp/ccsdaCbU.o
 .debug_macro   0x000092c2       0x22 /tmp/ccsdaCbU.o
 .debug_macro   0x000092e4       0x6e /tmp/ccsdaCbU.o
 .debug_macro   0x00009352       0x24 /tmp/ccsdaCbU.o
 .debug_macro   0x00009376       0x94 /tmp/ccsdaCbU.o
 .debug_macro   0x0000940a       0x3c /tmp/ccsdaCbU.o
 .debug_macro   0x00009446       0x34 /tmp/ccsdaCbU.o
 .debug_macro   0x0000947a      0x190 /tmp/ccsdaCbU.o
 .debug_macro   0x0000960a       0x57 /tmp/ccsdaCbU.o
 .debug_macro   0x00009661      0x370 /tmp/ccsdaCbU.o
 .debug_macro   0x000099d1       0x16 /tmp/ccsdaCbU.o
 .debug_macro   0x000099e7       0x4a /tmp/ccsdaCbU.o
 .debug_macro   0x00009a31       0x34 /tmp/ccsdaCbU.o
 .debug_macro   0x00009a65       0x10 /tmp/ccsdaCbU.o
 .debug_macro   0x00009a75       0x58 /tmp/ccsdaCbU.o
 .debug_macro   0x00009acd      0x1e5 /tmp/ccsdaCbU.o
 .debug_macro   0x00009cb2      0x19b /tmp/ccsdaCbU.o
 .debug_macro   0x00009e4d       0x16 /tmp/ccsdaCbU.o
 .debug_macro   0x00009e63       0x3c /tmp/ccsdaCbU.o
 .debug_macro   0x00009e9f       0x20 /tmp/ccsdaCbU.o
 .debug_macro   0x00009ebf      0x191 /tmp/ccrJOvSg.o
 .debug_macro   0x0000a050      0x16b /tmp/ccsHu2um.o
 .debug_macro   0x0000a1bb      0x1c8 /tmp/ccsHu2um.o
 .debug_macro   0x0000a383      0x254 /tmp/cc4baWa3.o
 .debug_macro   0x0000a5d7      0x27b /tmp/cc4baWa3.o
 .debug_macro   0x0000a852      0x171 /tmp/ccfxrLjl.o
 .debug_macro   0x0000a9c3      0x331 /tmp/ccfxrLjl.o
 .debug_macro   0x0000acf4      0x16b /tmp/ccFLaOU4.o
 .debug_macro   0x0000ae5f      0x38f /tmp/ccFLaOU4.o
 .debug_macro   0x0000b1ee      0x1a1 /tmp/ccjmjUUT.o
 .debug_macro   0x0000b38f      0x8d7 /tmp/ccjmjUUT.o
 .debug_macro   0x0000bc66      0x16b /tmp/ccP4E9FR.o
 .debug_macro   0x0000bdd1      0x1d6 /tmp/ccP4E9FR.o
 .debug_macro   0x0000bfa7      0x1a7 /tmp/cc1HlXvI.o
 .debug_macro   0x0000c14e      0xb09 /tmp/cc1HlXvI.o
 .debug_macro   0x0000cc57      0x19b /tmp/ccOapZGZ.o
 .debug_macro   0x0000cdf2      0x3c4 /tmp/ccOapZGZ.o
 .debug_macro   0x0000d1b6      0x16b /tmp/ccSX6cTb.o
 .debug_macro   0x0000d321      0x99e /tmp/ccSX6cTb.o

.debug_line     0x00000000     0xc8d0
 .debug_line    0x00000000      0xa0e /tmp/ccKqtQrI.o
 .debug_line    0x00000a0e      0x78f /tmp/ccHO5e8O.o
 .debug_line    0x0000119d     0x26fd /tmp/ccsdaCbU.o
 .debug_line    0x0000389a      0x871 /tmp/ccrJOvSg.o
 .debug_line    0x0000410b      0xd3a /tmp/ccsHu2um.o
 .debug_line    0x00004e45      0xd2c /tmp/cc4baWa3.o
 .debug_line    0x00005b71      0x641 /tmp/ccfxrLjl.o
 .debug_line    0x000061b2     0x10ce /tmp/ccFLaOU4.o
 .debug_line    0x00007280      0x964 /tmp/ccjmjUUT.o
 .debug_line    0x00007be4      0x817 /tmp/ccP4E9FR.o
 .debug_line    0x000083fb      0xdbb /tmp/cc1HlXvI.o
 .debug_line    0x000091b6      0xb96 /tmp/ccOapZGZ.o
 .debug_line    0x00009d4c     0x1765 /tmp/ccSX6cTb.o
 .debug_line    0x0000b4b1       0x75 /tmp/ccZ7WKS0.o
 .debug_line    0x0000b526      0x5c0 /home/jennifer/st/stm32cubeclt_1.20.0/GNU-tools-for-STM32/bin/../lib/gcc/arm-none-eabi/13.3.1/../../../../arm-none-eabi/lib/thumb/v7e-m/nofp/libg.a(libc_a-findfp.o)
 .debug_line    0x0000bae6      0x17e /home/jennifer/st/stm32cubeclt_1.20.0/GNU-tools-for-STM32/bin/../lib/gcc/arm-none-eabi/13.3.1/../../../../arm-none-eabi/lib/thumb/v7e-m/nofp/libg.a(libc_a-memset.o)
 .debug_line    0x0000bc64      0x163 /home/jennifer/st/stm32cubeclt_1.20.0/GNU-tools-for-STM32/bin/../lib/gcc/arm-none-eabi/13.3.1/../../../../arm-none-eabi/lib/thumb/v7e-m/nofp/libg.a(libc_a-impure.o)
 .debug_line    0x0000bdc7      0x185 /home/jennifer/st/stm32cubeclt_1.20.0/GNU-tools-for-STM32/bin/../lib/gcc/arm-none-eabi/13.3.1/../../../../arm-none-eabi/lib/thumb/v7e-m/nofp/libg.a(libc_a-errno.o)
 .debug_line    0x0000bf4c      0x170 /home/jennifer/st/stm32cubeclt_1.20.0/GNU-tools-for-STM32/bin/../lib/gcc/arm-none-eabi/13.3.1/../../../../arm-none-eabi/lib/thumb/v7e-m/nofp/libg.a(libc_a-init.o)
 .debug_line    0x0000c0bc      0x19b /home/jennifer/st/stm32cubeclt_1.20.0/GNU-tools-for-STM32/bin/../lib/gcc/arm-none-eabi/13.3.1/../../../../arm-none-eabi/lib/thumb/v7e-m/nofp/libg.a(libc_a-lock.o)
 .debug_line    0x0000c257      0x29e /home/jennifer/st/stm32cubeclt_1.20.0/GNU-tools-for-STM32/bin/../lib/gcc/arm-none-eabi/13.3.1/../../../../arm-none-eabi/lib/thumb/v7e-m/nofp/libg.a(libc_a-__call_atexit.o)
 .debug_line    0x0000c4f5      0x102 /home/jennifer/st/stm32cubeclt_1.20.0/GNU-tools-for-STM32/bin/../lib/gcc/arm-none-eabi/13.3.1/../../../../arm-none-eabi/lib/thumb/v7e-m/nofp/libg.a(libc_a-atexit.o)
 .debug_line    0x0000c5f7      0x134 /home/jennifer/st/stm32cubeclt_1.20.0/GNU-tools-for-STM32/bin/../lib/gcc/arm-none-eabi/13.3.1/../../../../arm-none-eabi/lib/thumb/v7e-m/nofp/libg.a(libc_a-fini.o)
 .debug_line    0x0000c72b      0x1a5 /home/jennifer/st/stm32cubeclt_1.20.0/GNU-tools-for-STM32/bin/../lib/gcc/arm-none-eabi/13.3.1/../../../../arm-none-eabi/lib/thumb/v7e-m/nofp/libg.a(libc_a-__atexit.o)

.debug_str      0x00000000    0x36444
 .debug_str     0x00000000    0x36444 /tmp/ccKqtQrI.o
                              0x2d4ea (size before relaxing)
 .debug_str     0x00036444        0x0 /tmp/ccHO5e8O.o
                              0x2ca9e (size before relaxing)
 .debug_str     0x00036444        0x0 /tmp/ccsdaCbU.o
                              0x31158 (size before relaxing)
 .debug_str     0x00036444        0x0 /tmp/ccrJOvSg.o
                              0x2bede (size before relaxing)
 .debug_str     0x00036444        0x0 /tmp/ccsHu2um.o
                              0x2c21c (size before relaxing)
 .debug_str     0x00036444        0x0 /tmp/cc4baWa3.o
                              0x2f1da (size before relaxing)
 .debug_str     0x00036444        0x0 /tmp/ccfxrLjl.o
                              0x2bd5a (size before relaxing)
 .debug_str     0x00036444        0x0 /tmp/ccFLaOU4.o
                              0x2bf24 (size before relaxing)
 .debug_str     0x00036444        0x0 /tmp/ccjmjUUT.o
                              0x2c109 (size before relaxing)
 .debug_str     0x00036444        0x0 /tmp/ccP4E9FR.o
                              0x2c37c (size before relaxing)
 .debug_str     0x00036444        0x0 /tmp/cc1HlXvI.o
                              0x2c920 (size before relaxing)
 .debug_str     0x00036444        0x0 /tmp/ccOapZGZ.o
                              0x2c331 (size before relaxing)
 .debug_str     0x00036444        0x0 /tmp/ccSX6cTb.o
                              0x2c90f (size before relaxing)
 .debug_str     0x00036444        0x0 /tmp/ccZ7WKS0.o
                                 0x9f (size before relaxing)
 .debug_str     0x00036444        0x0 /home/jennifer/st/stm32cubeclt_1.20.0/GNU-tools-for-STM32/bin/../lib/gcc/arm-none-eabi/13.3.1/../../../../arm-none-eabi/lib/thumb/v7e-m/nofp/libg.a(libc_a-findfp.o)
                                0x7b3 (size before relaxing)
 .debug_str     0x00036444        0x0 /home/jennifer/st/stm32cubeclt_1.20.0/GNU-tools-for-STM32/bin/../lib/gcc/arm-none-eabi/13.3.1/../../../../arm-none-eabi/lib/thumb/v7e-m/nofp/libg.a(libc_a-memset.o)
                                0x206 (size before relaxing)
 .debug_str     0x00036444        0x0 /home/jennifer/st/stm32cubeclt_1.20.0/GNU-tools-for-STM32/bin/../lib/gcc/arm-none-eabi/13.3.1/../../../../arm-none-eabi/lib/thumb/v7e-m/nofp/libg.a(libc_a-impure.o)
                                0x530 (size before relaxing)
 .debug_str     0x00036444        0x0 /home/jennifer/st/stm32cubeclt_1.20.0/GNU-tools-for-STM32/bin/../lib/gcc/arm-none-eabi/13.3.1/../../../../arm-none-eabi/lib/thumb/v7e-m/nofp/libg.a(libc_a-errno.o)
                                0x525 (size before relaxing)
 .debug_str     0x00036444        0x0 /home/jennifer/st/stm32cubeclt_1.20.0/GNU-tools-for-STM32/bin/../lib/gcc/arm-none-eabi/13.3.1/../../../../arm-none-eabi/lib/thumb/v7e-m/nofp/libg.a(libc_a-init.o)
                                0x267 (size before relaxing)
 .debug_str     0x00036444        0x0 /home/jennifer/st/stm32cubeclt_1.20.0/GNU-tools-for-STM32/bin/../lib/gcc/arm-none-eabi/13.3.1/../../../../arm-none-eabi/lib/thumb/v7e-m/nofp/libg.a(libc_a-lock.o)
                                0x39d (size before relaxing)
 .debug_str     0x00036444        0x0 /home/jennifer/st/stm32cubeclt_1.20.0/GNU-tools-for-STM32/bin/../lib/gcc/arm-none-eabi/13.3.1/../../../../arm-none-eabi/lib/thumb/v7e-m/nofp/libg.a(libc_a-__call_atexit.o)
                                0x343 (size before relaxing)
 .debug_str     0x00036444        0x0 /home/jennifer/st/stm32cubeclt_1.20.0/GNU-tools-for-STM32/bin/../lib/gcc/arm-none-eabi/13.3.1/../../../../arm-none-eabi/lib/thumb/v7e-m/nofp/libg.a(libc_a-atexit.o)
                                0x243 (size before relaxing)
 .debug_str     0x00036444        0x0 /home/jennifer/st/stm32cubeclt_1.20.0/GNU-tools-for-STM32/bin/../lib/gcc/arm-none-eabi/13.3.1/../../../../arm-none-eabi/lib/thumb/v7e-m/nofp/libg.a(libc_a-fini.o)
                                0x23d (size before relaxing)
 .debug_str     0x00036444        0x0 /home/jennifer/st/stm32cubeclt_1.20.0/GNU-tools-for-STM32/bin/../lib/gcc/arm-none-eabi/13.3.1/../../../../arm-none-eabi/lib/thumb/v7e-m/nofp/libg.a(libc_a-__atexit.o)
                                0x31a (size before relaxing)

.debug_frame    0x00000000     0x27fc
 .debug_frame   0x00000000      0x1bc /tmp/ccKqtQrI.o
 .debug_frame   0x000001bc       0x48 /tmp/ccHO5e8O.o
 .debug_frame   0x00000204      0x838 /tmp/ccsdaCbU.o
 .debug_frame   0x00000a3c       0xa4 /tmp/ccrJOvSg.o
 .debug_frame   0x00000ae0      0x270 /tmp/ccsHu2um.o
 .debug_frame   0x00000d50      0x2e4 /tmp/cc4baWa3.o
 .debug_frame   0x00001034       0xdc /tmp/ccfxrLjl.o
 .debug_frame   0x00001110      0x2d8 /tmp/ccFLaOU4.o
 .debug_frame   0x000013e8      0x178 /tmp/ccjmjUUT.o
 .debug_frame   0x00001560      0x10c /tmp/ccP4E9FR.o
 .debug_frame   0x0000166c      0x2a4 /tmp/cc1HlXvI.o
 .debug_frame   0x00001910      0x2c4 /tmp/ccOapZGZ.o
 .debug_frame   0x00001bd4      0x4e4 /tmp/ccSX6cTb.o
 .debug_frame   0x000020b8       0x2c /home/jennifer/st/stm32cubeclt_1.20.0/GNU-tools-for-STM32/bin/../lib/gcc/arm-none-eabi/13.3.1/../../../../arm-none-eabi/lib/thumb/v7e-m/nofp/libm.a(libm_a-wf_pow.o)
 .debug_frame   0x000020e4       0x20 /home/jennifer/st/stm32cubeclt_1.20.0/GNU-tools-for-STM32/bin/../lib/gcc/arm-none-eabi/13.3.1/../../../../arm-none-eabi/lib/thumb/v7e-m/nofp/libm.a(libm_a-sf_finite.o)
 .debug_frame   0x00002104       0x78 /home/jennifer/st/stm32cubeclt_1.20.0/GNU-tools-for-STM32/bin/../lib/gcc/arm-none-eabi/13.3.1/../../../../arm-none-eabi/lib/thumb/v7e-m/nofp/libm.a(libm_a-ef_pow.o)
 .debug_frame   0x0000217c       0x20 /home/jennifer/st/stm32cubeclt_1.20.0/GNU-tools-for-STM32/bin/../lib/gcc/arm-none-eabi/13.3.1/../../../../arm-none-eabi/lib/thumb/v7e-m/nofp/libm.a(libm_a-sf_fabs.o)
 .debug_frame   0x0000219c       0x2c /home/jennifer/st/stm32cubeclt_1.20.0/GNU-tools-for-STM32/bin/../lib/gcc/arm-none-eabi/13.3.1/../../../../arm-none-eabi/lib/thumb/v7e-m/nofp/libm.a(libm_a-sf_scalbn.o)
 .debug_frame   0x000021c8       0xb4 /home/jennifer/st/stm32cubeclt_1.20.0/GNU-tools-for-STM32/bin/../lib/gcc/arm-none-eabi/13.3.1/../../../../arm-none-eabi/lib/thumb/v7e-m/nofp/libm.a(libm_a-math_errf.o)
 .debug_frame   0x0000227c       0x30 /home/jennifer/st/stm32cubeclt_1.20.0/GNU-tools-for-STM32/bin/../lib/gcc/arm-none-eabi/13.3.1/../../../../arm-none-eabi/lib/thumb/v7e-m/nofp/libm.a(libm_a-ef_sqrt.o)
 .debug_frame   0x000022ac       0x4c /home/jennifer/st/stm32cubeclt_1.20.0/GNU-tools-for-STM32/bin/../lib/gcc/arm-none-eabi/13.3.1/thumb/v7e-m/nofp/libgcc.a(_arm_addsubsf3.o)
 .debug_frame   0x000022f8       0x38 /home/jennifer/st/stm32cubeclt_1.20.0/GNU-tools-for-STM32/bin/../lib/gcc/arm-none-eabi/13.3.1/thumb/v7e-m/nofp/libgcc.a(_arm_muldivsf3.o)
 .debug_frame   0x00002330       0xc8 /home/jennifer/st/stm32cubeclt_1.20.0/GNU-tools-for-STM32/bin/../lib/gcc/arm-none-eabi/13.3.1/thumb/v7e-m/nofp/libgcc.a(_arm_cmpsf2.o)
 .debug_frame   0x000023f8       0x24 /home/jennifer/st/stm32cubeclt_1.20.0/GNU-tools-for-STM32/bin/../lib/gcc/arm-none-eabi/13.3.1/thumb/v7e-m/nofp/libgcc.a(_arm_unordsf2.o)
 .debug_frame   0x0000241c       0x24 /home/jennifer/st/stm32cubeclt_1.20.0/GNU-tools-for-STM32/bin/../lib/gcc/arm-none-eabi/13.3.1/thumb/v7e-m/nofp/libgcc.a(_arm_fixunssfsi.o)
 .debug_frame   0x00002440       0x44 /home/jennifer/st/stm32cubeclt_1.20.0/GNU-tools-for-STM32/bin/../lib/gcc/arm-none-eabi/13.3.1/thumb/v7e-m/nofp/libgcc.a(_aeabi_ldivmod.o)
 .debug_frame   0x00002484       0x34 /home/jennifer/st/stm32cubeclt_1.20.0/GNU-tools-for-STM32/bin/../lib/gcc/arm-none-eabi/13.3.1/thumb/v7e-m/nofp/libgcc.a(_udivmoddi4.o)
 .debug_frame   0x000024b8      0x144 /home/jennifer/st/stm32cubeclt_1.20.0/GNU-tools-for-STM32/bin/../lib/gcc/arm-none-eabi/13.3.1/../../../../arm-none-eabi/lib/thumb/v7e-m/nofp/libg.a(libc_a-findfp.o)
 .debug_frame   0x000025fc       0x20 /home/jennifer/st/stm32cubeclt_1.20.0/GNU-tools-for-STM32/bin/../lib/gcc/arm-none-eabi/13.3.1/../../../../arm-none-eabi/lib/thumb/v7e-m/nofp/libg.a(libc_a-memset.o)
 .debug_frame   0x0000261c       0x20 /home/jennifer/st/stm32cubeclt_1.20.0/GNU-tools-for-STM32/bin/../lib/gcc/arm-none-eabi/13.3.1/../../../../arm-none-eabi/lib/thumb/v7e-m/nofp/libg.a(libc_a-errno.o)
 .debug_frame   0x0000263c       0x2c /home/jennifer/st/stm32cubeclt_1.20.0/GNU-tools-for-STM32/bin/../lib/gcc/arm-none-eabi/13.3.1/../../../../arm-none-eabi/lib/thumb/v7e-m/nofp/libg.a(libc_a-init.o)
 .debug_frame   0x00002668       0xb0 /home/jennifer/st/stm32cubeclt_1.20.0/GNU-tools-for-STM32/bin/../lib/gcc/arm-none-eabi/13.3.1/../../../../arm-none-eabi/lib/thumb/v7e-m/nofp/libg.a(libc_a-lock.o)
 .debug_frame   0x00002718       0x58 /home/jennifer/st/stm32cubeclt_1.20.0/GNU-tools-for-STM32/bin/../lib/gcc/arm-none-eabi/13.3.1/../../../../arm-none-eabi/lib/thumb/v7e-m/nofp/libg.a(libc_a-__call_atexit.o)
 .debug_frame   0x00002770       0x20 /home/jennifer/st/stm32cubeclt_1.20.0/GNU-tools-for-STM32/bin/../lib/gcc/arm-none-eabi/13.3.1/../../../../arm-none-eabi/lib/thumb/v7e-m/nofp/libg.a(libc_a-atexit.o)
 .debug_frame   0x00002790       0x38 /home/jennifer/st/stm32cubeclt_1.20.0/GNU-tools-for-STM32/bin/../lib/gcc/arm-none-eabi/13.3.1/../../../../arm-none-eabi/lib/thumb/v7e-m/nofp/libg.a(libc_a-fini.o)
 .debug_frame   0x000027c8       0x34 /home/jennifer/st/stm32cubeclt_1.20.0/GNU-tools-for-STM32/bin/../lib/gcc/arm-none-eabi/13.3.1/../../../../arm-none-eabi/lib/thumb/v7e-m/nofp/libg.a(libc_a-__atexit.o)

.debug_line_str
                0x00000000       0x83
 .debug_line_str
                0x00000000       0x83 /tmp/ccZ7WKS0.o
