Archive member included to satisfy reference by file (symbol)

/usr/share/crossworks_for_arm_5.4/lib/libm_v7em_fpv4_sp_d16_hard_t_le_eabi.a(libm2.o)
                              GD32WavePlayer THUMB Release/audio_engine.o (expf)
/usr/share/crossworks_for_arm_5.4/lib/libm_v7em_fpv4_sp_d16_hard_t_le_eabi.a(libm2_asm.o)
                              /usr/share/crossworks_for_arm_5.4/lib/libm_v7em_fpv4_sp_d16_hard_t_le_eabi.a(libm2.o) (fabs)
/usr/share/crossworks_for_arm_5.4/lib/libm_v7em_fpv4_sp_d16_hard_t_le_eabi.a(libm_asm.o)
                              /usr/share/crossworks_for_arm_5.4/lib/libm_v7em_fpv4_sp_d16_hard_t_le_eabi.a(libm2.o) (__aeabi_i2d)
/usr/share/crossworks_for_arm_5.4/lib/libc_v7em_fpv4_sp_d16_hard_t_le_eabi.a(libc_asm.o)
                              GD32WavePlayer THUMB Release/audio_engine.o (__aeabi_ldivmod)
/usr/share/crossworks_for_arm_5.4/lib/libc_v7em_fpv4_sp_d16_hard_t_le_eabi.a(libc2.o)
                              /usr/share/crossworks_for_arm_5.4/lib/libm_v7em_fpv4_sp_d16_hard_t_le_eabi.a(libm2.o) (__aeabi_errno_addr)
/usr/share/crossworks_for_arm_5.4/lib/libc_v7em_fpv4_sp_d16_hard_t_le_eabi.a(libc2_asm.o)
                              /usr/share/crossworks_for_arm_5.4/lib/libc_v7em_fpv4_sp_d16_hard_t_le_eabi.a(libc2.o) (memcpy)
/usr/share/crossworks_for_arm_5.4/lib/libc_v7em_fpv4_sp_d16_hard_t_le_eabi.a(libvfprintf.o)
                              (__vfprintf_float_long_long)
/usr/share/crossworks_for_arm_5.4/lib/libc_v7em_fpv4_sp_d16_hard_t_le_eabi.a(libvfscanf.o)
                              (__vfscanf_long_long)
/usr/share/crossworks_for_arm_5.4/lib/libc_v7em_fpv4_sp_d16_hard_t_le_eabi.a(libc.o)
                              /usr/share/crossworks_for_arm_5.4/lib/libc_v7em_fpv4_sp_d16_hard_t_le_eabi.a(libc2.o) (__heap_lock)
/usr/share/crossworks_for_arm_5.4/lib/libdebugio_v7em_fpv4_sp_d16_hard_t_le_eabi.a(libdebugio_asm.o)
                              /usr/share/crossworks_for_arm_5.4/lib/libc_v7em_fpv4_sp_d16_hard_t_le_eabi.a(libc2.o) (__getchar)
/usr/share/crossworks_for_arm_5.4/lib/libdebugio_v7em_fpv4_sp_d16_hard_t_le_eabi.a(mempoll_debug_operations.o)
                              (__do_debug_operation_mempoll)
/usr/share/crossworks_for_arm_5.4/lib/libdebugio_v7em_fpv4_sp_d16_hard_t_le_eabi.a(libdebugio.o)
                              /usr/share/crossworks_for_arm_5.4/lib/libdebugio_v7em_fpv4_sp_d16_hard_t_le_eabi.a(libdebugio_asm.o) (debug_fopen)
/usr/share/crossworks_for_arm_5.4/lib/libdebugio_v7em_fpv4_sp_d16_hard_t_le_eabi.a(do_nv_debug_operation.o)
                              /usr/share/crossworks_for_arm_5.4/lib/libdebugio_v7em_fpv4_sp_d16_hard_t_le_eabi.a(libdebugio.o) (__do_nvdebug_operation)

Discarded input sections

 .text          0x00000000        0x0 GD32WavePlayer THUMB Release/system_gd32f30x.o
 .data          0x00000000        0x0 GD32WavePlayer THUMB Release/system_gd32f30x.o
 .bss           0x00000000        0x0 GD32WavePlayer THUMB Release/system_gd32f30x.o
 .init          0x00000000        0x0 GD32WavePlayer THUMB Release/system_gd32f30x.o
 .text          0x00000000        0x0 GD32WavePlayer THUMB Release/gd32f30x_adc.o
 .data          0x00000000        0x0 GD32WavePlayer THUMB Release/gd32f30x_adc.o
 .bss           0x00000000        0x0 GD32WavePlayer THUMB Release/gd32f30x_adc.o
 .text.adc_disable
                0x00000000        0xa GD32WavePlayer THUMB Release/gd32f30x_adc.o
 .text.adc_dma_mode_enable
                0x00000000        0xa GD32WavePlayer THUMB Release/gd32f30x_adc.o
 .text.adc_dma_mode_disable
                0x00000000        0xa GD32WavePlayer THUMB Release/gd32f30x_adc.o
 .text.adc_tempsensor_vrefint_enable
                0x00000000       0x14 GD32WavePlayer THUMB Release/gd32f30x_adc.o
 .text.adc_tempsensor_vrefint_disable
                0x00000000       0x14 GD32WavePlayer THUMB Release/gd32f30x_adc.o
 .text.adc_resolution_config
                0x00000000       0x18 GD32WavePlayer THUMB Release/gd32f30x_adc.o
 .text.adc_discontinuous_mode_config
                0x00000000       0x3a GD32WavePlayer THUMB Release/gd32f30x_adc.o
 .text.adc_mode_config
                0x00000000       0x20 GD32WavePlayer THUMB Release/gd32f30x_adc.o
 .text.adc_channel_length_config
                0x00000000       0x3a GD32WavePlayer THUMB Release/gd32f30x_adc.o
 .text.adc_inserted_channel_config
                0x00000000       0x6e GD32WavePlayer THUMB Release/gd32f30x_adc.o
 .text.adc_inserted_channel_offset_config
                0x00000000       0x1c GD32WavePlayer THUMB Release/gd32f30x_adc.o
 .text.adc_inserted_data_read
                0x00000000       0x22 GD32WavePlayer THUMB Release/gd32f30x_adc.o
 .text.adc_sync_mode_convert_value_read
                0x00000000        0xc GD32WavePlayer THUMB Release/gd32f30x_adc.o
 .text.adc_flag_get
                0x00000000        0xc GD32WavePlayer THUMB Release/gd32f30x_adc.o
 .text.adc_flag_clear
                0x00000000        0xa GD32WavePlayer THUMB Release/gd32f30x_adc.o
[...]
Memory Configuration

Name             Origin             Length             Attributes
UNPLACED_SECTIONS 0x00000000         0x00000000         xw
RAM              0x20000000         0x00018000         xw
FLASH            0x08000000         0x00100000         xr
*default*        0x00000000         0xffffffff

Linker script and memory map

                0x20000000                        __RAM_segment_start__ = 0x20000000
                0x20018000                        __RAM_segment_end__ = 0x20018000
                0x00018000                        __RAM_segment_size__ = 0x18000
                0x08000000                        __FLASH_segment_start__ = 0x8000000
                0x08100000                        __FLASH_segment_end__ = 0x8100000
                0x00100000                        __FLASH_segment_size__ = 0x100000
                0x00000400                        __HEAPSIZE__ = 0x400
                0x00000000                        __STACKSIZE_ABT__ = 0x0
                0x00000000                        __STACKSIZE_FIQ__ = 0x0
                0x00000000                        __STACKSIZE_IRQ__ = 0x0
                0x00000000                        __STACKSIZE_PROCESS__ = 0x0
                0x00000000                        __STACKSIZE_SVC__ = 0x0
                0x00000000                        __STACKSIZE_UND__ = 0x0
                0x00000200                        __STACKSIZE__ = 0x200
                0x00000000                        __do_debug_operation = __do_debug_operation_mempoll
                0x00000000                        __vfprintf = __vfprintf_float_long_long
                0x00000000                        __vfscanf = __vfscanf_long_long
                0x20000000                        __vectors_ram_load_start__ = ALIGN (__RAM_segment_start__, 0x100)

.vectors_ram    0x20000000        0x0
                0x20000000                        __vectors_ram_start__ = .
 *(.vectors_ram .vectors_ram.*)
                0x20000000                        __vectors_ram_end__ = (__vectors_ram_start__ + SIZEOF (.vectors_ram))
                0x00000000                        __vectors_ram_size__ = SIZEOF (.vectors_ram)
                0x20000000                        __vectors_ram_load_end__ = __vectors_ram_end__
                0x00000001                        . = ASSERT (((__vectors_ram_start__ == __vectors_ram_end__) || ((__vectors_ram_end__ - __RAM_segment_start__) <= __RAM_segment_size__)), error: .vectors_ram is too large to fit in RAM memory segment)
                0x08000000                        __vectors_load_start__ = ALIGN (__FLASH_segment_start__, 0x100)

.vectors        0x08000000      0x130
                0x08000000                        __vectors_start__ = .
 *(.vectors .vectors.*)
 .vectors       0x08000000      0x130 GD32WavePlayer THUMB Release/GD32F30x_XD_Vectors.o
                0x08000000                _vectors
                0x08000130                        __vectors_end__ = (__vectors_start__ + SIZEOF (.vectors))
                0x00000130                        __vectors_size__ = SIZEOF (.vectors)
                0x08000130                        __vectors_load_end__ = __vectors_end__
                0x00000001                        . = ASSERT (((__vectors_start__ == __vectors_end__) || ((__vectors_end__ - __FLASH_segment_start__) <= __FLASH_segment_size__)), error: .vectors is too large to fit in FLASH memory segment)
                0x08000130                        __init_load_start__ = ALIGN (__vectors_end__, 0x4)

.init           0x08000130      0x424
                0x08000130                        __init_start__ = .
 *(.init .init.*)
 .init.SystemInit
                0x08000130      0x12c GD32WavePlayer THUMB Release/system_gd32f30x.o
                0x08000130                SystemInit
 .init.SystemCoreClockUpdate
                0x0800025c       0xc8 GD32WavePlayer THUMB Release/system_gd32f30x.o
                0x0800025c                SystemCoreClockUpdate
 .init          0x08000324       0x8c GD32WavePlayer THUMB Release/GD32F30x_XD_Vectors.o
                0x08000324                NMI_Handler
                0x08000328                MemManage_Handler
                0x0800032a                BusFault_Handler
                0x0800032c                UsageFault_Handler
                0x0800032e                SVC_Handler
                0x08000330                DebugMon_Handler
                0x08000332                PendSV_Handler
                0x08000338                WWDGT_IRQHandler
                0x0800033a                LVD_IRQHandler
                0x0800033c                TAMPER_IRQHandler
                0x0800033e                RTC_IRQHandler
                0x08000340                FMC_IRQHandler
                0x08000342                RCU_CTC_IRQHandler
                0x08000344                EXTI0_IRQHandler
                0x08000346                EXTI1_IRQHandler
                0x08000348                EXTI2_IRQHandler
                0x0800034a                EXTI3_IRQHandler
                0x0800034c                EXTI4_IRQHandler
                0x0800034e                DMA0_Channel0_IRQHandler
                0x08000350                DMA0_Channel1_IRQHandler
                0x08000352                DMA0_Channel2_IRQHandler
                0x08000354                DMA0_Channel3_IRQHandler
                0x08000358                DMA0_Channel5_IRQHandler
                0x0800035a                DMA0_Channel6_IRQHandler
                0x0800035e                USBD_HP_CAN0_TX_IRQHandler
                0x08000360                USBD_LP_CAN0_RX0_IRQHandler
                0x08000362                CAN0_RX1_IRQHandler
                0x08000364                CAN0_EWMC_IRQHandler
                0x08000368                TIMER0_BRK_TIMER8_IRQHandler
                0x0800036a                TIMER0_UP_TIMER9_IRQHandler
                0x0800036c                TIMER0_TRG_CMT_TIMER10_IRQHandler
                0x0800036e                TIMER0_Channel_IRQHandler
                0x08000370                TIMER1_IRQHandler
                0x08000372                TIMER2_IRQHandler
                0x08000374                TIMER3_IRQHandler
                0x08000376                I2C0_EV_IRQHandler
                0x08000378                I2C0_ER_IRQHandler
                0x0800037a                I2C1_EV_IRQHandler
                0x0800037c                I2C1_ER_IRQHandler
                0x0800037e                SPI0_IRQHandler
                0x08000380                SPI1_IRQHandler
                0x08000382                USART0_IRQHandler
                0x08000384                USART1_IRQHandler
                0x08000386                USART2_IRQHandler
                0x08000388                EXTI10_15_IRQHandler
                0x0800038a                RTC_Alarm_IRQHandler
                0x0800038c                USBD_WKUP_IRQHandler
                0x0800038e                TIMER7_BRK_TIMER11_IRQHandler
                0x08000390                TIMER7_UP_TIMER12_IRQHandler
                0x08000392                TIMER7_TRG_CMT_TIMER13_IRQHandler
                0x08000394                TIMER7_Channel_IRQHandler
                0x08000396                ADC2_IRQHandler
                0x08000398                EXMC_IRQHandler
                0x0800039a                SDIO_IRQHandler
                0x0800039c                TIMER4_IRQHandler
                0x0800039e                SPI2_IRQHandler
                0x080003a0                UART3_IRQHandler
                0x080003a2                UART4_IRQHandler
                0x080003a4                TIMER5_IRQHandler
                0x080003a6                TIMER6_IRQHandler
                0x080003a8                DMA1_Channel0_IRQHandler
                0x080003aa                DMA1_Channel1_IRQHandler
                0x080003ac                DMA1_Channel2_IRQHandler
                0x080003ae                DMA1_Channel3_4_IRQHandler
 .init          0x080003b0       0x3c GD32WavePlayer THUMB Release/GD32F30x_Startup.o
                0x080003b0                Reset_Handler
 .init          0x080003ec      0x168 GD32WavePlayer THUMB Release/thumb_crt0.o
                0x080003ec                _start
                0x08000496                _Exit
                0x08000496                exit
                0x08000554                        __init_end__ = (__init_start__ + SIZEOF (.init))
                0x00000424                        __init_size__ = SIZEOF (.init)
                0x08000554                        __init_load_end__ = __init_end__
                0x00000001                        . = ASSERT (((__init_start__ == __init_end__) || ((__init_end__ - __FLASH_segment_start__) <= __FLASH_segment_size__)), error: .init is too large to fit in FLASH memory segment)
                0x08000554                        __init_rodata_load_start__ = ALIGN (__init_end__, 0x4)

.init_rodata    0x08000554       0x10
                0x08000554                        __init_rodata_start__ = .
 *(.init_rodata .init_rodata.*)
 .init_rodata   0x08000554       0x10 GD32WavePlayer THUMB Release/system_gd32f30x.o
                0x08000564                        __init_rodata_end__ = (__init_rodata_start__ + SIZEOF (.init_rodata))
                0x00000010                        __init_rodata_size__ = SIZEOF (.init_rodata)
                0x08000564                        __init_rodata_load_end__ = __init_rodata_end__
                0x00000001                        . = ASSERT (((__init_rodata_start__ == __init_rodata_end__) || ((__init_rodata_end__ - __FLASH_segment_start__) <= __FLASH_segment_size__)), error: .init_rodata is too large to fit in FLASH memory segment)
                0x08000564                        __text_load_start__ = ALIGN (__init_rodata_end__, 0x4)

.text           0x08000564     0x2644
                0x08000564                        __text_start__ = .
 *(.text .text.* .gnu.linkonce.t.* .glue_7t .glue_7 .gcc_except_table .ARM.extab* .gnu.linkonce.armextab.*)
 .glue_7        0x08000564        0x0 linker stubs
 .glue_7t       0x08000564        0x0 linker stubs
 .text.adc_deinit
                0x08000564       0x54 GD32WavePlayer THUMB Release/gd32f30x_adc.o
                0x08000564                adc_deinit
 .text.adc_enable
                0x080005b8       0x12 GD32WavePlayer THUMB Release/gd32f30x_adc.o
                0x080005b8                adc_enable
 .text.adc_calibration_enable
                0x080005ca       0x26 GD32WavePlayer THUMB Release/gd32f30x_adc.o
                0x080005ca                adc_calibration_enable
 .text.adc_special_function_config
                0x080005f0       0x5a GD32WavePlayer THUMB Release/gd32f30x_adc.o
                0x080005f0                adc_special_function_config
 .text.adc_data_alignment_config
                0x0800064a       0x16 GD32WavePlayer THUMB Release/gd32f30x_adc.o
                0x0800064a                adc_data_alignment_config
 .text.adc_regular_channel_config
                0x08000660       0xb0 GD32WavePlayer THUMB Release/gd32f30x_adc.o
                0x08000660                adc_regular_channel_config
 .text.adc_external_trigger_config
                0x08000710       0x3e GD32WavePlayer THUMB Release/gd32f30x_adc.o
                0x08000710                adc_external_trigger_config
 .text.adc_external_trigger_source_config
                0x0800074e       0x2a GD32WavePlayer THUMB Release/gd32f30x_adc.o
                0x0800074e                adc_external_trigger_source_config
 .text.adc_software_trigger_enable
                0x08000778       0x1e GD32WavePlayer THUMB Release/gd32f30x_adc.o
                0x08000778                adc_software_trigger_enable
 .text.adc_regular_data_read
                0x08000796        0x6 GD32WavePlayer THUMB Release/gd32f30x_adc.o
                0x08000796                adc_regular_data_read
 .text.adc_interrupt_enable
                0x0800079c       0x2c GD32WavePlayer THUMB Release/gd32f30x_adc.o
                0x0800079c                adc_interrupt_enable
 .text.dma_deinit
                0x080007c8       0x3c GD32WavePlayer THUMB Release/gd32f30x_dma.o
                0x080007c8                dma_deinit
 .text.dma_init
                0x08000804       0x78 GD32WavePlayer THUMB Release/gd32f30x_dma.o
                0x08000804                dma_init
 .text.dma_circulation_enable
                0x0800087c       0x24 GD32WavePlayer THUMB Release/gd32f30x_dma.o
                0x0800087c                dma_circulation_enable
 .text.dma_memory_to_memory_disable
                0x080008a0       0x24 GD32WavePlayer THUMB Release/gd32f30x_dma.o
                0x080008a0                dma_memory_to_memory_disable
 .text.dma_channel_enable
                0x080008c4       0x24 GD32WavePlayer THUMB Release/gd32f30x_dma.o
                0x080008c4                dma_channel_enable
 .text.dma_flag_get
                0x080008e8       0x10 GD32WavePlayer THUMB Release/gd32f30x_dma.o
                0x080008e8                dma_flag_get
 .text.dma_interrupt_flag_clear
                0x080008f8        0xc GD32WavePlayer THUMB Release/gd32f30x_dma.o
                0x080008f8                dma_interrupt_flag_clear
 .text.dma_interrupt_enable
                0x08000904       0x20 GD32WavePlayer THUMB Release/gd32f30x_dma.o
                0x08000904                dma_interrupt_enable
 .text.dma_interrupt_disable
                0x08000924       0x24 GD32WavePlayer THUMB Release/gd32f30x_dma.o
                0x08000924                dma_interrupt_disable
 .text.exti_init
                0x08000948       0xb4 GD32WavePlayer THUMB Release/gd32f30x_exti.o
                0x08000948                exti_init
 .text.exti_interrupt_enable
                0x080009fc       0x14 GD32WavePlayer THUMB Release/gd32f30x_exti.o
                0x080009fc                exti_interrupt_enable
 .text.exti_interrupt_flag_clear
                0x08000a10        0xc GD32WavePlayer THUMB Release/gd32f30x_exti.o
                0x08000a10                exti_interrupt_flag_clear
 .text.fmc_wscnt_set
                0x08000a1c       0x14 GD32WavePlayer THUMB Release/gd32f30x_fmc.o
                0x08000a1c                fmc_wscnt_set
 .text.gpio_init
                0x08000a30       0xbe GD32WavePlayer THUMB Release/gd32f30x_gpio.o
                0x08000a30                gpio_init
 .text.gpio_bit_write
                0x08000aee        0xa GD32WavePlayer THUMB Release/gd32f30x_gpio.o
                0x08000aee                gpio_bit_write
 .text.gpio_input_bit_get
                0x08000af8        0xc GD32WavePlayer THUMB Release/gd32f30x_gpio.o
                0x08000af8                gpio_input_bit_get
 .text.gpio_pin_remap_config
                0x08000b04       0x84 GD32WavePlayer THUMB Release/gd32f30x_gpio.o
                0x08000b04                gpio_pin_remap_config
 .text.gpio_exti_source_select
                0x08000b88       0x74 GD32WavePlayer THUMB Release/gd32f30x_gpio.o
                0x08000b88                gpio_exti_source_select
 .text.gpio_pin_lock
                0x08000bfc       0x10 GD32WavePlayer THUMB Release/gd32f30x_gpio.o
                0x08000bfc                gpio_pin_lock
 .text.nvic_irq_enable
                0x08000c0c       0xac GD32WavePlayer THUMB Release/gd32f30x_misc.o
                0x08000c0c                nvic_irq_enable
 .text.nvic_irq_disable
                0x08000cb8       0x18 GD32WavePlayer THUMB Release/gd32f30x_misc.o
                0x08000cb8                nvic_irq_disable
 .text.pmu_to_deepsleepmode
                0x08000cd0       0xd0 GD32WavePlayer THUMB Release/gd32f30x_pmu.o
                0x08000cd0                pmu_to_deepsleepmode
 .text.rcu_periph_clock_enable
                0x08000da0       0x1a GD32WavePlayer THUMB Release/gd32f30x_rcu.o
                0x08000da0                rcu_periph_clock_enable
 .text.rcu_periph_reset_enable
                0x08000dba       0x1a GD32WavePlayer THUMB Release/gd32f30x_rcu.o
                0x08000dba                rcu_periph_reset_enable
 .text.rcu_periph_reset_disable
                0x08000dd4       0x1c GD32WavePlayer THUMB Release/gd32f30x_rcu.o
                0x08000dd4                rcu_periph_reset_disable
 .text.rcu_system_clock_source_config
                0x08000df0       0x14 GD32WavePlayer THUMB Release/gd32f30x_rcu.o
                0x08000df0                rcu_system_clock_source_config
 .text.rcu_ahb_clock_config
                0x08000e04       0x14 GD32WavePlayer THUMB Release/gd32f30x_rcu.o
                0x08000e04                rcu_ahb_clock_config
 .text.rcu_pll_config
                0x08000e18       0x18 GD32WavePlayer THUMB Release/gd32f30x_rcu.o
                0x08000e18                rcu_pll_config
 .text.rcu_adc_clock_config
                0x08000e30       0x5c GD32WavePlayer THUMB Release/gd32f30x_rcu.o
                0x08000e30                rcu_adc_clock_config
 .text.rcu_flag_get
                0x08000e8c       0x1e GD32WavePlayer THUMB Release/gd32f30x_rcu.o
                0x08000e8c                rcu_flag_get
 *fill*         0x08000eaa        0x2 
 .text.rcu_osci_stab_wait
                0x08000eac       0xe8 GD32WavePlayer THUMB Release/gd32f30x_rcu.o
                0x08000eac                rcu_osci_stab_wait
 .text.rcu_osci_on
                0x08000f94       0x1a GD32WavePlayer THUMB Release/gd32f30x_rcu.o
                0x08000f94                rcu_osci_on
 .text.rcu_osci_off
                0x08000fae       0x1c GD32WavePlayer THUMB Release/gd32f30x_rcu.o
                0x08000fae                rcu_osci_off
 *fill*         0x08000fca        0x2 
 .text.rcu_clock_freq_get
                0x08000fcc      0x118 GD32WavePlayer THUMB Release/gd32f30x_rcu.o
                0x08000fcc                rcu_clock_freq_get
 .text.spi_i2s_deinit
                0x080010e4       0x54 GD32WavePlayer THUMB Release/gd32f30x_spi.o
                0x080010e4                spi_i2s_deinit
 .text.spi_enable
                0x08001138        0xa GD32WavePlayer THUMB Release/gd32f30x_spi.o
                0x08001138                spi_enable
 .text.i2s_init
                0x08001142       0x24 GD32WavePlayer THUMB Release/gd32f30x_spi.o
                0x08001142                i2s_init
 *fill*         0x08001166        0x2 
 .text.i2s_psc_config
                0x08001168       0x80 GD32WavePlayer THUMB Release/gd32f30x_spi.o
                0x08001168                i2s_psc_config
 .text.i2s_enable
                0x080011e8        0xa GD32WavePlayer THUMB Release/gd32f30x_spi.o
                0x080011e8                i2s_enable
 .text.i2s_disable
                0x080011f2        0xa GD32WavePlayer THUMB Release/gd32f30x_spi.o
                0x080011f2                i2s_disable
 .text.spi_dma_enable
                0x080011fc       0x16 GD32WavePlayer THUMB Release/gd32f30x_spi.o
                0x080011fc                spi_dma_enable
 .text.spi_i2s_data_frame_format_config
                0x08001212       0x10 GD32WavePlayer THUMB Release/gd32f30x_spi.o
                0x08001212                spi_i2s_data_frame_format_config
 *fill*         0x08001222        0x2 
 .text.timer_deinit
                0x08001224      0x180 GD32WavePlayer THUMB Release/gd32f30x_timer.o
                0x08001224                timer_deinit
 .text.timer_init
                0x080013a4       0x94 GD32WavePlayer THUMB Release/gd32f30x_timer.o
                0x080013a4                timer_init
 .text.timer_enable
                0x08001438        0xa GD32WavePlayer THUMB Release/gd32f30x_timer.o
                0x08001438                timer_enable
 .text.timer_update_event_enable
                0x08001442        0xa GD32WavePlayer THUMB Release/gd32f30x_timer.o
                0x08001442                timer_update_event_enable
 .text.timer_master_output_trigger_source_select
                0x0800144c       0x10 GD32WavePlayer THUMB Release/gd32f30x_timer.o
                0x0800144c                timer_master_output_trigger_source_select
 .text.timer_master_slave_mode_config
                0x0800145c       0x1c GD32WavePlayer THUMB Release/gd32f30x_timer.o
                0x0800145c                timer_master_slave_mode_config
 .text.FadeTimeToSamples
                0x08001478       0x54 GD32WavePlayer THUMB Release/audio_engine.o
 .text.Apply8BitDithering
                0x080014cc       0x40 GD32WavePlayer THUMB Release/audio_engine.o
 .text.ResetPlaybackState
                0x0800150c       0x3c GD32WavePlayer THUMB Release/audio_engine.o
 .text.AudioEngine_OnPlaybackEnd
                0x08001548        0x2 GD32WavePlayer THUMB Release/audio_engine.o
                0x08001548                AudioEngine_OnPlaybackEnd
 *fill*         0x0800154a        0x2 
 .text.AudioEngine_Init
                0x0800154c       0xe0 GD32WavePlayer THUMB Release/audio_engine.o
                0x0800154c                AudioEngine_Init
 .text.SetFilterConfig
                0x0800162c       0x6c GD32WavePlayer THUMB Release/audio_engine.o
                0x0800162c                SetFilterConfig
 .text.SetSoftClippingEnable
                0x08001698       0x10 GD32WavePlayer THUMB Release/audio_engine.o
                0x08001698                SetSoftClippingEnable
 .text.SetAirEffectGainDb
                0x080016a8       0x6c GD32WavePlayer THUMB Release/audio_engine.o
                0x080016a8                SetAirEffectGainDb
 .text.SetAirEffectPresetDb
                0x08001714       0x34 GD32WavePlayer THUMB Release/audio_engine.o
                0x08001714                SetAirEffectPresetDb
 .text.SetLpf16BitLevel
                0x08001748       0x78 GD32WavePlayer THUMB Release/audio_engine.o
                0x08001748                SetLpf16BitLevel
 .text.SetFadeInTime
                0x080017c0       0x1c GD32WavePlayer THUMB Release/audio_engine.o
                0x080017c0                SetFadeInTime
 .text.SetFadeOutTime
                0x080017dc       0x1c GD32WavePlayer THUMB Release/audio_engine.o
                0x080017dc                SetFadeOutTime
 .text.SetPauseFadeTime
                0x080017f8       0x1c GD32WavePlayer THUMB Release/audio_engine.o
                0x080017f8                SetPauseFadeTime
 .text.SetResumeFadeTime
                0x08001814       0x1c GD32WavePlayer THUMB Release/audio_engine.o
                0x08001814                SetResumeFadeTime
 .text.SetDAC_Control
                0x08001830        0xc GD32WavePlayer THUMB Release/audio_engine.o
                0x08001830                SetDAC_Control
 .text.AdvanceSamplePointer
                0x0800183c       0x64 GD32WavePlayer THUMB Release/audio_engine.o
                0x0800183c                AdvanceSamplePointer
 .text.ProcessDMACallback
                0x080018a0      0x1d4 GD32WavePlayer THUMB Release/audio_engine.o
 .text.DMA0_Channel4_IRQHandler
                0x08001a74       0x38 GD32WavePlayer THUMB Release/audio_engine.o
                0x08001a74                DMA0_Channel4_IRQHandler
 .text.WaitForSampleEnd
                0x08001aac       0x40 GD32WavePlayer THUMB Release/audio_engine.o
                0x08001aac                WaitForSampleEnd
 .text.StopPlayback
                0x08001aec       0x20 GD32WavePlayer THUMB Release/audio_engine.o
                0x08001aec                StopPlayback
 .text.ShutDownAudio
                0x08001b0c       0x54 GD32WavePlayer THUMB Release/audio_engine.o
                0x08001b0c                ShutDownAudio
 .text.SetVolumeResponseNonlinear
                0x08001b60       0x10 GD32WavePlayer THUMB Release/audio_engine.o
                0x08001b60                SetVolumeResponseNonlinear
 .text.SetVolumeResponseGamma
                0x08001b70       0x34 GD32WavePlayer THUMB Release/audio_engine.o
                0x08001b70                SetVolumeResponseGamma
 .text.dma_config
                0x08001ba4       0x7c GD32WavePlayer THUMB Release/audio_engine.o
                0x08001ba4                dma_config
 .text.PlaySample
                0x08001c20      0x2f8 GD32WavePlayer THUMB Release/audio_engine.o
                0x08001c20                PlaySample
 .text.ChimeLoop
                0x08001f18      0x1c0 GD32WavePlayer THUMB Release/dalby_multi.o
                0x08001f18                ChimeLoop
 .text.ReadVolume
                0x080020d8       0x28 GD32WavePlayer THUMB Release/main.o
                0x080020d8                ReadVolume
 .text.spi_config
                0x08002100       0x4c GD32WavePlayer THUMB Release/main.o
                0x08002100                spi_config
 .text.GetTriggerOption
                0x0800214c       0x10 GD32WavePlayer THUMB Release/main.o
                0x0800214c                GetTriggerOption
 .text.SysTick_Handler
                0x0800215c       0x84 GD32WavePlayer THUMB Release/main.o
                0x0800215c                SysTick_Handler
 .text.delay_ms
                0x080021e0       0x14 GD32WavePlayer THUMB Release/main.o
                0x080021e0                delay_ms
 .text.DAC_MasterSwitch
                0x080021f4       0x18 GD32WavePlayer THUMB Release/main.o
                0x080021f4                DAC_MasterSwitch
 .text.Error_Handler
                0x0800220c        0xc GD32WavePlayer THUMB Release/main.o
                0x0800220c                Error_Handler
 .text.SetupClocks
                0x08002218       0xbc GD32WavePlayer THUMB Release/main.o
 .text.SetupADC
                0x080022d4       0x7c GD32WavePlayer THUMB Release/main.o
                0x080022d4                SetupADC
 .text.SetupTimer2
                0x08002350       0x60 GD32WavePlayer THUMB Release/main.o
                0x08002350                SetupTimer2
 .text.main     0x080023b0      0x198 GD32WavePlayer THUMB Release/main.o
                0x080023b0                main
 .text.Enter_LP_SleepMode
                0x08002548       0x74 GD32WavePlayer THUMB Release/main.o
                0x08002548                Enter_LP_SleepMode
 .text.WaitForTrigger
                0x080025bc       0x60 GD32WavePlayer THUMB Release/main.o
                0x080025bc                WaitForTrigger
 .text.SetSleepSetting
                0x0800261c       0x10 GD32WavePlayer THUMB Release/main.o
                0x0800261c                SetSleepSetting
 .text.HardFault_Handler
                0x0800262c        0x4 GD32WavePlayer THUMB Release/main.o
                0x0800262c                HardFault_Handler
 .text.EXTI5_9_IRQHandler
                0x08002630        0xc GD32WavePlayer THUMB Release/main.o
                0x08002630                EXTI5_9_IRQHandler
 .text.ADC0_1_IRQHandler
                0x0800263c       0x2c GD32WavePlayer THUMB Release/main.o
                0x0800263c                ADC0_1_IRQHandler
 .text.__aeabi_read_tp
                0x08002668        0x8 GD32WavePlayer THUMB Release/thumb_crt0.o
                0x08002668                __aeabi_read_tp
 .text.libc.expf
                0x08002670      0x17c /usr/share/crossworks_for_arm_5.4/lib/libm_v7em_fpv4_sp_d16_hard_t_le_eabi.a(libm2.o)
                0x08002670                exp(float)
                0x08002670                expf
 .text.libc.logf
                0x080027ec      0x100 /usr/share/crossworks_for_arm_5.4/lib/libm_v7em_fpv4_sp_d16_hard_t_le_eabi.a(libm2.o)
                0x080027ec                logf
                0x080027ec                log(float)
 .text.libc.powf
                0x080028ec       0xc0 /usr/share/crossworks_for_arm_5.4/lib/libm_v7em_fpv4_sp_d16_hard_t_le_eabi.a(libm2.o)
                0x080028ec                powf
                0x080028ec                pow(float, float)
 .text.libc.fabsf
                0x080029ac        0x6 /usr/share/crossworks_for_arm_5.4/lib/libm_v7em_fpv4_sp_d16_hard_t_le_eabi.a(libm2_asm.o)
                0x080029ac                fabs(float)
                0x080029ac                fabsf
 .text.libc.frexpf
                0x080029b2       0x3c /usr/share/crossworks_for_arm_5.4/lib/libm_v7em_fpv4_sp_d16_hard_t_le_eabi.a(libm2_asm.o)
                0x080029b2                frexp(float, int*)
                0x080029b2                frexpf
 .text.libc.__int64_udivmod
                0x080029ee       0xce /usr/share/crossworks_for_arm_5.4/lib/libc_v7em_fpv4_sp_d16_hard_t_le_eabi.a(libc_asm.o)
                0x080029ee                __int64_udivmod
                0x080029ee                __aeabi_uldivmod
                0x080029ee                __int64_udiv
                0x080029ee                __udivdi3
 .text.libc.__aeabi_ldivmod
                0x08002abc       0x56 /usr/share/crossworks_for_arm_5.4/lib/libc_v7em_fpv4_sp_d16_hard_t_le_eabi.a(libc_asm.o)
                0x08002abc                __aeabi_ldivmod
 *fill*         0x08002b12        0x2 
 .text.libc.__aeabi_errno_addr
                0x08002b14       0x10 /usr/share/crossworks_for_arm_5.4/lib/libc_v7em_fpv4_sp_d16_hard_t_le_eabi.a(libc2.o)
                0x08002b14                __aeabi_errno_addr
 .text.libc.memset
                0x08002b24       0x66 /usr/share/crossworks_for_arm_5.4/lib/libc_v7em_fpv4_sp_d16_hard_t_le_eabi.a(libc2_asm.o)
                0x08002b24                memset
 *fill*         0x08002b8a        0x6 
 .text.libc.memset.__stub
                0x08002b90       0x18 linker stubs
                0x08002ba8                        __text_end__ = (__text_start__ + SIZEOF (.text))
                0x00002644                        __text_size__ = SIZEOF (.text)
                0x08002ba8                        __text_load_end__ = __text_end__

.vfp11_veneer   0x00000000        0x0
 .vfp11_veneer  0x00000000        0x0 linker stubs

.v4_bx          0x00000000        0x0
 .v4_bx         0x00000000        0x0 linker stubs

.iplt           0x00000000        0x0
 .iplt          0x00000000        0x0 GD32WavePlayer THUMB Release/system_gd32f30x.o
                0x00000001                        . = ASSERT (((__text_start__ == __text_end__) || ((__text_end__ - __FLASH_segment_start__) <= __FLASH_segment_size__)), error: .text is too large to fit in FLASH memory segment)
                0x08002ba8                        __dtors_load_start__ = ALIGN (__text_end__, 0x4)

.dtors          0x08002ba8        0x0
                0x08002ba8                        __dtors_start__ = .
 *(SORT_BY_NAME(.dtors.*))
 *(.dtors)
 *(.fini_array)
 *(SORT_BY_NAME(.fini_array.*))
                0x08002ba8                        __dtors_end__ = (__dtors_start__ + SIZEOF (.dtors))
                0x00000000                        __dtors_size__ = SIZEOF (.dtors)
                0x08002ba8                        __dtors_load_end__ = __dtors_end__
                0x00000001                        . = ASSERT (((__dtors_start__ == __dtors_end__) || ((__dtors_end__ - __FLASH_segment_start__) <= __FLASH_segment_size__)), error: .dtors is too large to fit in FLASH memory segment)
                0x08002ba8                        __ctors_load_start__ = ALIGN (__dtors_end__, 0x4)

.ctors          0x08002ba8        0x4
                0x08002ba8                        __ctors_start__ = .
 *(SORT_BY_NAME(.ctors.*))
 *(.ctors)
 *(.init_array)
 .init_array    0x08002ba8        0x4 GD32WavePlayer THUMB Release/GD32F30x_Startup.o
 *(SORT_BY_NAME(.init_array.*))
                0x08002bac                        __ctors_end__ = (__ctors_start__ + SIZEOF (.ctors))
                0x00000004                        __ctors_size__ = SIZEOF (.ctors)
                0x08002bac                        __ctors_load_end__ = __ctors_end__
                0x00000001                        . = ASSERT (((__ctors_start__ == __ctors_end__) || ((__ctors_end__ - __FLASH_segment_start__) <= __FLASH_segment_size__)), error: .ctors is too large to fit in FLASH memory segment)
                0x08002bac                        __rodata_load_start__ = ALIGN (__ctors_end__, 0x4)

.rodata         0x08002bac    0x4a748
                0x08002bac                        __rodata_start__ = .
 *(.rodata .rodata.* .gnu.linkonce.r.* .data.rel.ro .data.rel.ro.*)
 .rodata        0x08002bac       0x18 GD32WavePlayer THUMB Release/gd32f30x_rcu.o
 .rodata.air_effect_presets_db
                0x08002bc4        0xc GD32WavePlayer THUMB Release/audio_engine.o
 .rodata.dc_16b1c24k
                0x08002bd0     0xf2e4 GD32WavePlayer THUMB Release/dalby_multi.o
                0x08002bd0                dc_16b1c24k
 .rodata.do_16b1c24k
                0x08011eb4    0x15d48 GD32WavePlayer THUMB Release/dalby_multi.o
                0x08011eb4                do_16b1c24k
 .rodata.mind_the_door
                0x08027bfc     0xd126 GD32WavePlayer THUMB Release/dalby_multi.o
                0x08027bfc                mind_the_door
 *fill*         0x08034d22        0x2 
 .rodata.dalby_tritone16b16k
                0x08034d24    0x185a8 GD32WavePlayer THUMB Release/dalby_multi.o
                0x08034d24                dalby_tritone16b16k
 .rodata.libc.expf_twojby8
                0x0804d2cc       0x20 /usr/share/crossworks_for_arm_5.4/lib/libm_v7em_fpv4_sp_d16_hard_t_le_eabi.a(libm2.o)
 .rodata.libc.__aeabi_ERANGE
                0x0804d2ec        0x4 /usr/share/crossworks_for_arm_5.4/lib/libc_v7em_fpv4_sp_d16_hard_t_le_eabi.a(libc2.o)
                0x0804d2ec                __aeabi_ERANGE
 .rodata.libc.__aeabi_EDOM
                0x0804d2f0        0x4 /usr/share/crossworks_for_arm_5.4/lib/libc_v7em_fpv4_sp_d16_hard_t_le_eabi.a(libc2.o)
                0x0804d2f0                __aeabi_EDOM
                0x0804d2f4                        __rodata_end__ = (__rodata_start__ + SIZEOF (.rodata))
                0x0004a748                        __rodata_size__ = SIZEOF (.rodata)
                0x0804d2f4                        __rodata_load_end__ = __rodata_end__
                0x00000001                        . = ASSERT (((__rodata_start__ == __rodata_end__) || ((__rodata_end__ - __FLASH_segment_start__) <= __FLASH_segment_size__)), error: .rodata is too large to fit in FLASH memory segment)
                0x0804d2f4                        __ARM.exidx_load_start__ = ALIGN (__rodata_end__, 0x4)

.ARM.exidx      0x0804d2f4        0x0
                0x0804d2f4                        __ARM.exidx_start__ = .
                0x0804d2f4                        __exidx_start = __ARM.exidx_start__
 *(.ARM.exidx .ARM.exidx.*)
                0x0804d2f4                        __ARM.exidx_end__ = (__ARM.exidx_start__ + SIZEOF (.ARM.exidx))
                0x00000000                        __ARM.exidx_size__ = SIZEOF (.ARM.exidx)
                0x0804d2f4                        __exidx_end = __ARM.exidx_end__
                0x0804d2f4                        __ARM.exidx_load_end__ = __ARM.exidx_end__
                0x00000001                        . = ASSERT (((__ARM.exidx_start__ == __ARM.exidx_end__) || ((__ARM.exidx_end__ - __FLASH_segment_start__) <= __FLASH_segment_size__)), error: .ARM.exidx is too large to fit in FLASH memory segment)
                0x0804d2f4                        __fast_load_start__ = ALIGN (__ARM.exidx_end__, 0x4)

.fast           0x20000000      0xb00 load address 0x0804d2f4
                0x20000000                        __fast_start__ = .
 *(.fast .fast.*)
 .fast          0x20000000      0xae8 GD32WavePlayer THUMB Release/audio_engine.o
                0x200006e0                ProcessNextWaveChunk
                0x200008e0                ProcessNextWaveChunk_8_bit
 .fast.__stub   0x20000ae8       0x18 linker stubs
                0x20000b00                        __fast_end__ = (__fast_start__ + SIZEOF (.fast))
                0x00000b00                        __fast_size__ = SIZEOF (.fast)
                0x0804ddf4                        __fast_load_end__ = (__fast_load_start__ + SIZEOF (.fast))

.rel.dyn        0x08000000        0x0
 .rel.iplt      0x08000000        0x0 GD32WavePlayer THUMB Release/system_gd32f30x.o
                0x00000001                        . = ASSERT (((__fast_load_start__ == __fast_load_end__) || ((__fast_load_end__ - __FLASH_segment_start__) <= __FLASH_segment_size__)), error: .fast is too large to fit in FLASH memory segment)

.fast_run       0x20000000        0x0
                0x20000000                        __fast_run_start__ = .
                0x20000b00                        __fast_run_end__ = (__fast_run_start__ + SIZEOF (.fast))
                0x00000b00                        __fast_run_size__ = (__fast_run_end__ - __fast_run_start__)
                0x20000b00                        __fast_run_load_end__ = __fast_run_end__
                0x00000001                        . = ASSERT (((__fast_run_start__ == __fast_run_end__) || ((__fast_run_end__ - __RAM_segment_start__) <= __RAM_segment_size__)), error: .fast_run is too large to fit in RAM memory segment)
                0x0804ddf4                        __data_load_start__ = ALIGN ((__fast_load_start__ + SIZEOF (.fast)), 0x4)

.data           0x20000b00       0x5e load address 0x0804ddf4
                0x20000b00                        __data_start__ = .
 *(.data .data.* .gnu.linkonce.d.*)
 .data.SystemCoreClock
                0x20000b00        0x4 GD32WavePlayer THUMB Release/system_gd32f30x.o
                0x20000b00                SystemCoreClock
 .data.dac_power_control
                0x20000b04        0x1 GD32WavePlayer THUMB Release/audio_engine.o
                0x20000b04                dac_power_control
 .data.air_effect_preset_idx
                0x20000b05        0x1 GD32WavePlayer THUMB Release/audio_engine.o
 *fill*         0x20000b06        0x2 
 .data.air_effect_shelf_gain_q16
                0x20000b08        0x4 GD32WavePlayer THUMB Release/audio_engine.o
                0x20000b08                air_effect_shelf_gain_q16
 .data.lpf_16bit_alpha
                0x20000b0c        0x2 GD32WavePlayer THUMB Release/audio_engine.o
                0x20000b0c                lpf_16bit_alpha
 .data.lpf_8bit_alpha
                0x20000b0e        0x2 GD32WavePlayer THUMB Release/audio_engine.o
                0x20000b0e                lpf_8bit_alpha
 .data.dither_state
                0x20000b10        0x4 GD32WavePlayer THUMB Release/audio_engine.o
                0x20000b10                dither_state
 .data.pause_fadein_samples
                0x20000b14        0x4 GD32WavePlayer THUMB Release/audio_engine.o
                0x20000b14                pause_fadein_samples
 .data.pause_fadeout_samples
                0x20000b18        0x4 GD32WavePlayer THUMB Release/audio_engine.o
                0x20000b18                pause_fadeout_samples
 .data.fadeout_samples
                0x20000b1c        0x4 GD32WavePlayer THUMB Release/audio_engine.o
                0x20000b1c                fadeout_samples
 .data.fadein_samples
                0x20000b20        0x4 GD32WavePlayer THUMB Release/audio_engine.o
                0x20000b20                fadein_samples
 .data.pause_fadein_time_seconds
                0x20000b24        0x4 GD32WavePlayer THUMB Release/audio_engine.o
                0x20000b24                pause_fadein_time_seconds
 .data.pause_fadeout_time_seconds
                0x20000b28        0x4 GD32WavePlayer THUMB Release/audio_engine.o
                0x20000b28                pause_fadeout_time_seconds
 .data.fadeout_time_seconds
                0x20000b2c        0x4 GD32WavePlayer THUMB Release/audio_engine.o
                0x20000b2c                fadeout_time_seconds
 .data.fadein_time_seconds
                0x20000b30        0x4 GD32WavePlayer THUMB Release/audio_engine.o
                0x20000b30                fadein_time_seconds
 .data.channels
                0x20000b34        0x1 GD32WavePlayer THUMB Release/audio_engine.o
                0x20000b34                channels
 *fill*         0x20000b35        0x3 
 .data.I2S_PlaybackSpeed
                0x20000b38        0x4 GD32WavePlayer THUMB Release/audio_engine.o
                0x20000b38                I2S_PlaybackSpeed
 .data.filter_cfg
                0x20000b3c       0x1c GD32WavePlayer THUMB Release/audio_engine.o
                0x20000b3c                filter_cfg
 .data.volume_response_gamma
                0x20000b58        0x4 GD32WavePlayer THUMB Release/audio_engine.o
                0x20000b58                volume_response_gamma
 .data.volume_response_nonlinear
                0x20000b5c        0x1 GD32WavePlayer THUMB Release/audio_engine.o
                0x20000b5c                volume_response_nonlinear
 .data.sleep_setting
                0x20000b5d        0x1 GD32WavePlayer THUMB Release/main.o
                0x20000b5d                sleep_setting
                0x20000b5e                        __data_end__ = (__data_start__ + SIZEOF (.data))
                0x0000005e                        __data_size__ = SIZEOF (.data)
                0x0804de52                        __data_load_end__ = (__data_load_start__ + SIZEOF (.data))

.igot.plt       0x00000000        0x0
 .igot.plt      0x00000000        0x0 GD32WavePlayer THUMB Release/system_gd32f30x.o
                0x00000001                        . = ASSERT (((__data_load_start__ == __data_load_end__) || ((__data_load_end__ - __FLASH_segment_start__) <= __FLASH_segment_size__)), error: .data is too large to fit in FLASH memory segment)

.data_run       0x20000b00        0x0
                0x20000b00                        __data_run_start__ = .
                0x20000b5e                        __data_run_end__ = (__data_run_start__ + SIZEOF (.data))
                0x0000005e                        __data_run_size__ = (__data_run_end__ - __data_run_start__)
                0x20000b5e                        __data_run_load_end__ = __data_run_end__
                0x00000001                        . = ASSERT (((__data_run_start__ == __data_run_end__) || ((__data_run_end__ - __RAM_segment_start__) <= __RAM_segment_size__)), error: .data_run is too large to fit in RAM memory segment)
                0x20000b60                        __bss_load_start__ = ALIGN (__data_run_end__, 0x4)

.bss            0x20000b60     0x10c4
                0x20000b60                        __bss_start__ = .
 *(.bss .bss.* .gnu.linkonce.b.*)
 .bss.reg_snap.0
                0x20000b60       0x10 GD32WavePlayer THUMB Release/gd32f30x_pmu.o
 .bss.playback_end_callback_called
                0x20000b70        0x1 GD32WavePlayer THUMB Release/audio_engine.o
                0x20000b70                playback_end_callback_called
 .bss.stop_requested
                0x20000b71        0x1 GD32WavePlayer THUMB Release/audio_engine.o
                0x20000b71                stop_requested
 *fill*         0x20000b72        0x2 
 .bss.paused_sample_ptr
                0x20000b74        0x4 GD32WavePlayer THUMB Release/audio_engine.o
                0x20000b74                paused_sample_ptr
 .bss.filter_state
                0x20000b78       0x60 GD32WavePlayer THUMB Release/audio_engine.o
 .bss.fadeout_samples_remaining
                0x20000bd8        0x4 GD32WavePlayer THUMB Release/audio_engine.o
                0x20000bd8                fadeout_samples_remaining
 .bss.fadein_samples_remaining
                0x20000bdc        0x4 GD32WavePlayer THUMB Release/audio_engine.o
                0x20000bdc                fadein_samples_remaining
 .bss.samples_remaining
                0x20000be0        0x4 GD32WavePlayer THUMB Release/audio_engine.o
                0x20000be0                samples_remaining
 .bss.p_advance
                0x20000be4        0x4 GD32WavePlayer THUMB Release/audio_engine.o
                0x20000be4                p_advance
 .bss.pb_mode   0x20000be8        0x1 GD32WavePlayer THUMB Release/audio_engine.o
                0x20000be8                pb_mode
 .bss.half_to_fill
                0x20000be9        0x1 GD32WavePlayer THUMB Release/audio_engine.o
                0x20000be9                half_to_fill
 .bss.pb_state  0x20000bea        0x1 GD32WavePlayer THUMB Release/audio_engine.o
                0x20000bea                pb_state
 *fill*         0x20000beb        0x1 
 .bss.fade_offset
                0x20000bec        0x2 GD32WavePlayer THUMB Release/audio_engine.o
                0x20000bec                fade_offset
 *fill*         0x20000bee        0x2 
 .bss.pb_end16_ptr
                0x20000bf0        0x4 GD32WavePlayer THUMB Release/audio_engine.o
                0x20000bf0                pb_end16_ptr
 .bss.pb_p16_ptr
                0x20000bf4        0x4 GD32WavePlayer THUMB Release/audio_engine.o
                0x20000bf4                pb_p16_ptr
 .bss.pb_end8_ptr
                0x20000bf8        0x4 GD32WavePlayer THUMB Release/audio_engine.o
                0x20000bf8                pb_end8_ptr
 .bss.pb_p8_ptr
                0x20000bfc        0x4 GD32WavePlayer THUMB Release/audio_engine.o
                0x20000bfc                pb_p8_ptr
 .bss.pb_buffer
                0x20000c00     0x1000 GD32WavePlayer THUMB Release/audio_engine.o
                0x20000c00                pb_buffer
 .bss.vol_input
                0x20001c00        0x2 GD32WavePlayer THUMB Release/audio_engine.o
                0x20001c00                vol_input
 *fill*         0x20001c02        0x2 
 .bss.AudioEngine_I2SInit
                0x20001c04        0x4 GD32WavePlayer THUMB Release/audio_engine.o
                0x20001c04                AudioEngine_I2SInit
 .bss.AudioEngine_ReadVolume
                0x20001c08        0x4 GD32WavePlayer THUMB Release/audio_engine.o
                0x20001c08                AudioEngine_ReadVolume
 .bss.AudioEngine_DACSwitch
                0x20001c0c        0x4 GD32WavePlayer THUMB Release/audio_engine.o
                0x20001c0c                AudioEngine_DACSwitch
 .bss.adc_filtered.0
                0x20001c10        0x2 GD32WavePlayer THUMB Release/main.o
 .bss.adc_out   0x20001c12        0x2 GD32WavePlayer THUMB Release/main.o
                0x20001c12                adc_out
 .bss.uwTick    0x20001c14        0x4 GD32WavePlayer THUMB Release/main.o
                0x20001c14                uwTick
 .bss.systick_counter
                0x20001c18        0x4 GD32WavePlayer THUMB Release/main.o
                0x20001c18                systick_counter
 .bss.trig_status
                0x20001c1c        0x1 GD32WavePlayer THUMB Release/main.o
                0x20001c1c                trig_status
 *fill*         0x20001c1d        0x1 
 .bss.trig_timeout_counter
                0x20001c1e        0x2 GD32WavePlayer THUMB Release/main.o
                0x20001c1e                trig_timeout_counter
 .bss.trig_timeout_flag
                0x20001c20        0x1 GD32WavePlayer THUMB Release/main.o
                0x20001c20                trig_timeout_flag
 *fill*         0x20001c21        0x1 
 .bss.trig_counter
                0x20001c22        0x2 GD32WavePlayer THUMB Release/main.o
                0x20001c22                trig_counter
 *(COMMON)
                0x20001c24                        __bss_end__ = (__bss_start__ + SIZEOF (.bss))
                0x000010c4                        __bss_size__ = SIZEOF (.bss)
                0x20001c24                        __bss_load_end__ = __bss_end__
                0x00000001                        . = ASSERT (((__bss_start__ == __bss_end__) || ((__bss_end__ - __RAM_segment_start__) <= __RAM_segment_size__)), error: .bss is too large to fit in RAM memory segment)
                0x20001c24                        __tbss_load_start__ = ALIGN (__bss_end__, 0x4)

.tbss           0x20001c24        0x4
                0x20001c24                        __tbss_start__ = .
 *(.tbss .tbss.*)
 .tbss.errno_val
                0x20001c24        0x4 /usr/share/crossworks_for_arm_5.4/lib/libc_v7em_fpv4_sp_d16_hard_t_le_eabi.a(libc2.o)
                0x20001c28                        __tbss_end__ = (__tbss_start__ + SIZEOF (.tbss))
                0x00000004                        __tbss_size__ = SIZEOF (.tbss)
                0x20001c28                        __tbss_load_end__ = __tbss_end__
                0x00000001                        . = ASSERT (((__tbss_start__ == __tbss_end__) || ((__tbss_end__ - __RAM_segment_start__) <= __RAM_segment_size__)), error: .tbss is too large to fit in RAM memory segment)
                0x0804de54                        __tdata_load_start__ = ALIGN ((__data_load_start__ + SIZEOF (.data)), 0x4)

.tdata          0x20001c28        0x0 load address 0x0804de54
                0x20001c28                        __tdata_start__ = .
 *(.tdata .tdata.*)
                0x20001c28                        __tdata_end__ = (__tdata_start__ + SIZEOF (.tdata))
                0x00000000                        __tdata_size__ = SIZEOF (.tdata)
                0x0804de54                        __tdata_load_end__ = (__tdata_load_start__ + SIZEOF (.tdata))
                0x0804de54                        __FLASH_segment_used_end__ = (ALIGN ((__data_load_start__ + SIZEOF (.data)), 0x4) + SIZEOF (.tdata))
                0x0004de54                        __FLASH_segment_used_size__ = (__FLASH_segment_used_end__ - __FLASH_segment_start__)
                0x00000001                        . = ASSERT (((__tdata_load_start__ == __tdata_load_end__) || ((__tdata_load_end__ - __FLASH_segment_start__) <= __FLASH_segment_size__)), error: .tdata is too large to fit in FLASH memory segment)

.tdata_run      0x20001c28        0x0
                0x20001c28                        __tdata_run_start__ = .
                0x20001c28                        __tdata_run_end__ = (__tdata_run_start__ + SIZEOF (.tdata))
                0x00000000                        __tdata_run_size__ = (__tdata_run_end__ - __tdata_run_start__)
                0x20001c28                        __tdata_run_load_end__ = __tdata_run_end__
                0x00000001                        . = ASSERT (((__tdata_run_start__ == __tdata_run_end__) || ((__tdata_run_end__ - __RAM_segment_start__) <= __RAM_segment_size__)), error: .tdata_run is too large to fit in RAM memory segment)
                0x20001c28                        __non_init_load_start__ = ALIGN (__tdata_run_end__, 0x4)

.non_init       0x20001c28        0x0
                0x20001c28                        __non_init_start__ = .
 *(.non_init .non_init.*)
                0x20001c28                        __non_init_end__ = (__non_init_start__ + SIZEOF (.non_init))
                0x00000000                        __non_init_size__ = SIZEOF (.non_init)
                0x20001c28                        __non_init_load_end__ = __non_init_end__
                0x00000001                        . = ASSERT (((__non_init_start__ == __non_init_end__) || ((__non_init_end__ - __RAM_segment_start__) <= __RAM_segment_size__)), error: .non_init is too large to fit in RAM memory segment)
                0x20001c28                        __noinit_load_start__ = ALIGN (__non_init_end__, 0x4)

.noinit         0x20001c28        0x0
                0x20001c28                        __noinit_start__ = .
 *(.noinit .noinit.*)
                0x20001c28                        __noinit_end__ = (__noinit_start__ + SIZEOF (.noinit))
                0x00000000                        __noinit_size__ = SIZEOF (.noinit)
                0x20001c28                        __noinit_load_end__ = __noinit_end__
                0x00000001                        . = ASSERT (((__noinit_start__ == __noinit_end__) || ((__noinit_end__ - __RAM_segment_start__) <= __RAM_segment_size__)), error: .noinit is too large to fit in RAM memory segment)
                0x20001c28                        __heap_load_start__ = ALIGN (__noinit_end__, 0x8)

.heap           0x20001c28      0x400
                0x20001c28                        __heap_start__ = .
 *(.heap .heap.*)
                0x20002028                        . = ALIGN (MAX ((__heap_start__ + __HEAPSIZE__), .), 0x8)
 *fill*         0x20001c28      0x400 
                0x20002028                        __heap_end__ = (__heap_start__ + SIZEOF (.heap))
                0x00000400                        __heap_size__ = SIZEOF (.heap)
                0x20002028                        __heap_load_end__ = __heap_end__
                0x00000001                        . = ASSERT (((__heap_start__ == __heap_end__) || ((__heap_end__ - __RAM_segment_start__) <= __RAM_segment_size__)), error: .heap is too large to fit in RAM memory segment)
                0x00000001                        . = ASSERT ((__HEAPSIZE__ == ALIGN (__HEAPSIZE__, 0x8)), error: .heap section size does not match alignment)
                0x00000001                        . = ASSERT ((__heap_size__ <= __HEAPSIZE__), error: .heap section is larger than specified size)
                0x20002028                        __stack_load_start__ = ALIGN (__heap_end__, 0x8)

.stack          0x20002028      0x200
                0x20002028                        __stack_start__ = .
 *(.stack .stack.*)
                0x20002228                        . = ALIGN (MAX ((__stack_start__ + __STACKSIZE__), .), 0x8)
 *fill*         0x20002028      0x200 
                0x20002228                        __stack_end__ = (__stack_start__ + SIZEOF (.stack))
                0x00000200                        __stack_size__ = SIZEOF (.stack)
                0x20002228                        __stack_load_end__ = __stack_end__
                0x00000001                        . = ASSERT (((__stack_start__ == __stack_end__) || ((__stack_end__ - __RAM_segment_start__) <= __RAM_segment_size__)), error: .stack is too large to fit in RAM memory segment)
                0x00000001                        . = ASSERT ((__STACKSIZE__ == ALIGN (__STACKSIZE__, 0x8)), error: .stack section size does not match alignment)
                0x00000001                        . = ASSERT ((__stack_size__ <= __STACKSIZE__), error: .stack section is larger than specified size)
                0x20002228                        __stack_process_load_start__ = ALIGN (__stack_end__, 0x8)

.stack_process  0x20002228        0x0
                0x20002228                        __stack_process_start__ = .
 *(.stack_process .stack_process.*)
                0x20002228                        . = ALIGN (MAX ((__stack_process_start__ + __STACKSIZE_PROCESS__), .), 0x8)
                0x20002228                        __stack_process_end__ = (__stack_process_start__ + SIZEOF (.stack_process))
                0x00000000                        __stack_process_size__ = SIZEOF (.stack_process)
                0x20002228                        __stack_process_load_end__ = __stack_process_end__
                0x20002228                        __RAM_segment_used_end__ = (ALIGN (__stack_end__, 0x8) + SIZEOF (.stack_process))
                0x00002228                        __RAM_segment_used_size__ = (__RAM_segment_used_end__ - __RAM_segment_start__)
                0x00000001                        . = ASSERT (((__stack_process_start__ == __stack_process_end__) || ((__stack_process_end__ - __RAM_segment_start__) <= __RAM_segment_size__)), error: .stack_process is too large to fit in RAM memory segment)
                0x00000001                        . = ASSERT ((__STACKSIZE_PROCESS__ == ALIGN (__STACKSIZE_PROCESS__, 0x8)), error: .stack_process section size does not match alignment)
                0x00000001                        . = ASSERT ((__stack_process_size__ <= __STACKSIZE_PROCESS__), error: .stack_process section is larger than specified size)
                0x00000200                        __STACKSIZE__ = 0x200
                0x00000000                        __STACKSIZE_PROCESS__ = 0x0
                0x00000000                        __STACKSIZE_IRQ__ = 0x0
                0x00000000                        __STACKSIZE_FIQ__ = 0x0
                0x00000000                        __STACKSIZE_SVC__ = 0x0
                0x00000000                        __STACKSIZE_ABT__ = 0x0
                0x00000000                        __STACKSIZE_UND__ = 0x0
                0x00000400                        __HEAPSIZE__ = 0x400
                0x00000000                        __do_debug_operation = __do_debug_operation_mempoll
                0x00000000                        __vfprintf = __vfprintf_float_long_long
                0x00000000                        __vfscanf = __vfscanf_long_long
START GROUP
LOAD GD32WavePlayer THUMB Release/system_gd32f30x.o
LOAD GD32WavePlayer THUMB Release/gd32f30x_adc.o
LOAD GD32WavePlayer THUMB Release/gd32f30x_bkp.o
LOAD GD32WavePlayer THUMB Release/gd32f30x_can.o
LOAD GD32WavePlayer THUMB Release/gd32f30x_crc.o
LOAD GD32WavePlayer THUMB Release/gd32f30x_ctc.o
LOAD GD32WavePlayer THUMB Release/gd32f30x_dac.o
LOAD GD32WavePlayer THUMB Release/gd32f30x_dbg.o
LOAD GD32WavePlayer THUMB Release/gd32f30x_dma.o
LOAD GD32WavePlayer THUMB Release/gd32f30x_enet.o
LOAD GD32WavePlayer THUMB Release/gd32f30x_exmc.o
LOAD GD32WavePlayer THUMB Release/gd32f30x_exti.o
LOAD GD32WavePlayer THUMB Release/gd32f30x_fmc.o
LOAD GD32WavePlayer THUMB Release/gd32f30x_fwdgt.o
LOAD GD32WavePlayer THUMB Release/gd32f30x_gpio.o
LOAD GD32WavePlayer THUMB Release/gd32f30x_i2c.o
LOAD GD32WavePlayer THUMB Release/gd32f30x_misc.o
LOAD GD32WavePlayer THUMB Release/gd32f30x_pmu.o
LOAD GD32WavePlayer THUMB Release/gd32f30x_rcu.o
LOAD GD32WavePlayer THUMB Release/gd32f30x_rtc.o
LOAD GD32WavePlayer THUMB Release/gd32f30x_sdio.o
LOAD GD32WavePlayer THUMB Release/gd32f30x_spi.o
LOAD GD32WavePlayer THUMB Release/gd32f30x_timer.o
LOAD GD32WavePlayer THUMB Release/gd32f30x_usart.o
LOAD GD32WavePlayer THUMB Release/gd32f30x_wwdgt.o
LOAD GD32WavePlayer THUMB Release/audio_engine.o
LOAD GD32WavePlayer THUMB Release/dalby_multi.o
LOAD GD32WavePlayer THUMB Release/main.o
LOAD GD32WavePlayer THUMB Release/GD32F30x_XD_Vectors.o
LOAD GD32WavePlayer THUMB Release/GD32F30x_Startup.o
LOAD GD32WavePlayer THUMB Release/thumb_crt0.o
LOAD /usr/share/crossworks_for_arm_5.4/lib/libm_v7em_fpv4_sp_d16_hard_t_le_eabi.a
LOAD /usr/share/crossworks_for_arm_5.4/lib/libc_v7em_fpv4_sp_d16_hard_t_le_eabi.a
LOAD /usr/share/crossworks_for_arm_5.4/lib/libdebugio_v7em_fpv4_sp_d16_hard_t_le_eabi.a
LOAD /usr/share/crossworks_for_arm_5.4/lib/libcm_v7em_fpv4_sp_d16_hard_t_le_eabi.a
END GROUP
OUTPUT(/home/jennifer/repos/GD32WavePlayer/GD32WavePlayer THUMB Release/GD32WavePlayer.elf elf32-littlearm)
LOAD linker stubs

.comment        0x00000000       0x3d
 .comment       0x00000000       0x3d GD32WavePlayer THUMB Release/system_gd32f30x.o
                                 0x3e (size before relaxing)
 .comment       0x0000003d        0x0 GD32WavePlayer THUMB Release/gd32f30x_adc.o
                                 0x3e (size before relaxing)
 .comment       0x0000003d        0x0 GD32WavePlayer THUMB Release/gd32f30x_dma.o
                                 0x3e (size before relaxing)
 .comment       0x0000003d        0x0 GD32WavePlayer THUMB Release/gd32f30x_exti.o
                                 0x3e (size before relaxing)
 .comment       0x0000003d        0x0 GD32WavePlayer THUMB Release/gd32f30x_fmc.o
                                 0x3e (size before relaxing)
 .comment       0x0000003d        0x0 GD32WavePlayer THUMB Release/gd32f30x_gpio.o
                                 0x3e (size before relaxing)
 .comment       0x0000003d        0x0 GD32WavePlayer THUMB Release/gd32f30x_misc.o
                                 0x3e (size before relaxing)
 .comment       0x0000003d        0x0 GD32WavePlayer THUMB Release/gd32f30x_pmu.o
                                 0x3e (size before relaxing)
 .comment       0x0000003d        0x0 GD32WavePlayer THUMB Release/gd32f30x_rcu.o
                                 0x3e (size before relaxing)
 .comment       0x0000003d        0x0 GD32WavePlayer THUMB Release/gd32f30x_spi.o
                                 0x3e (size before relaxing)
 .comment       0x0000003d        0x0 GD32WavePlayer THUMB Release/gd32f30x_timer.o
                                 0x3e (size before relaxing)
 .comment       0x0000003d        0x0 GD32WavePlayer THUMB Release/audio_engine.o
                                 0x3e (size before relaxing)
 .comment       0x0000003d        0x0 GD32WavePlayer THUMB Release/dalby_multi.o
                                 0x3e (size before relaxing)
 .comment       0x0000003d        0x0 GD32WavePlayer THUMB Release/main.o
                                 0x3e (size before relaxing)
 .comment       0x0000003d        0x0 /usr/share/crossworks_for_arm_5.4/lib/libm_v7em_fpv4_sp_d16_hard_t_le_eabi.a(libm2.o)
                                 0x3e (size before relaxing)
 .comment       0x0000003d        0x0 /usr/share/crossworks_for_arm_5.4/lib/libc_v7em_fpv4_sp_d16_hard_t_le_eabi.a(libc2.o)
                                 0x3e (size before relaxing)

.ARM.attributes
                0x00000000       0x34
 .ARM.attributes
                0x00000000       0x36 GD32WavePlayer THUMB Release/system_gd32f30x.o
 .ARM.attributes
                0x00000036       0x36 GD32WavePlayer THUMB Release/gd32f30x_adc.o
 .ARM.attributes
                0x0000006c       0x36 GD32WavePlayer THUMB Release/gd32f30x_dma.o
 .ARM.attributes
                0x000000a2       0x36 GD32WavePlayer THUMB Release/gd32f30x_exti.o
 .ARM.attributes
                0x000000d8       0x36 GD32WavePlayer THUMB Release/gd32f30x_fmc.o
 .ARM.attributes
                0x0000010e       0x36 GD32WavePlayer THUMB Release/gd32f30x_gpio.o
 .ARM.attributes
                0x00000144       0x36 GD32WavePlayer THUMB Release/gd32f30x_misc.o
 .ARM.attributes
                0x0000017a       0x36 GD32WavePlayer THUMB Release/gd32f30x_pmu.o
 .ARM.attributes
                0x000001b0       0x36 GD32WavePlayer THUMB Release/gd32f30x_rcu.o
 .ARM.attributes
                0x000001e6       0x36 GD32WavePlayer THUMB Release/gd32f30x_spi.o
 .ARM.attributes
                0x0000021c       0x36 GD32WavePlayer THUMB Release/gd32f30x_timer.o
 .ARM.attributes
                0x00000252       0x36 GD32WavePlayer THUMB Release/audio_engine.o
 .ARM.attributes
                0x00000288       0x36 GD32WavePlayer THUMB Release/dalby_multi.o
 .ARM.attributes
                0x000002be       0x36 GD32WavePlayer THUMB Release/main.o
 .ARM.attributes
                0x000002f4       0x20 GD32WavePlayer THUMB Release/GD32F30x_XD_Vectors.o
 .ARM.attributes
                0x00000314       0x20 GD32WavePlayer THUMB Release/GD32F30x_Startup.o
 .ARM.attributes
                0x00000334       0x20 GD32WavePlayer THUMB Release/thumb_crt0.o
 .ARM.attributes
                0x00000354       0x36 /usr/share/crossworks_for_arm_5.4/lib/libm_v7em_fpv4_sp_d16_hard_t_le_eabi.a(libm2.o)
 .ARM.attributes
                0x0000038a       0x20 /usr/share/crossworks_for_arm_5.4/lib/libm_v7em_fpv4_sp_d16_hard_t_le_eabi.a(libm2_asm.o)
 .ARM.attributes
                0x000003aa       0x20 /usr/share/crossworks_for_arm_5.4/lib/libc_v7em_fpv4_sp_d16_hard_t_le_eabi.a(libc_asm.o)
 .ARM.attributes
                0x000003ca       0x36 /usr/share/crossworks_for_arm_5.4/lib/libc_v7em_fpv4_sp_d16_hard_t_le_eabi.a(libc2.o)
 .ARM.attributes
                0x00000400       0x20 /usr/share/crossworks_for_arm_5.4/lib/libc_v7em_fpv4_sp_d16_hard_t_le_eabi.a(libc2_asm.o)
